Archive member included to satisfy reference by file (symbol)

/d/download/riscv64-unknown-elf-gcc-8.2.0-2019.05.3-x86_64-linux-ubuntu14/bin/../lib/gcc/riscv64-unknown-elf/8.2.0/../../../../riscv64-unknown-elf/lib/rv32imafc/ilp32f/libc.a(lib_a-memmove.o)
                              out/BSP/Common/xz/xz_dec_lzma2.o (memmove)
/d/download/riscv64-unknown-elf-gcc-8.2.0-2019.05.3-x86_64-linux-ubuntu14/bin/../lib/gcc/riscv64-unknown-elf/8.2.0/rv32imafc/ilp32f/libgcc.a(_clzsi2.o)
                              out/3rdParty/FreeRTOS/Source/tasks.o (__clzsi2)
/d/download/riscv64-unknown-elf-gcc-8.2.0-2019.05.3-x86_64-linux-ubuntu14/bin/../lib/gcc/riscv64-unknown-elf/8.2.0/rv32imafc/ilp32f/libgcc.a(_udivdi3.o)
                              out/BSP/Common/libc/vsnprintf.o (__udivdi3)
/d/download/riscv64-unknown-elf-gcc-8.2.0-2019.05.3-x86_64-linux-ubuntu14/bin/../lib/gcc/riscv64-unknown-elf/8.2.0/rv32imafc/ilp32f/libgcc.a(_umoddi3.o)
                              out/BSP/Common/libc/vsnprintf.o (__umoddi3)
/d/download/riscv64-unknown-elf-gcc-8.2.0-2019.05.3-x86_64-linux-ubuntu14/bin/../lib/gcc/riscv64-unknown-elf/8.2.0/rv32imafc/ilp32f/libgcc.a(adddf3.o)
                              out/BSP/RFDriver/bl602_rf_private.o (__adddf3)
/d/download/riscv64-unknown-elf-gcc-8.2.0-2019.05.3-x86_64-linux-ubuntu14/bin/../lib/gcc/riscv64-unknown-elf/8.2.0/rv32imafc/ilp32f/libgcc.a(divdf3.o)
                              out/BSP/Common/libc/atof.o (__divdf3)
/d/download/riscv64-unknown-elf-gcc-8.2.0-2019.05.3-x86_64-linux-ubuntu14/bin/../lib/gcc/riscv64-unknown-elf/8.2.0/rv32imafc/ilp32f/libgcc.a(gedf2.o)
                              out/3rdParty/FreeRTOS/Demo/Common/Full/flop.o (__gtdf2)
/d/download/riscv64-unknown-elf-gcc-8.2.0-2019.05.3-x86_64-linux-ubuntu14/bin/../lib/gcc/riscv64-unknown-elf/8.2.0/rv32imafc/ilp32f/libgcc.a(muldf3.o)
                              out/BSP/StdDriver/bl602_adc.o (__muldf3)
/d/download/riscv64-unknown-elf-gcc-8.2.0-2019.05.3-x86_64-linux-ubuntu14/bin/../lib/gcc/riscv64-unknown-elf/8.2.0/rv32imafc/ilp32f/libgcc.a(fixdfsi.o)
                              out/BSP/RFDriver/bl602_rf_private.o (__fixdfsi)
/d/download/riscv64-unknown-elf-gcc-8.2.0-2019.05.3-x86_64-linux-ubuntu14/bin/../lib/gcc/riscv64-unknown-elf/8.2.0/rv32imafc/ilp32f/libgcc.a(fixunsdfsi.o)
                              out/BSP/RFDriver/bl602_rf_private.o (__fixunsdfsi)
/d/download/riscv64-unknown-elf-gcc-8.2.0-2019.05.3-x86_64-linux-ubuntu14/bin/../lib/gcc/riscv64-unknown-elf/8.2.0/rv32imafc/ilp32f/libgcc.a(floatsidf.o)
                              out/BSP/StdDriver/bl602_adc.o (__floatsidf)
/d/download/riscv64-unknown-elf-gcc-8.2.0-2019.05.3-x86_64-linux-ubuntu14/bin/../lib/gcc/riscv64-unknown-elf/8.2.0/rv32imafc/ilp32f/libgcc.a(floatunsidf.o)
                              out/BSP/RFDriver/bl602_rf_private.o (__floatunsidf)
/d/download/riscv64-unknown-elf-gcc-8.2.0-2019.05.3-x86_64-linux-ubuntu14/bin/../lib/gcc/riscv64-unknown-elf/8.2.0/rv32imafc/ilp32f/libgcc.a(extendsfdf2.o)
                              out/BSP/StdDriver/bl602_adc.o (__extendsfdf2)
/d/download/riscv64-unknown-elf-gcc-8.2.0-2019.05.3-x86_64-linux-ubuntu14/bin/../lib/gcc/riscv64-unknown-elf/8.2.0/rv32imafc/ilp32f/libgcc.a(truncdfsf2.o)
                              out/BSP/StdDriver/bl602_adc.o (__truncdfsf2)
/d/download/riscv64-unknown-elf-gcc-8.2.0-2019.05.3-x86_64-linux-ubuntu14/bin/../lib/gcc/riscv64-unknown-elf/8.2.0/rv32imafc/ilp32f/libgcc.a(_clz.o)
                              /d/download/riscv64-unknown-elf-gcc-8.2.0-2019.05.3-x86_64-linux-ubuntu14/bin/../lib/gcc/riscv64-unknown-elf/8.2.0/rv32imafc/ilp32f/libgcc.a(_clzsi2.o) (__clz_tab)

Discarded input sections

 .group         0x0000000000000000        0xc out/Examples/BLSP_Boot2/blsp_boot2.o
 .group         0x0000000000000000        0xc out/Examples/BLSP_Boot2/blsp_boot2.o
 .group         0x0000000000000000        0xc out/Examples/BLSP_Boot2/blsp_boot2.o
 .group         0x0000000000000000        0xc out/Examples/BLSP_Boot2/blsp_boot2.o
 .group         0x0000000000000000        0xc out/Examples/BLSP_Boot2/blsp_boot2.o
 .group         0x0000000000000000        0xc out/Examples/BLSP_Boot2/blsp_boot2.o
 .group         0x0000000000000000        0xc out/Examples/BLSP_Boot2/blsp_boot2.o
 .group         0x0000000000000000        0xc out/Examples/BLSP_Boot2/blsp_boot2.o
 .group         0x0000000000000000        0xc out/Examples/BLSP_Boot2/blsp_boot2.o
 .group         0x0000000000000000        0xc out/Examples/BLSP_Boot2/blsp_boot2.o
 .group         0x0000000000000000        0xc out/Examples/BLSP_Boot2/blsp_boot2.o
 .group         0x0000000000000000        0xc out/Examples/BLSP_Boot2/blsp_boot2.o
 .group         0x0000000000000000        0xc out/Examples/BLSP_Boot2/blsp_boot2.o
 .group         0x0000000000000000        0xc out/Examples/BLSP_Boot2/blsp_boot2.o
 .group         0x0000000000000000        0xc out/Examples/BLSP_Boot2/blsp_boot2.o
[...]
Memory Configuration

Name             Origin             Length             Attributes
xip_memory       0x0000000023000000 0x000000000000c000 xr
itcm_memory      0x0000000022010000 0x0000000000004000 xr
ocram_memory     0x0000000042020000 0x0000000000018000 !xr
*default*        0x0000000000000000 0xffffffffffffffff

Linker script and memory map

LOAD out/Examples/BLSP_Boot2/blsp_boot2.o
LOAD out/Examples/BLSP_Boot2/blsp_common.o
LOAD out/Examples/BLSP_Boot2/blsp_media_boot.o
LOAD out/Examples/BLSP_Boot2/blsp_boot_parser.o
LOAD out/Examples/BLSP_Boot2/blsp_boot_decompress.o
LOAD out/Examples/BLSP_Boot2/blsp_port.o
LOAD out/startup/system_bl602.o
LOAD out/startup/GCC/start_load.o
LOAD out/startup/interrupt.o
LOAD out/startup/GCC/entry.o
LOAD out/BSP/StdDriver/bl602_common.o
LOAD out/BSP/StdDriver/bl602_uart.o
LOAD out/BSP/StdDriver/bl602_dma.o
LOAD out/BSP/StdDriver/bl602_glb.o
LOAD out/BSP/StdDriver/bl602_timer.o
LOAD out/BSP/StdDriver/bl602_ef_ctrl.o
LOAD out/BSP/StdDriver/bl602_aon.o
LOAD out/BSP/StdDriver/bl602_hbn.o
LOAD out/BSP/StdDriver/bl602_sec_eng.o
LOAD out/BSP/StdDriver/bl602_sdu.o
LOAD out/BSP/StdDriver/bl602_dac.o
LOAD out/BSP/StdDriver/bl602_l1c.o
LOAD out/BSP/StdDriver/bl602_pwm.o
LOAD out/BSP/StdDriver/bl602_i2c.o
LOAD out/BSP/StdDriver/bl602_sec_dbg.o
LOAD out/BSP/StdDriver/bl602_ir.o
LOAD out/BSP/StdDriver/bl602_spi.o
LOAD out/BSP/StdDriver/bl602_pds.o
LOAD out/BSP/StdDriver/bl602_tzc_sec.o
LOAD out/BSP/StdDriver/bl602_adc.o
LOAD out/BSP/StdDriver/bl602_acomp.o
LOAD out/BSP/StdDriver/bl602_romapi.o
LOAD out/BSP/StdDriver/bl602_sflash_ext.o
LOAD out/BSP/StdDriver/bl602_sf_cfg_ext.o
LOAD out/BSP/RFDriver/bl602_rf_private.o
LOAD out/BSP/RFDriver/bl602_calib_data.o
LOAD out/BSP/Common/cipher_suite/bflb_crypt.o
LOAD out/BSP/Common/cipher_suite/bflb_hash.o
LOAD out/BSP/Common/cipher_suite/bflb_ecdsa.o
LOAD out/BSP/Common/cipher_suite/bflb_dsa.o
LOAD out/BSP/Common/libc/atof.o
LOAD out/BSP/Common/libc/atoi.o
LOAD out/BSP/Common/libc/atol.o
LOAD out/BSP/Common/libc/atoll.o
LOAD out/BSP/Common/libc/jrand48.o
LOAD out/BSP/Common/libc/lrand48.o
LOAD out/BSP/Common/libc/mrand48.o
LOAD out/BSP/Common/libc/nrand48.o
LOAD out/BSP/Common/libc/seed48.o
LOAD out/BSP/Common/libc/srand48.o
LOAD out/BSP/Common/libc/memccpy.o
LOAD out/BSP/Common/libc/memcpy.o
LOAD out/BSP/Common/libc/memset.o
LOAD out/BSP/Common/libc/memswap.o
LOAD out/BSP/Common/libc/memchr.o
LOAD out/BSP/Common/libc/memrchr.o
LOAD out/BSP/Common/libc/memmem.o
LOAD out/BSP/Common/libc/memcmp.o
LOAD out/BSP/Common/libc/bsearch.o
LOAD out/BSP/Common/libc/qsort.o
LOAD out/BSP/Common/libc/fnmatch.o
LOAD out/BSP/Common/libc/snprintf.o
LOAD out/BSP/Common/libc/sprintf.o
LOAD out/BSP/Common/libc/sscanf.o
LOAD out/BSP/Common/libc/vsnprintf.o
LOAD out/BSP/Common/libc/vsprintf.o
LOAD out/BSP/Common/libc/vsscanf.o
LOAD out/BSP/Common/libc/strcmp.o
LOAD out/BSP/Common/libc/strncmp.o
LOAD out/BSP/Common/libc/strcasecmp.o
LOAD out/BSP/Common/libc/strncasecmp.o
LOAD out/BSP/Common/libc/strcpy.o
LOAD out/BSP/Common/libc/strlcpy.o
LOAD out/BSP/Common/libc/strncpy.o
LOAD out/BSP/Common/libc/strcat.o
LOAD out/BSP/Common/libc/strlcat.o
LOAD out/BSP/Common/libc/strncat.o
LOAD out/BSP/Common/libc/strlen.o
LOAD out/BSP/Common/libc/strnlen.o
LOAD out/BSP/Common/libc/strchr.o
LOAD out/BSP/Common/libc/strrchr.o
LOAD out/BSP/Common/libc/strsep.o
LOAD out/BSP/Common/libc/strstr.o
LOAD out/BSP/Common/libc/strcspn.o
LOAD out/BSP/Common/libc/strspn.o
LOAD out/BSP/Common/libc/strxspn.o
LOAD out/BSP/Common/libc/strpbrk.o
LOAD out/BSP/Common/libc/strtok.o
LOAD out/BSP/Common/libc/strtok_r.o
LOAD out/BSP/Common/libc/strtol.o
LOAD out/BSP/Common/libc/strtoll.o
LOAD out/BSP/Common/libc/strtoul.o
LOAD out/BSP/Common/libc/strtoull.o
LOAD out/BSP/Common/libc/strtoimax.o
LOAD out/BSP/Common/libc/strtoumax.o
LOAD out/BSP/Common/libc/strntoimax.o
LOAD out/BSP/Common/libc/strntoumax.o
LOAD out/BSP/Common/libc/stdlib.o
LOAD out/BSP/Common/libc/common.o
LOAD out/BSP/Common/libc/ctype_isalnum.o
LOAD out/BSP/Common/libc/ctype_isalpha.o
LOAD out/BSP/Common/libc/ctype_isascii.o
LOAD out/BSP/Common/libc/ctype_isblank.o
LOAD out/BSP/Common/libc/ctype_iscntrl.o
LOAD out/BSP/Common/libc/ctype_isdigit.o
LOAD out/BSP/Common/libc/ctype_isgraph.o
LOAD out/BSP/Common/libc/ctype_ispunct.o
LOAD out/BSP/Common/libc/ctype_islower.o
LOAD out/BSP/Common/libc/ctype_isprint.o
LOAD out/BSP/Common/libc/ctype_isspace.o
LOAD out/BSP/Common/libc/ctype_isupper.o
LOAD out/BSP/Common/libc/ctype_tolower.o
LOAD out/BSP/Common/libc/ctype_toupper.o
LOAD out/BSP/Common/libc/ctype_isxdigit.o
LOAD out/BSP/Common/libc/ctypes.o
LOAD out/BSP/Common/partition/partition.o
LOAD out/BSP/Common/platform_print/platform_device.o
LOAD out/BSP/Common/platform_print/platform_gpio.o
LOAD out/BSP/Common/ring_buffer/ring_buffer.o
LOAD out/BSP/Common/soft_crc/softcrc.o
LOAD out/BSP/Common/xz/xz_crc32.o
LOAD out/BSP/Common/xz/xz_dec_lzma2.o
LOAD out/BSP/Common/xz/xz_dec_stream.o
LOAD out/BSP/Common/xz/xz_decompress.o
LOAD out/BSP/Common/xz/xz_port.o
LOAD out/3rdParty/FreeRTOS/Source/tasks.o
LOAD out/3rdParty/FreeRTOS/Source/list.o
LOAD out/3rdParty/FreeRTOS/Source/queue.o
LOAD out/3rdParty/FreeRTOS/Source/timers.o
LOAD out/3rdParty/FreeRTOS/Source/stream_buffer.o
LOAD out/3rdParty/FreeRTOS/Source/croutine.o
LOAD out/3rdParty/FreeRTOS/Source/portable/GCC/RISC-V/port.o
LOAD out/3rdParty/FreeRTOS/Source/portable/MemMang/heap_4.o
LOAD out/3rdParty/FreeRTOS/Demo/Common/Full/BlockQ.o
LOAD out/3rdParty/FreeRTOS/Demo/Common/Full/events.o
LOAD out/3rdParty/FreeRTOS/Demo/Common/Full/flash.o
LOAD out/3rdParty/FreeRTOS/Demo/Common/Full/comtest.o
LOAD out/3rdParty/FreeRTOS/Demo/Common/Full/flop.o
LOAD out/3rdParty/FreeRTOS/Demo/Common/Full/integer.o
LOAD out/3rdParty/FreeRTOS/Demo/Common/Full/death.o
LOAD out/3rdParty/FreeRTOS/Demo/Common/Full/PollQ.o
LOAD out/3rdParty/FreeRTOS/Demo/Common/Full/print.o
LOAD out/3rdParty/FreeRTOS/Demo/Common/Full/dynamic.o
LOAD out/3rdParty/FreeRTOS/Demo/Common/Full/semtest.o
LOAD out/3rdParty/FreeRTOS/Demo/Common/Minimal/blocktim.o
LOAD out/3rdParty/FreeRTOS/Demo/Common/Minimal/countsem.o
LOAD out/3rdParty/FreeRTOS/Demo/Common/Minimal/GenQTest.o
LOAD out/3rdParty/FreeRTOS/Demo/Common/Minimal/recmutex.o
LOAD out/3rdParty/FreeRTOS/Demo/Common/Minimal/TaskNotify.o
LOAD out/3rdParty/FreeRTOS/Source/portable/GCC/RISC-V/portASM.o
LOAD /d/download/riscv64-unknown-elf-gcc-8.2.0-2019.05.3-x86_64-linux-ubuntu14/bin/../lib/gcc/riscv64-unknown-elf/8.2.0/../../../../riscv64-unknown-elf/lib/rv32imafc/ilp32f/libc.a
LOAD /d/download/riscv64-unknown-elf-gcc-8.2.0-2019.05.3-x86_64-linux-ubuntu14/bin/../lib/gcc/riscv64-unknown-elf/8.2.0/../../../../riscv64-unknown-elf/lib/rv32imafc/ilp32f/libm.a
LOAD /d/download/riscv64-unknown-elf-gcc-8.2.0-2019.05.3-x86_64-linux-ubuntu14/bin/../lib/gcc/riscv64-unknown-elf/8.2.0/rv32imafc/ilp32f/libgcc.a
START GROUP
LOAD /d/download/riscv64-unknown-elf-gcc-8.2.0-2019.05.3-x86_64-linux-ubuntu14/bin/../lib/gcc/riscv64-unknown-elf/8.2.0/../../../../riscv64-unknown-elf/lib/rv32imafc/ilp32f/libc.a
LOAD /d/download/riscv64-unknown-elf-gcc-8.2.0-2019.05.3-x86_64-linux-ubuntu14/bin/../lib/gcc/riscv64-unknown-elf/8.2.0/../../../../riscv64-unknown-elf/lib/rv32imafc/ilp32f/libgloss.a
END GROUP
LOAD /d/download/riscv64-unknown-elf-gcc-8.2.0-2019.05.3-x86_64-linux-ubuntu14/bin/../lib/gcc/riscv64-unknown-elf/8.2.0/rv32imafc/ilp32f/libgcc.a
LOAD /d/download/riscv64-unknown-elf-gcc-8.2.0-2019.05.3-x86_64-linux-ubuntu14/bin/../lib/gcc/riscv64-unknown-elf/8.2.0/../../../../riscv64-unknown-elf/lib/rv32imafc/ilp32f/libc.a
LOAD /d/download/riscv64-unknown-elf-gcc-8.2.0-2019.05.3-x86_64-linux-ubuntu14/bin/../lib/gcc/riscv64-unknown-elf/8.2.0/rv32imafc/ilp32f/libgcc.a
                0x0000000000000400                StackSize = 0x400
                0x0000000000000000                PROVIDE (__metal_chicken_bit = 0x0)

.text           0x0000000023000000     0x7c80
 *(.text.metal.init.enter)
 .text.metal.init.enter
                0x0000000023000000       0x86 out/startup/GCC/entry.o
                0x0000000023000000                _enter
 *(SORT_NONE(.init))
 *fill*         0x0000000023000086       0x3a 
 .init          0x00000000230000c0      0x142 out/startup/interrupt.o
                0x00000000230000c0                __Vectors
 *(.text)
 .text          0x0000000023000202       0x4a /d/download/riscv64-unknown-elf-gcc-8.2.0-2019.05.3-x86_64-linux-ubuntu14/bin/../lib/gcc/riscv64-unknown-elf/8.2.0/../../../../riscv64-unknown-elf/lib/rv32imafc/ilp32f/libc.a(lib_a-memmove.o)
                0x0000000023000202                memmove
 .text          0x000000002300024c      0x35e /d/download/riscv64-unknown-elf-gcc-8.2.0-2019.05.3-x86_64-linux-ubuntu14/bin/../lib/gcc/riscv64-unknown-elf/8.2.0/rv32imafc/ilp32f/libgcc.a(_udivdi3.o)
                0x000000002300024c                __udivdi3
 .text          0x00000000230005aa      0x352 /d/download/riscv64-unknown-elf-gcc-8.2.0-2019.05.3-x86_64-linux-ubuntu14/bin/../lib/gcc/riscv64-unknown-elf/8.2.0/rv32imafc/ilp32f/libgcc.a(_umoddi3.o)
                0x00000000230005aa                __umoddi3
 *(.text.*)
 .text.PtTable_Flash_Read
                0x00000000230008fc       0x1e out/Examples/BLSP_Boot2/blsp_boot2.o
 .text.PtTable_Flash_Write
                0x000000002300091a       0x1e out/Examples/BLSP_Boot2/blsp_boot2.o
 .text.PtTable_Flash_Erase
                0x0000000023000938       0x1c out/Examples/BLSP_Boot2/blsp_boot2.o
 .text.BLSP_Boot2_Deal_One_FW
                0x0000000023000954      0x1fe out/Examples/BLSP_Boot2/blsp_boot2.o
 .text.startup.main
                0x0000000023000b52      0x4ec out/Examples/BLSP_Boot2/blsp_boot2.o
                0x0000000023000b52                main
 .text.BLSP_Dump_Data
                0x000000002300103e       0x60 out/Examples/BLSP_Boot2/blsp_common.o
                0x000000002300103e                BLSP_Dump_Data
 .text.BLSP_MediaBoot_Pre_Jump
                0x000000002300109e       0x1c out/Examples/BLSP_Boot2/blsp_common.o
                0x000000002300109e                BLSP_MediaBoot_Pre_Jump
 .text.BLSP_MediaBoot_Read_Signaure
                0x00000000230010ba       0x6e out/Examples/BLSP_Boot2/blsp_media_boot.o
 .text.BLSP_MediaBoot_Main
                0x0000000023001128      0x478 out/Examples/BLSP_Boot2/blsp_media_boot.o
                0x0000000023001128                BLSP_MediaBoot_Main
 .text.BLSP_Boot_Parse_BootHeader
                0x00000000230015a0      0x230 out/Examples/BLSP_Boot2/blsp_boot_parser.o
                0x00000000230015a0                BLSP_Boot_Parse_BootHeader
 .text.BLSP_Boot_Parse_PKey
                0x00000000230017d0      0x10c out/Examples/BLSP_Boot2/blsp_boot_parser.o
                0x00000000230017d0                BLSP_Boot_Parse_PKey
 .text.BLSP_Boot_Parse_Signature
                0x00000000230018dc       0xca out/Examples/BLSP_Boot2/blsp_boot_parser.o
                0x00000000230018dc                BLSP_Boot_Parse_Signature
 .text.BLSP_Boot_Parse_AesIv
                0x00000000230019a6       0x7e out/Examples/BLSP_Boot2/blsp_boot_parser.o
                0x00000000230019a6                BLSP_Boot_Parse_AesIv
 .text.BLSP_Boot_Parser_Check_Signature
                0x0000000023001a24       0xbc out/Examples/BLSP_Boot2/blsp_boot_parser.o
                0x0000000023001a24                BLSP_Boot_Parser_Check_Signature
 .text.BLSP_Boot_Parser_Check_Hash
                0x0000000023001ae0       0x6c out/Examples/BLSP_Boot2/blsp_boot_parser.o
                0x0000000023001ae0                BLSP_Boot_Parser_Check_Hash
 .text.BLSP_Boot2_Fw_Decompress
                0x0000000023001b4c      0x1ee out/Examples/BLSP_Boot2/blsp_boot_decompress.o
 .text.BLSP_Boot2_Update_Fw
                0x0000000023001d3a       0xca out/Examples/BLSP_Boot2/blsp_boot_decompress.o
                0x0000000023001d3a                BLSP_Boot2_Update_Fw
 .text.BLSP_Boot2_Verify_XZ_Header
                0x0000000023001e04       0x34 out/Examples/BLSP_Boot2/blsp_boot_decompress.o
                0x0000000023001e04                BLSP_Boot2_Verify_XZ_Header
 .text.BLSP_Boot2_Disable_Other_Cache
                0x0000000023001e38        0x2 out/Examples/BLSP_Boot2/blsp_port.o
                0x0000000023001e38                BLSP_Boot2_Disable_Other_Cache
 .text.BLSP_Boot2_Flush_XIP_Cache
                0x0000000023001e3a        0x8 out/Examples/BLSP_Boot2/blsp_port.o
                0x0000000023001e3a                BLSP_Boot2_Flush_XIP_Cache
 .text.BLSP_Boot2_Show_Timer
                0x0000000023001e42       0x1a out/Examples/BLSP_Boot2/blsp_port.o
                0x0000000023001e42                BLSP_Boot2_Show_Timer
 .text.BLSP_Boot2_Reset_Sec_Eng
                0x0000000023001e5c        0x6 out/Examples/BLSP_Boot2/blsp_port.o
                0x0000000023001e5c                BLSP_Boot2_Reset_Sec_Eng
 .text.BLSP_Boot2_Init_Sec_Eng_PKA
                0x0000000023001e62       0x10 out/Examples/BLSP_Boot2/blsp_port.o
                0x0000000023001e62                BLSP_Boot2_Init_Sec_Eng_PKA
 .text.BLSP_Boot2_Get_CPU_Count
                0x0000000023001e72        0x4 out/Examples/BLSP_Boot2/blsp_port.o
                0x0000000023001e72                BLSP_Boot2_Get_CPU_Count
 .text.BLSP_Read_Power_Save_Mode
                0x0000000023001e76       0x1c out/Examples/BLSP_Boot2/blsp_port.o
                0x0000000023001e76                BLSP_Read_Power_Save_Mode
 .text.BLSP_Boot2_Pass_Parameter
                0x0000000023001e92       0x4a out/Examples/BLSP_Boot2/blsp_port.o
                0x0000000023001e92                BLSP_Boot2_Pass_Parameter
 .text.BLSP_Get_User_Specified_Fw
                0x0000000023001edc        0xa out/Examples/BLSP_Boot2/blsp_port.o
                0x0000000023001edc                BLSP_Get_User_Specified_Fw
 .text.BLSP_Clr_User_Specified_Fw
                0x0000000023001ee6        0xa out/Examples/BLSP_Boot2/blsp_port.o
                0x0000000023001ee6                BLSP_Clr_User_Specified_Fw
 .text.BLSP_Is_MSP_Valid
                0x0000000023001ef0       0x2a out/Examples/BLSP_Boot2/blsp_port.o
                0x0000000023001ef0                BLSP_Is_MSP_Valid
 .text.BLSP_Is_PC_Valid
                0x0000000023001f1a       0x3c out/Examples/BLSP_Boot2/blsp_port.o
                0x0000000023001f1a                BLSP_Is_PC_Valid
 .text.BLSP_Fix_Invalid_MSP_PC
                0x0000000023001f56       0x42 out/Examples/BLSP_Boot2/blsp_port.o
                0x0000000023001f56                BLSP_Fix_Invalid_MSP_PC
 .text.bflb_platform_init_uart_debug_gpio
                0x0000000023001f98       0x42 out/Examples/BLSP_Boot2/blsp_port.o
                0x0000000023001f98                bflb_platform_init_uart_debug_gpio
 .text.bflb_platform_deinit_uart_debug_gpio
                0x0000000023001fda       0x48 out/Examples/BLSP_Boot2/blsp_port.o
                0x0000000023001fda                bflb_platform_deinit_uart_debug_gpio
 .text.SystemInit
                0x0000000023002022       0x3e out/startup/system_bl602.o
                0x0000000023002022                SystemInit
 .text.start_load
                0x0000000023002060       0xe6 out/startup/GCC/start_load.o
                0x0000000023002060                start_load
 .text.Default_Handler_Stub
                0x0000000023002146       0x9a out/startup/interrupt.o
                0x0000000023002146                HBN_OUT0_IRQHandler
                0x0000000023002146                L1C_BMX_TO_IRQHandler
                0x0000000023002146                IRTX_IRQHandler
                0x0000000023002146                TIMER_CH0_IRQHandler
                0x0000000023002146                SDIO_IRQHandler
                0x0000000023002146                WIFI_IPC_PUBLIC_IRQHandler
                0x0000000023002146                UART1_IRQHandler
                0x0000000023002146                DMA_BMX_ERR_IRQHandler
                0x0000000023002146                UART0_IRQHandler
                0x0000000023002146                MAC_RX_TRG_IRQHandler
                0x0000000023002146                EFUSE_IRQHandler
                0x0000000023002146                TIMER_WDT_IRQHandler
                0x0000000023002146                MAC_TXRX_TIMER_IRQHandler
                0x0000000023002146                MAC_GEN_IRQHandler
                0x0000000023002146                clic_csoft_handler
                0x0000000023002146                BOR_IRQHandler
                0x0000000023002146                MAC_PORT_TRG_IRQHandler
                0x0000000023002146                SPI_IRQHandler
                0x0000000023002146                HBN_OUT1_IRQHandler
                0x0000000023002146                SEC_BMX_ERR_IRQHandler
                0x0000000023002146                SF_CTRL_IRQHandler
                0x0000000023002146                RF_TOP_INT0_IRQHandler
                0x0000000023002146                MAC_TXRX_MISC_IRQHandler
                0x0000000023002146                BZ_PHY_IRQHandler
                0x0000000023002146                DMA_ALL_IRQHandler
                0x0000000023002146                SEC_GMAC_IRQHandler
                0x0000000023002146                BMX_ERR_IRQHandler
                0x0000000023002146                SEC_PKA_IRQHandler
                0x0000000023002146                TIMER_CH1_IRQHandler
                0x0000000023002146                clic_msip_handler
                0x0000000023002146                I2C_IRQHandler
                0x0000000023002146                SEC_TRNG_IRQHandler
                0x0000000023002146                GPIO_INT0_IRQHandler
                0x0000000023002146                IRRX_IRQHandler
                0x0000000023002146                L1C_BMX_ERR_IRQHandler
                0x0000000023002146                BMX_TO_IRQHandler
                0x0000000023002146                SEC_CDET_IRQHandler
                0x0000000023002146                WIFI_IRQHandler
                0x0000000023002146                clic_mtimer_handler
                0x0000000023002146                PDS_WAKEUP_IRQHandler
                0x0000000023002146                GPADC_DMA_IRQHandler
                0x0000000023002146                BLE_IRQHandler
                0x0000000023002146                PWM_IRQHandler
                0x0000000023002146                MAC_TX_TRG_IRQHandler
                0x0000000023002146                clic_mext_handler
                0x0000000023002146                RF_TOP_INT1_IRQHandler
                0x0000000023002146                SEC_AES_IRQHandler
                0x0000000023002146                SEC_SHA_IRQHandler
                0x0000000023002146                Default_Handler_Stub
 *fill*         0x00000000230021e0       0x20 
 .text.Trap_Handler_Stub
                0x0000000023002200       0xbc out/startup/interrupt.o
                0x0000000023002200                Trap_Handler_Stub
 .text.clic_enable_interrupt
                0x00000000230022bc       0x12 out/startup/interrupt.o
                0x00000000230022bc                clic_enable_interrupt
 .text.clic_disable_interrupt
                0x00000000230022ce       0x10 out/startup/interrupt.o
                0x00000000230022ce                clic_disable_interrupt
 .text.Default_Handler
                0x00000000230022de        0xc out/BSP/StdDriver/bl602_common.o
                0x00000000230022de                Default_Handler
 .text.Trap_Handler
                0x00000000230022ea       0xfa out/BSP/StdDriver/bl602_common.o
                0x00000000230022ea                Trap_Handler
 .text.UART_Init
                0x00000000230023e4       0xf6 out/BSP/StdDriver/bl602_uart.o
                0x00000000230023e4                UART_Init
 .text.UART_FifoConfig
                0x00000000230024da       0x6a out/BSP/StdDriver/bl602_uart.o
                0x00000000230024da                UART_FifoConfig
 .text.UART_Enable
                0x0000000023002544       0x34 out/BSP/StdDriver/bl602_uart.o
                0x0000000023002544                UART_Enable
 .text.UART_Disable
                0x0000000023002578       0x30 out/BSP/StdDriver/bl602_uart.o
                0x0000000023002578                UART_Disable
 .text.UART_SetRxTimeoutValue
                0x00000000230025a8       0x1e out/BSP/StdDriver/bl602_uart.o
                0x00000000230025a8                UART_SetRxTimeoutValue
 .text.UART_TxFreeRun
                0x00000000230025c6       0x28 out/BSP/StdDriver/bl602_uart.o
                0x00000000230025c6                UART_TxFreeRun
 .text.UART_IntMask
                0x00000000230025ee       0x48 out/BSP/StdDriver/bl602_uart.o
                0x00000000230025ee                UART_IntMask
 .text.UART_Int_Callback_Install
                0x0000000023002636        0x4 out/BSP/StdDriver/bl602_uart.o
                0x0000000023002636                UART_Int_Callback_Install
 .text.UART_SendData
                0x000000002300263a       0x50 out/BSP/StdDriver/bl602_uart.o
                0x000000002300263a                UART_SendData
 .text.UART_ReceiveData
                0x000000002300268a       0x4e out/BSP/StdDriver/bl602_uart.o
                0x000000002300268a                UART_ReceiveData
 .text.UART_GetRxFifoCount
                0x00000000230026d8       0x1a out/BSP/StdDriver/bl602_uart.o
                0x00000000230026d8                UART_GetRxFifoCount
 .text.GLB_Set_UART_CLK
                0x00000000230026f2       0x3e out/BSP/StdDriver/bl602_glb.o
                0x00000000230026f2                GLB_Set_UART_CLK
 .text.GLB_AHB_Slave1_Reset
                0x0000000023002730       0x34 out/BSP/StdDriver/bl602_glb.o
                0x0000000023002730                GLB_AHB_Slave1_Reset
 .text.GLB_Set_EM_Sel
                0x0000000023002764       0x10 out/BSP/StdDriver/bl602_glb.o
                0x0000000023002764                GLB_Set_EM_Sel
 .text.GLB_UART_Sig_Swap_Set
                0x0000000023002774       0x1c out/BSP/StdDriver/bl602_glb.o
                0x0000000023002774                GLB_UART_Sig_Swap_Set
 .text.GLB_JTAG_Sig_Swap_Set
                0x0000000023002790       0x1a out/BSP/StdDriver/bl602_glb.o
                0x0000000023002790                GLB_JTAG_Sig_Swap_Set
 .text.GLB_Set_MTimer_CLK
                0x00000000230027aa       0x4a out/BSP/StdDriver/bl602_glb.o
                0x00000000230027aa                GLB_Set_MTimer_CLK
 .text.GLB_UART_Fun_Sel
                0x00000000230027f4       0x24 out/BSP/StdDriver/bl602_glb.o
                0x00000000230027f4                GLB_UART_Fun_Sel
 .text.EF_Ctrl_Read_Secure_Boot
                0x0000000023002818       0x40 out/BSP/StdDriver/bl602_ef_ctrl.o
                0x0000000023002818                EF_Ctrl_Read_Secure_Boot
 .text.EF_Ctrl_Read_Sw_Usage
                0x0000000023002858       0x30 out/BSP/StdDriver/bl602_ef_ctrl.o
                0x0000000023002858                EF_Ctrl_Read_Sw_Usage
 .text.EF_Ctrl_Read_MAC_Address
                0x0000000023002888       0xba out/BSP/StdDriver/bl602_ef_ctrl.o
                0x0000000023002888                EF_Ctrl_Read_MAC_Address
 .text.EF_Ctrl_Read_Chip_ID
                0x0000000023002942        0xa out/BSP/StdDriver/bl602_ef_ctrl.o
                0x0000000023002942                EF_Ctrl_Read_Chip_ID
 .text.EF_Ctrl_Read_AES_Key
                0x000000002300294c       0x40 out/BSP/StdDriver/bl602_ef_ctrl.o
                0x000000002300294c                EF_Ctrl_Read_AES_Key
 .text.HBN_Set_UART_CLK_Sel
                0x000000002300298c       0x14 out/BSP/StdDriver/bl602_hbn.o
                0x000000002300298c                HBN_Set_UART_CLK_Sel
 .text.HBN_Get_Status_Flag
                0x00000000230029a0        0xa out/BSP/StdDriver/bl602_hbn.o
                0x00000000230029a0                HBN_Get_Status_Flag
 .text.Sec_Eng_SHA256_Update.part.0
                0x00000000230029aa      0x182 out/BSP/StdDriver/bl602_sec_eng.o
 .text.Sec_Eng_PKA_MREM.part.3
                0x0000000023002b2c       0x1e out/BSP/StdDriver/bl602_sec_eng.o
 .text.Sec_Eng_SHA256_Init
                0x0000000023002b4a       0x5a out/BSP/StdDriver/bl602_sec_eng.o
                0x0000000023002b4a                Sec_Eng_SHA256_Init
 .text.Sec_Eng_SHA_Start
                0x0000000023002ba4       0x12 out/BSP/StdDriver/bl602_sec_eng.o
                0x0000000023002ba4                Sec_Eng_SHA_Start
 .text.Sec_Eng_SHA256_Update
                0x0000000023002bb6        0xc out/BSP/StdDriver/bl602_sec_eng.o
                0x0000000023002bb6                Sec_Eng_SHA256_Update
 .text.Sec_Eng_SHA256_Finish
                0x0000000023002bc2      0x22a out/BSP/StdDriver/bl602_sec_eng.o
                0x0000000023002bc2                Sec_Eng_SHA256_Finish
 .text.Sec_Eng_Trng_Enable
                0x0000000023002dec       0x54 out/BSP/StdDriver/bl602_sec_eng.o
                0x0000000023002dec                Sec_Eng_Trng_Enable
 .text.Sec_Eng_PKA_Reset
                0x0000000023002e40       0x10 out/BSP/StdDriver/bl602_sec_eng.o
                0x0000000023002e40                Sec_Eng_PKA_Reset
 .text.Sec_Eng_PKA_BigEndian_Enable
                0x0000000023002e50       0x12 out/BSP/StdDriver/bl602_sec_eng.o
                0x0000000023002e50                Sec_Eng_PKA_BigEndian_Enable
 .text.Sec_Eng_PKA_Write_Data
                0x0000000023002e62       0xc2 out/BSP/StdDriver/bl602_sec_eng.o
                0x0000000023002e62                Sec_Eng_PKA_Write_Data
 .text.Sec_Eng_PKA_Read_Data
                0x0000000023002f24       0xc2 out/BSP/StdDriver/bl602_sec_eng.o
                0x0000000023002f24                Sec_Eng_PKA_Read_Data
 .text.Sec_Eng_PKA_CREG
                0x0000000023002fe6       0x64 out/BSP/StdDriver/bl602_sec_eng.o
                0x0000000023002fe6                Sec_Eng_PKA_CREG
 .text.Sec_Eng_PKA_Move_Data
                0x000000002300304a       0x6a out/BSP/StdDriver/bl602_sec_eng.o
                0x000000002300304a                Sec_Eng_PKA_Move_Data
 .text.Sec_Eng_PKA_MSUB
                0x00000000230030b4       0x9e out/BSP/StdDriver/bl602_sec_eng.o
                0x00000000230030b4                Sec_Eng_PKA_MSUB
 .text.Sec_Eng_PKA_MREM
                0x0000000023003152       0x66 out/BSP/StdDriver/bl602_sec_eng.o
                0x0000000023003152                Sec_Eng_PKA_MREM
 .text.Sec_Eng_PKA_MMUL
                0x00000000230031b8       0x9e out/BSP/StdDriver/bl602_sec_eng.o
                0x00000000230031b8                Sec_Eng_PKA_MMUL
 .text.Sec_Eng_PKA_MINV
                0x0000000023003256       0x80 out/BSP/StdDriver/bl602_sec_eng.o
                0x0000000023003256                Sec_Eng_PKA_MINV
 .text.Sec_Eng_PKA_LCMP
                0x00000000230032d6       0x6a out/BSP/StdDriver/bl602_sec_eng.o
                0x00000000230032d6                Sec_Eng_PKA_LCMP
 .text.Sec_Eng_PKA_LMUL
                0x0000000023003340       0x64 out/BSP/StdDriver/bl602_sec_eng.o
                0x0000000023003340                Sec_Eng_PKA_LMUL
 .text.Sec_Eng_PKA_GF2Mont
                0x00000000230033a4       0x44 out/BSP/StdDriver/bl602_sec_eng.o
                0x00000000230033a4                Sec_Eng_PKA_GF2Mont
 .text.Sec_Eng_PKA_Mont2GF
                0x00000000230033e8       0x5a out/BSP/StdDriver/bl602_sec_eng.o
                0x00000000230033e8                Sec_Eng_PKA_Mont2GF
 .text.bflb_ecc_basic_parameter_init
                0x0000000023003442       0x48 out/BSP/Common/cipher_suite/bflb_ecdsa.o
                0x0000000023003442                bflb_ecc_basic_parameter_init
 .text.bflb_ecc_point_mul_init
                0x000000002300348a       0xc0 out/BSP/Common/cipher_suite/bflb_ecdsa.o
                0x000000002300348a                bflb_ecc_point_mul_init
 .text.bflb_ecdsa_point_add_inf_check
                0x000000002300354a       0xb6 out/BSP/Common/cipher_suite/bflb_ecdsa.o
                0x000000002300354a                bflb_ecdsa_point_add_inf_check
 .text.bflb_ecdsa_copy_x2_to_x1
                0x0000000023003600       0x32 out/BSP/Common/cipher_suite/bflb_ecdsa.o
                0x0000000023003600                bflb_ecdsa_copy_x2_to_x1
 .text.bflb_ecdsa_point_add
                0x0000000023003632      0x1f0 out/BSP/Common/cipher_suite/bflb_ecdsa.o
                0x0000000023003632                bflb_ecdsa_point_add
 .text.bflb_ecdsa_point_double
                0x0000000023003822      0x1f0 out/BSP/Common/cipher_suite/bflb_ecdsa.o
                0x0000000023003822                bflb_ecdsa_point_double
 .text.bflb_ecdsa_verify_point_mul
                0x0000000023003a12       0xd2 out/BSP/Common/cipher_suite/bflb_ecdsa.o
                0x0000000023003a12                bflb_ecdsa_verify_point_mul
 .text.bflb_ecdsa_verify
                0x0000000023003ae4      0x4da out/BSP/Common/cipher_suite/bflb_ecdsa.o
                0x0000000023003ae4                bflb_ecdsa_verify
 .text.memcpy   0x0000000023003fbe       0x18 out/BSP/Common/libc/memcpy.o
                0x0000000023003fbe                memcpy
 .text.memset   0x0000000023003fd6       0x18 out/BSP/Common/libc/memset.o
                0x0000000023003fd6                memset
 .text.memcmp   0x0000000023003fee       0x1e out/BSP/Common/libc/memcmp.o
                0x0000000023003fee                memcmp
 .text.vsnprintf
                0x000000002300400c      0xad8 out/BSP/Common/libc/vsnprintf.o
                0x000000002300400c                vsnprintf
 .text.strlen   0x0000000023004ae4       0x1a out/BSP/Common/libc/strlen.o
                0x0000000023004ae4                strlen
 .text.pPtTable_Flash_Read_Fast
                0x0000000023004afe       0x5a out/BSP/Common/partition/partition.o
 .text.PtTable_Valid
                0x0000000023004b58       0x6c out/BSP/Common/partition/partition.o
 .text.PtTable_Set_Flash_Operation
                0x0000000023004bc4       0x1e out/BSP/Common/partition/partition.o
                0x0000000023004bc4                PtTable_Set_Flash_Operation
 .text.PtTable_Get_Active_Partition_Need_Lock
                0x0000000023004be2       0x80 out/BSP/Common/partition/partition.o
                0x0000000023004be2                PtTable_Get_Active_Partition_Need_Lock
 .text.PtTable_Get_Active_Entries_By_ID
                0x0000000023004c62       0x64 out/BSP/Common/partition/partition.o
                0x0000000023004c62                PtTable_Get_Active_Entries_By_ID
 .text.PtTable_Get_Active_Entries_By_Name
                0x0000000023004cc6       0x94 out/BSP/Common/partition/partition.o
                0x0000000023004cc6                PtTable_Get_Active_Entries_By_Name
 .text.PtTable_Update_Entry
                0x0000000023004d5a      0x116 out/BSP/Common/partition/partition.o
                0x0000000023004d5a                PtTable_Update_Entry
 .text.bflb_platform_uart_dbg_init
                0x0000000023004e70       0xde out/BSP/Common/platform_print/platform_device.o
                0x0000000023004e70                bflb_platform_uart_dbg_init
 .text.bflb_platform_uart_dbg_deinit
                0x0000000023004f4e       0x1a out/BSP/Common/platform_print/platform_device.o
                0x0000000023004f4e                bflb_platform_uart_dbg_deinit
 .text.bflb_platform_printf
                0x0000000023004f68       0x54 out/BSP/Common/platform_print/platform_device.o
                0x0000000023004f68                bflb_platform_printf
 .text.UART_RTO_Cbf.part.0
                0x0000000023004fbc       0x26 out/BSP/Common/platform_print/platform_device.o
 .text.UART_RFR_Cbf
                0x0000000023004fe2       0x42 out/BSP/Common/platform_print/platform_device.o
 .text.UART_RTO_Cbf
                0x0000000023005024       0x42 out/BSP/Common/platform_print/platform_device.o
 .text.bflb_platform_get_time_ms
                0x0000000023005066       0x8c out/BSP/Common/platform_print/platform_device.o
                0x0000000023005066                bflb_platform_get_time_ms
 .text.bflb_platform_init_time
                0x00000000230050f2       0x2a out/BSP/Common/platform_print/platform_device.o
                0x00000000230050f2                bflb_platform_init_time
 .text.bflb_platform_deinit_time
                0x000000002300511c        0x6 out/BSP/Common/platform_print/platform_device.o
                0x000000002300511c                bflb_platform_deinit_time
 .text.bflb_platform_init
                0x0000000023005122       0x48 out/BSP/Common/platform_print/platform_device.o
                0x0000000023005122                bflb_platform_init
 .text.bflb_platform_deinit
                0x000000002300516a       0x1e out/BSP/Common/platform_print/platform_device.o
                0x000000002300516a                bflb_platform_deinit
 .text.bflb_platform_print_set
                0x0000000023005188        0x6 out/BSP/Common/platform_print/platform_device.o
                0x0000000023005188                bflb_platform_print_set
 .text.Ring_Buffer_Init
                0x000000002300518e       0x1e out/BSP/Common/ring_buffer/ring_buffer.o
                0x000000002300518e                Ring_Buffer_Init
 .text.Ring_Buffer_Get_Length
                0x00000000230051ac       0x56 out/BSP/Common/ring_buffer/ring_buffer.o
                0x00000000230051ac                Ring_Buffer_Get_Length
 .text.Ring_Buffer_Write_Callback
                0x0000000023005202       0xb6 out/BSP/Common/ring_buffer/ring_buffer.o
                0x0000000023005202                Ring_Buffer_Write_Callback
 .text.Ring_Buffer_Get_Empty_Length
                0x00000000230052b8       0x1e out/BSP/Common/ring_buffer/ring_buffer.o
                0x00000000230052b8                Ring_Buffer_Get_Empty_Length
 .text.xz_crc32_init
                0x00000000230052d6        0x2 out/BSP/Common/xz/xz_crc32.o
                0x00000000230052d6                xz_crc32_init
 .text.xz_crc32
                0x00000000230052d8       0x34 out/BSP/Common/xz/xz_crc32.o
                0x00000000230052d8                xz_crc32
 .text.lzma_len
                0x000000002300530c      0x17c out/BSP/Common/xz/xz_dec_lzma2.o
 .text.dict_repeat.part.1
                0x0000000023005488       0x66 out/BSP/Common/xz/xz_dec_lzma2.o
 .text.lzma_main
                0x00000000230054ee      0x752 out/BSP/Common/xz/xz_dec_lzma2.o
 .text.xz_dec_lzma2_run
                0x0000000023005c40      0x5ca out/BSP/Common/xz/xz_dec_lzma2.o
                0x0000000023005c40                xz_dec_lzma2_run
 .text.xz_dec_lzma2_create
                0x000000002300620a       0x68 out/BSP/Common/xz/xz_dec_lzma2.o
                0x000000002300620a                xz_dec_lzma2_create
 .text.xz_dec_lzma2_reset
                0x0000000023006272       0x78 out/BSP/Common/xz/xz_dec_lzma2.o
                0x0000000023006272                xz_dec_lzma2_reset
 .text.xz_dec_lzma2_end
                0x00000000230062ea       0x2c out/BSP/Common/xz/xz_dec_lzma2.o
                0x00000000230062ea                xz_dec_lzma2_end
 .text.fill_temp
                0x0000000023006316       0x72 out/BSP/Common/xz/xz_dec_stream.o
 .text.dec_vli.isra.0
                0x0000000023006388       0x98 out/BSP/Common/xz/xz_dec_stream.o
 .text.index_update.isra.2
                0x0000000023006420       0x36 out/BSP/Common/xz/xz_dec_stream.o
 .text.xz_dec_reset
                0x0000000023006456       0x46 out/BSP/Common/xz/xz_dec_stream.o
                0x0000000023006456                xz_dec_reset
 .text.xz_dec_run
                0x000000002300649c      0x79a out/BSP/Common/xz/xz_dec_stream.o
                0x000000002300649c                xz_dec_run
 .text.xz_dec_init
                0x0000000023006c36       0x46 out/BSP/Common/xz/xz_dec_stream.o
                0x0000000023006c36                xz_dec_init
 .text.xz_dec_end
                0x0000000023006c7c       0x1e out/BSP/Common/xz/xz_dec_stream.o
                0x0000000023006c7c                xz_dec_end
 .text.simple_malloc_init
                0x0000000023006c9a        0x6 out/BSP/Common/xz/xz_port.o
                0x0000000023006c9a                simple_malloc_init
 .text.simple_malloc
                0x0000000023006ca0       0x42 out/BSP/Common/xz/xz_port.o
                0x0000000023006ca0                simple_malloc
 .text.simple_free
                0x0000000023006ce2        0xe out/BSP/Common/xz/xz_port.o
                0x0000000023006ce2                simple_free
 *(.rodata)
 *fill*         0x0000000023006cf0        0x0 
 .rodata        0x0000000023006cf0        0x6 out/Examples/BLSP_Boot2/blsp_boot_decompress.o
 *fill*         0x0000000023006cf6        0x2 
 .rodata        0x0000000023006cf8       0x10 out/BSP/Common/platform_print/platform_device.o
 .rodata        0x0000000023006d08      0x100 /d/download/riscv64-unknown-elf-gcc-8.2.0-2019.05.3-x86_64-linux-ubuntu14/bin/../lib/gcc/riscv64-unknown-elf/8.2.0/rv32imafc/ilp32f/libgcc.a(_clz.o)
                0x0000000023006d08                __clz_tab
 *(.rodata.*)
 .rodata.BLSP_Boot2_Deal_One_FW.str1.4
                0x0000000023006e08       0xf5 out/Examples/BLSP_Boot2/blsp_boot2.o
 *fill*         0x0000000023006efd        0x3 
 .rodata.main.str1.4
                0x0000000023006f00      0x1ca out/Examples/BLSP_Boot2/blsp_boot2.o
                                        0x1d2 (size before relaxing)
 *fill*         0x00000000230070ca        0x2 
 .rodata.BLSP_Dump_Data.str1.4
                0x00000000230070cc        0x6 out/Examples/BLSP_Boot2/blsp_common.o
                                          0xa (size before relaxing)
 *fill*         0x00000000230070d2        0x2 
 .rodata.BLSP_MediaBoot_Main.str1.4
                0x00000000230070d4       0xf3 out/Examples/BLSP_Boot2/blsp_media_boot.o
 *fill*         0x00000000230071c7        0x1 
 .rodata.BLSP_Boot_Parse_AesIv.str1.4
                0x00000000230071c8       0x13 out/Examples/BLSP_Boot2/blsp_boot_parser.o
 *fill*         0x00000000230071db        0x1 
 .rodata.BLSP_Boot_Parse_BootHeader.str1.4
                0x00000000230071dc       0x85 out/Examples/BLSP_Boot2/blsp_boot_parser.o
 *fill*         0x0000000023007261        0x3 
 .rodata.BLSP_Boot_Parse_PKey.str1.4
                0x0000000023007264       0x1f out/Examples/BLSP_Boot2/blsp_boot_parser.o
 *fill*         0x0000000023007283        0x1 
 .rodata.BLSP_Boot_Parse_Signature.str1.4
                0x0000000023007284       0x10 out/Examples/BLSP_Boot2/blsp_boot_parser.o
 .rodata.BLSP_Boot_Parser_Check_Hash.str1.4
                0x0000000023007294        0xd out/Examples/BLSP_Boot2/blsp_boot_parser.o
 *fill*         0x00000000230072a1        0x3 
 .rodata.BLSP_Boot_Parser_Check_Signature.str1.4
                0x00000000230072a4       0x42 out/Examples/BLSP_Boot2/blsp_boot_parser.o
 *fill*         0x00000000230072e6        0x2 
 .rodata.BLSP_Boot2_Fw_Decompress.str1.4
                0x00000000230072e8       0xc1 out/Examples/BLSP_Boot2/blsp_boot_decompress.o
 *fill*         0x00000000230073a9        0x3 
 .rodata.BLSP_Boot2_Update_Fw.str1.4
                0x00000000230073ac       0x79 out/Examples/BLSP_Boot2/blsp_boot_decompress.o
 *fill*         0x0000000023007425        0x3 
 .rodata.BLSP_Boot2_Show_Timer.str1.4
                0x0000000023007428       0x12 out/Examples/BLSP_Boot2/blsp_port.o
 *fill*         0x000000002300743a        0x2 
 .rodata.Default_Handler.str1.4
                0x000000002300743c       0x12 out/BSP/StdDriver/bl602_common.o
 *fill*         0x000000002300744e        0x2 
 .rodata.Trap_Handler.str1.4
                0x0000000023007450      0x12b out/BSP/StdDriver/bl602_common.o
 *fill*         0x000000002300757b        0x1 
 .rodata.uartAddr
                0x000000002300757c        0x8 out/BSP/StdDriver/bl602_uart.o
 .rodata.CSWTCH.116
                0x0000000023007584       0x14 out/BSP/StdDriver/bl602_sec_eng.o
 .rodata.bflb_ecdsa_verify_point_mul.str1.4
                0x0000000023007598       0x35 out/BSP/Common/cipher_suite/bflb_ecdsa.o
 *fill*         0x00000000230075cd        0x3 
 .rodata.secp256r1InvR_N
                0x00000000230075d0       0x20 out/BSP/Common/cipher_suite/bflb_ecdsa.o
                0x00000000230075d0                secp256r1InvR_N
 .rodata.secp256r1InvR_P
                0x00000000230075f0       0x20 out/BSP/Common/cipher_suite/bflb_ecdsa.o
                0x00000000230075f0                secp256r1InvR_P
 .rodata.secp256r1N
                0x0000000023007610       0x20 out/BSP/Common/cipher_suite/bflb_ecdsa.o
                0x0000000023007610                secp256r1N
 .rodata.secp256r1P
                0x0000000023007630       0x20 out/BSP/Common/cipher_suite/bflb_ecdsa.o
                0x0000000023007630                secp256r1P
 .rodata.secp256r1PrimeN_N
                0x0000000023007650       0x20 out/BSP/Common/cipher_suite/bflb_ecdsa.o
                0x0000000023007650                secp256r1PrimeN_N
 .rodata.secp256r1PrimeN_P
                0x0000000023007670       0x20 out/BSP/Common/cipher_suite/bflb_ecdsa.o
                0x0000000023007670                secp256r1PrimeN_P
 .rodata.secp256r1_1
                0x0000000023007690       0x20 out/BSP/Common/cipher_suite/bflb_ecdsa.o
                0x0000000023007690                secp256r1_1
 .rodata.secp256r1_1M1
                0x00000000230076b0       0x20 out/BSP/Common/cipher_suite/bflb_ecdsa.o
                0x00000000230076b0                secp256r1_1M1
 .rodata.secp256r1_1P1
                0x00000000230076d0       0x20 out/BSP/Common/cipher_suite/bflb_ecdsa.o
                0x00000000230076d0                secp256r1_1P1
 .rodata.secp256r1_BAR2
                0x00000000230076f0       0x20 out/BSP/Common/cipher_suite/bflb_ecdsa.o
                0x00000000230076f0                secp256r1_BAR2
 .rodata.secp256r1_BAR3
                0x0000000023007710       0x20 out/BSP/Common/cipher_suite/bflb_ecdsa.o
                0x0000000023007710                secp256r1_BAR3
 .rodata.secp256r1_BAR4
                0x0000000023007730       0x20 out/BSP/Common/cipher_suite/bflb_ecdsa.o
                0x0000000023007730                secp256r1_BAR4
 .rodata.secp256r1_BAR8
                0x0000000023007750       0x20 out/BSP/Common/cipher_suite/bflb_ecdsa.o
                0x0000000023007750                secp256r1_BAR8
 .rodata.secp256r1_Gx
                0x0000000023007770       0x20 out/BSP/Common/cipher_suite/bflb_ecdsa.o
                0x0000000023007770                secp256r1_Gx
 .rodata.secp256r1_Gy
                0x0000000023007790       0x20 out/BSP/Common/cipher_suite/bflb_ecdsa.o
                0x0000000023007790                secp256r1_Gy
 .rodata.secp256r1_Zerox
                0x00000000230077b0       0x20 out/BSP/Common/cipher_suite/bflb_ecdsa.o
                0x00000000230077b0                secp256r1_Zerox
 .rodata.secp256r1_Zeroy
                0x00000000230077d0       0x20 out/BSP/Common/cipher_suite/bflb_ecdsa.o
                0x00000000230077d0                secp256r1_Zeroy
 .rodata.lcdigits.1536
                0x00000000230077f0       0x11 out/BSP/Common/libc/vsnprintf.o
 *fill*         0x0000000023007801        0x3 
 .rodata.ucdigits.1537
                0x0000000023007804       0x11 out/BSP/Common/libc/vsnprintf.o
 *fill*         0x0000000023007815        0x3 
 .rodata.vsnprintf.str1.4
                0x0000000023007818        0x7 out/BSP/Common/libc/vsnprintf.o
 *fill*         0x000000002300781f        0x1 
 .rodata.UART_RTO_Cbf.part.0.str1.4
                0x0000000023007820       0x11 out/BSP/Common/platform_print/platform_device.o
 *fill*         0x0000000023007831        0x3 
 .rodata.bflb_platform_init.str1.4
                0x0000000023007834       0x13 out/BSP/Common/platform_print/platform_device.o
 *fill*         0x0000000023007847        0x1 
 .rodata.crc32Tab
                0x0000000023007848      0x400 out/BSP/Common/soft_crc/softcrc.o
                0x0000000023007848                crc32Tab
 .rodata.xz_dec_run.str1.4
                0x0000000023007c48        0xb out/BSP/Common/xz/xz_dec_stream.o
 *fill*         0x0000000023007c53        0x1 
 .rodata.simple_free.str1.4
                0x0000000023007c54       0x13 out/BSP/Common/xz/xz_port.o
 *fill*         0x0000000023007c67        0x1 
 .rodata.simple_malloc.str1.4
                0x0000000023007c68       0x14 out/BSP/Common/xz/xz_port.o
                                         0x13 (size before relaxing)
 *(.srodata)
 .srodata       0x0000000023007c7c        0x4 out/BSP/Common/platform_print/platform_device.o
 *(.srodata.*)
                0x0000000023007c80                . = ALIGN (0x4)
                0x0000000023007c80                __etext0 = .

.tcm_code_region
                0x0000000022010000      0x9b0 load address 0x0000000023007c80
                0x0000000022010000                . = ALIGN (0x4)
                0x0000000022010000                __tcm_code_start__ = .
 *(.tcm_code)
 .tcm_code      0x0000000022010000      0x124 out/Examples/BLSP_Boot2/blsp_common.o
                0x0000000022010000                BLSP_Boot2_Jump_Entry
 .tcm_code      0x0000000022010124       0x14 out/Examples/BLSP_Boot2/blsp_media_boot.o
                0x0000000022010124                BLSP_MediaBoot_Read
 .tcm_code      0x0000000022010138      0x1d4 out/Examples/BLSP_Boot2/blsp_port.o
                0x0000000022010138                BLSP_Sboot_Finish
                0x0000000022010148                BLSP_Boot2_Get_Clk_Cfg
                0x0000000022010162                BLSP_Boot2_Get_Efuse_Cfg
                0x00000000220101c2                BLSP_Boot2_Releae_Other_CPU
                0x00000000220101c4                BLSP_Boot2_Update_System_Flash_Clk
                0x00000000220101c6                BLSP_Boot2_Set_Encrypt
                0x000000002201022e                BLSP_Boot2_Set_Cache
                0x00000000220102ba                BLSP_Boot2_Get_TX_GPIO
                0x00000000220102c4                BLSP_Boot2_Get_Feature_Flag
                0x00000000220102e4                BLSP_Boot2_Get_Log_Disable_Flag
                0x00000000220102ee                BLSP_Boot2_8M_Support_Flag
                0x00000000220102f8                BLSP_Boot2_Dump_Critical_Flag
                0x0000000022010302                BLSP_Boot2_Get_Baudrate
 .tcm_code      0x000000002201030c      0x550 out/BSP/StdDriver/bl602_romapi.o
                0x000000002201030c                AON_Power_On_BG
                0x0000000022010316                AON_Power_Off_BG
                0x0000000022010320                AON_Power_On_LDO11_SOC
                0x000000002201032a                AON_Power_Off_LDO11_SOC
                0x0000000022010334                AON_Power_On_LDO15_RF
                0x000000002201033e                AON_Power_Off_LDO15_RF
                0x0000000022010348                AON_Power_On_SFReg
                0x0000000022010352                AON_Power_Off_SFReg
                0x000000002201035c                AON_LowPower_Enter_PDS0
                0x0000000022010366                AON_LowPower_Exit_PDS0
                0x0000000022010370                ASM_Delay_Us
                0x000000002201037a                BL602_Delay_US
                0x0000000022010384                BL602_Delay_MS
                0x000000002201038e                BL602_MemCpy
                0x0000000022010398                BL602_MemCpy4
                0x00000000220103a2                BL602_MemCpy_Fast
                0x00000000220103ac                BL602_MemSet
                0x00000000220103b6                BL602_MemSet4
                0x00000000220103c0                BL602_MemCmp
                0x00000000220103ca                EF_Ctrl_Sw_AHB_Clk_0
                0x00000000220103d4                EF_Ctrl_Program_Efuse_0
                0x00000000220103de                EF_Ctrl_Load_Efuse_R0
                0x00000000220103e8                EF_Ctrl_Busy
                0x00000000220103f2                EF_Ctrl_AutoLoad_Done
                0x00000000220103fc                EF_Ctrl_Clear
                0x0000000022010406                GLB_SW_System_Reset
                0x0000000022010410                GLB_SW_CPU_Reset
                0x000000002201041a                GLB_SW_POR_Reset
                0x0000000022010424                GLB_Select_Internal_Flash
                0x000000002201042e                GLB_Select_External_Flash
                0x0000000022010438                GLB_Deswap_Flash_Pin
                0x0000000022010442                GLB_Swap_Flash_Pin
                0x000000002201044c                GLB_GPIO_Init
                0x0000000022010456                GLB_GPIO_OUTPUT_Enable
                0x0000000022010460                GLB_GPIO_OUTPUT_Disable
                0x000000002201046a                GLB_GPIO_Set_HZ
                0x0000000022010474                GLB_GPIO_Get_Fun
                0x000000002201047e                HBN_Mode_Enter
                0x0000000022010488                HBN_Power_Down_Flash
                0x0000000022010492                HBN_Enable
                0x000000002201049c                HBN_Reset
                0x00000000220104a6                HBN_Set_Ldo11_Aon_Vout
                0x00000000220104b0                HBN_Set_Ldo11_Rt_Vout
                0x00000000220104ba                HBN_Set_Ldo11_Soc_Vout
                0x00000000220104c4                HBN_Hw_Pu_Pd_Cfg
                0x00000000220104ce                HBN_Pin_WakeUp_Mask
                0x00000000220104d8                HBN_GPIO7_Dbg_Pull_Cfg
                0x00000000220104e2                HBN_Set_Embedded_Flash_Pullup
                0x00000000220104ec                L1C_Set_Wrap
                0x00000000220104f6                L1C_Set_Way_Disable
                0x0000000022010500                L1C_IROM_2T_Access_Set
                0x000000002201050a                PDS_Reset
                0x0000000022010514                PDS_Force_Config
                0x000000002201051e                PDS_RAM_Config
                0x0000000022010528                PDS_Default_Level_Config
                0x0000000022010532                SEC_Eng_Turn_On_Sec_Ring
                0x000000002201053c                SEC_Eng_Turn_Off_Sec_Ring
                0x0000000022010546                SFlash_Init
                0x0000000022010550                SFlash_SetSPIMode
                0x000000002201055a                SFlash_Read_Reg
                0x0000000022010564                SFlash_Write_Reg
                0x000000002201056e                SFlash_Busy
                0x0000000022010578                SFlash_Write_Enable
                0x0000000022010582                SFlash_Qspi_Enable
                0x000000002201058c                SFlash_Volatile_Reg_Write_Enable
                0x0000000022010596                SFlash_Chip_Erase
                0x00000000220105a0                SFlash_Sector_Erase
                0x00000000220105aa                SFlash_Blk32_Erase
                0x00000000220105b4                SFlash_Blk64_Erase
                0x00000000220105be                SFlash_Erase
                0x00000000220105c8                SFlash_Program
                0x00000000220105d2                SFlash_GetUniqueId
                0x00000000220105dc                SFlash_GetJedecId
                0x00000000220105e6                SFlash_GetDeviceId
                0x00000000220105f0                SFlash_Powerdown
                0x00000000220105fa                SFlash_Releae_Powerdown
                0x0000000022010604                SFlash_SetBurstWrap
                0x000000002201060e                SFlash_DisableBurstWrap
                0x0000000022010618                SFlash_Software_Reset
                0x0000000022010622                SFlash_Reset_Continue_Read
                0x000000002201062c                SFlash_Set_IDbus_Cfg
                0x0000000022010636                SFlash_IDbus_Read_Enable
                0x0000000022010640                SFlash_Cache_Enable_Set
                0x000000002201064a                SFlash_Cache_Flush
                0x0000000022010654                SFlash_Cache_Read_Enable
                0x000000002201065e                SFlash_Cache_Hit_Count_Get
                0x0000000022010668                SFlash_Cache_Miss_Count_Get
                0x0000000022010672                SFlash_Cache_Read_Disable
                0x000000002201067c                SFlash_Read
                0x0000000022010686                SFlash_Read_Reg_With_Cmd
                0x0000000022010690                SFlash_Write_Reg_With_Cmd
                0x000000002201069a                SF_Cfg_Init_Ext_Flash_Gpio
                0x00000000220106a4                SF_Cfg_Init_Internal_Flash_Gpio
                0x00000000220106ae                SF_Cfg_Deinit_Ext_Flash_Gpio
                0x00000000220106b8                SF_Cfg_Restore_GPIO17_Fun
                0x00000000220106c2                SF_Cfg_Get_Flash_Cfg_Need_Lock
                0x00000000220106cc                SF_Cfg_Init_Flash_Gpio
                0x00000000220106d6                SF_Cfg_Flash_Identify
                0x00000000220106e0                SF_Ctrl_Enable
                0x00000000220106ea                SF_Ctrl_Select_Pad
                0x00000000220106f4                SF_Ctrl_Set_Owner
                0x00000000220106fe                SF_Ctrl_Disable
                0x0000000022010708                SF_Ctrl_AES_Enable_BE
                0x0000000022010712                SF_Ctrl_AES_Enable_LE
                0x000000002201071c                SF_Ctrl_AES_Set_Region
                0x0000000022010726                SF_Ctrl_AES_Set_Key
                0x0000000022010730                SF_Ctrl_AES_Set_Key_BE
                0x000000002201073a                SF_Ctrl_AES_Set_IV
                0x0000000022010744                SF_Ctrl_AES_Set_IV_BE
                0x000000002201074e                SF_Ctrl_AES_Enable
                0x0000000022010758                SF_Ctrl_AES_Disable
                0x0000000022010762                SF_Ctrl_Set_Flash_Image_Offset
                0x000000002201076c                SF_Ctrl_Get_Flash_Image_Offset
                0x0000000022010776                SF_Ctrl_Select_Clock
                0x0000000022010780                SF_Ctrl_SendCmd
                0x000000002201078a                SF_Ctrl_Icache_Set
                0x0000000022010794                SF_Ctrl_Icache2_Set
                0x000000002201079e                SF_Ctrl_GetBusyState
                0x00000000220107a8                SF_Ctrl_Is_AES_Enable
                0x00000000220107b2                SF_Ctrl_Get_Clock_Delay
                0x00000000220107bc                SF_Ctrl_Set_Clock_Delay
                0x00000000220107c6                XIP_SFlash_State_Save
                0x00000000220107d0                XIP_SFlash_State_Restore
                0x00000000220107da                XIP_SFlash_Erase_Need_Lock
                0x00000000220107e4                XIP_SFlash_Write_Need_Lock
                0x00000000220107ee                XIP_SFlash_Read_Need_Lock
                0x00000000220107f8                XIP_SFlash_GetJedecId_Need_Lock
                0x0000000022010802                XIP_SFlash_GetDeviceId_Need_Lock
                0x000000002201080c                XIP_SFlash_GetUniqueId_Need_Lock
                0x0000000022010816                XIP_SFlash_Read_Via_Cache_Need_Lock
                0x0000000022010820                XIP_SFlash_Read_With_Lock
                0x000000002201082a                XIP_SFlash_Write_With_Lock
                0x0000000022010834                XIP_SFlash_Erase_With_Lock
                0x000000002201083e                XIP_SFlash_Opt_Enter
                0x0000000022010848                XIP_SFlash_Opt_Exit
                0x0000000022010852                BFLB_Soft_CRC32
 *(.tcm_const)
 *(.sclock_rlt_code)
 .sclock_rlt_code
                0x000000002201085c      0x154 out/BSP/StdDriver/bl602_romapi.o
                0x000000002201085c                AON_Power_On_MBG
                0x0000000022010866                AON_Power_Off_MBG
                0x0000000022010870                AON_Power_On_XTAL
                0x000000002201087a                AON_Set_Xtal_CapCode
                0x0000000022010884                AON_Get_Xtal_CapCode
                0x000000002201088e                AON_Power_Off_XTAL
                0x0000000022010898                EF_Ctrl_Get_Trim_Parity
                0x00000000220108a2                EF_Ctrl_Read_RC32M_Trim
                0x00000000220108ac                EF_Ctrl_Read_RC32K_Trim
                0x00000000220108b6                GLB_Get_Root_CLK_Sel
                0x00000000220108c0                GLB_Set_System_CLK_Div
                0x00000000220108ca                GLB_Get_BCLK_Div
                0x00000000220108d4                GLB_Get_HCLK_Div
                0x00000000220108de                Update_SystemCoreClockWith_XTAL
                0x00000000220108e8                GLB_Set_System_CLK
                0x00000000220108f2                System_Core_Clock_Update_From_RC32M
                0x00000000220108fc                GLB_Set_SF_CLK
                0x0000000022010906                GLB_Set_PKA_CLK_Sel
                0x0000000022010910                HBN_32K_Sel
                0x000000002201091a                HBN_Set_ROOT_CLK_Sel
                0x0000000022010924                HBN_Power_On_Xtal_32K
                0x000000002201092e                HBN_Power_Off_Xtal_32K
                0x0000000022010938                HBN_Power_On_RC32K
                0x0000000022010942                HBN_Power_Off_RC32K
                0x000000002201094c                HBN_Trim_RC32K
                0x0000000022010956                PDS_Trim_RC32M
                0x0000000022010960                PDS_Select_RC32M_As_PLL_Ref
                0x000000002201096a                PDS_Select_XTAL_As_PLL_Ref
                0x0000000022010974                PDS_Power_On_PLL
                0x000000002201097e                PDS_Enable_PLL_All_Clks
                0x0000000022010988                PDS_Disable_PLL_All_Clks
                0x0000000022010992                PDS_Enable_PLL_Clk
                0x000000002201099c                PDS_Disable_PLL_Clk
                0x00000000220109a6                PDS_Power_Off_PLL
 *(.sclock_rlt_const)
 *bl602_romapi.o(.text)
 *bl602_romapi.o(.text.*)
 *bl602_romapi.o(.rodata)
 *bl602_romapi.o(.rodata.*)
 *bl602_romapi.o(.srodata)
 *bl602_romapi.o(.srodata.*)
                0x00000000220109b0                . = ALIGN (0x4)
                0x00000000220109b0                __tcm_code_end__ = .
                0x0000000023008630                __etext1 = (__etext0 + SIZEOF (.tcm_code_region))

.rela.dyn       0x00000000220109b0        0x0 load address 0x0000000023008630
 .rela.text.start_load
                0x00000000220109b0        0x0 out/Examples/BLSP_Boot2/blsp_boot2.o
 .rela.init     0x00000000220109b0        0x0 out/Examples/BLSP_Boot2/blsp_boot2.o
 .rela.text.metal.init.enter
                0x00000000220109b0        0x0 out/Examples/BLSP_Boot2/blsp_boot2.o

.ocram_data_region
                0x0000000042020000     0x1080 load address 0x0000000023008630
                0x0000000042020000                . = ALIGN (0x4)
                0x0000000042020000                __ocram_data_start__ = .
 *(.system_ram)
 .system_ram    0x0000000042020000     0x1000 out/Examples/BLSP_Boot2/blsp_boot2.o
                0x0000000042020000                boot2ReadBuf
 .system_ram    0x0000000042021000       0x80 out/Examples/BLSP_Boot2/blsp_boot_parser.o
                0x0000000042021080                . = ALIGN (0x4)
                0x0000000042021080                __ocram_data_end__ = .
                0x00000000230096b0                __etext2 = (__etext1 + SIZEOF (.ocram_data_region))

RAM_DATA        0x0000000042021080       0x1c load address 0x00000000230096b0
                0x0000000042021080                . = ALIGN (0x4)
                0x0000000042021880                PROVIDE (__global_pointer$ = (. + 0x800))
                0x0000000042021080                __data_start__ = .
 *(.data)
 *(.data.*)
 .data.bootCpuCfg
                0x0000000042021080       0x18 out/Examples/BLSP_Boot2/blsp_boot2.o
                0x0000000042021080                bootCpuCfg
 *(.sdata)
 *(.sdata.*)
 .sdata.boot2Flag.9232
                0x0000000042021098        0x1 out/Examples/BLSP_Boot2/blsp_port.o
 .sdata.index.3098
                0x0000000042021099        0x1 out/BSP/Common/partition/partition.o
 *(.sdata2)
 *(.sdata2.*)
                0x000000004202109c                . = ALIGN (0x4)
 *fill*         0x000000004202109a        0x2 
                0x000000004202109c                __data_end__ = .

.bss            0x000000004202109c      0x76c load address 0x00000000230096cc
                0x000000004202109c                . = ALIGN (0x4)
                0x000000004202109c                __bss_start__ = .
 *(.bss*)
 .bss.bootImgCfg
                0x000000004202109c      0x5c0 out/Examples/BLSP_Boot2/blsp_boot2.o
                0x000000004202109c                bootImgCfg
 .bss.efuseCfg  0x000000004202165c       0x50 out/Examples/BLSP_Boot2/blsp_boot2.o
                0x000000004202165c                efuseCfg
 .bss.flashCfg  0x00000000420216ac       0x54 out/Examples/BLSP_Boot2/blsp_boot2.o
                0x00000000420216ac                flashCfg
 .bss.shaCtx    0x0000000042021700       0x14 out/Examples/BLSP_Boot2/blsp_boot_parser.o
                0x0000000042021700                shaCtx
 .bss.print_buf.8715
                0x0000000042021714       0x80 out/BSP/Common/platform_print/platform_device.o
 .bss.uartBuf   0x0000000042021794       0x40 out/BSP/Common/platform_print/platform_device.o
 .bss.uartRB    0x00000000420217d4       0x18 out/BSP/Common/platform_print/platform_device.o
 *(.sbss*)
 .sbss.cpuCount
                0x00000000420217ec        0x1 out/Examples/BLSP_Boot2/blsp_boot2.o
                0x00000000420217ec                cpuCount
 .sbss.psMode   0x00000000420217ed        0x1 out/Examples/BLSP_Boot2/blsp_boot2.o
                0x00000000420217ed                psMode
 *fill*         0x00000000420217ee        0x2 
 .sbss.pParameter.9174
                0x00000000420217f0        0x4 out/Examples/BLSP_Boot2/blsp_port.o
 .sbss.PtTable_Flash_Erase
                0x00000000420217f4        0x4 out/BSP/Common/partition/partition.o
                0x00000000420217f4                PtTable_Flash_Erase
 .sbss.PtTable_Flash_Read
                0x00000000420217f8        0x4 out/BSP/Common/partition/partition.o
                0x00000000420217f8                PtTable_Flash_Read
 .sbss.PtTable_Flash_Write
                0x00000000420217fc        0x4 out/BSP/Common/partition/partition.o
                0x00000000420217fc                PtTable_Flash_Write
 .sbss.uart_dbg_disable
                0x0000000042021800        0x1 out/BSP/Common/platform_print/platform_device.o
 *fill*         0x0000000042021801        0x3 
 .sbss.malloced
                0x0000000042021804        0x4 out/BSP/Common/xz/xz_port.o
 *(COMMON)
                0x0000000042021808                . = ALIGN (0x4)
                0x0000000042021808                __bss_end__ = .

.noinit_data    0x0000000042021808    0x11000 load address 0x0000000023009e38
                0x0000000042021808                . = ALIGN (0x4)
 *(.noinit_data*)
 .noinit_data   0x0000000042021808     0x1000 out/Examples/BLSP_Boot2/blsp_boot_decompress.o
 .noinit_data   0x0000000042022808    0x10000 out/BSP/Common/xz/xz_port.o
                0x0000000042032808                . = ALIGN (0x4)

.heap           0x0000000042032808        0x0
                0x0000000042032808                . = ALIGN (0x4)
                0x0000000042032808                __HeapBase = .
 *(.heap*)
                0x0000000042032808                . = ALIGN (0x4)
                0x0000000042032808                __HeapLimit = .

.stack_dummy    0x0000000042032808      0x400 load address 0x000000002301ae38
                0x0000000042032808                . = ALIGN (0x4)
                0x0000000042032c08                . = (. + StackSize)
 *fill*         0x0000000042032808      0x400 
                0x0000000042032c08                . = ALIGN (0x4)
                0x0000000042038000                __StackTop = (ORIGIN (ocram_memory) + LENGTH (ocram_memory))
                0x0000000042037c00                __StackLimit = (__StackTop - SIZEOF (.stack_dummy))
                0x0000000000000001                ASSERT ((__StackLimit >= __HeapLimit), region RAM overflowed with stack)
OUTPUT(out/Examples/BLSP_Boot2/blsp_boot2.elf elf32-littleriscv)

.debug_info     0x0000000000000000    0x2290b
 .debug_info    0x0000000000000000     0x1d09 out/Examples/BLSP_Boot2/blsp_boot2.o
 .debug_info    0x0000000000001d09      0xbfc out/Examples/BLSP_Boot2/blsp_common.o
 .debug_info    0x0000000000002905     0x133c out/Examples/BLSP_Boot2/blsp_media_boot.o
 .debug_info    0x0000000000003c41     0x1609 out/Examples/BLSP_Boot2/blsp_boot_parser.o
 .debug_info    0x000000000000524a     0x10bb out/Examples/BLSP_Boot2/blsp_boot_decompress.o
 .debug_info    0x0000000000006305     0x19d0 out/Examples/BLSP_Boot2/blsp_port.o
 .debug_info    0x0000000000007cd5      0x332 out/startup/system_bl602.o
 .debug_info    0x0000000000008007      0x183 out/startup/GCC/start_load.o
 .debug_info    0x000000000000818a      0x24e out/startup/interrupt.o
 .debug_info    0x00000000000083d8       0x22 out/startup/GCC/entry.o
 .debug_info    0x00000000000083fa      0x225 out/BSP/StdDriver/bl602_common.o
 .debug_info    0x000000000000861f     0x1173 out/BSP/StdDriver/bl602_uart.o
 .debug_info    0x0000000000009792     0x1ca5 out/BSP/StdDriver/bl602_glb.o
 .debug_info    0x000000000000b437     0x1af5 out/BSP/StdDriver/bl602_ef_ctrl.o
 .debug_info    0x000000000000cf2c     0x1c50 out/BSP/StdDriver/bl602_hbn.o
 .debug_info    0x000000000000eb7c     0x45dc out/BSP/StdDriver/bl602_sec_eng.o
 .debug_info    0x0000000000013158     0x3c84 out/BSP/StdDriver/bl602_romapi.o
 .debug_info    0x0000000000016ddc     0x2f5c out/BSP/Common/cipher_suite/bflb_ecdsa.o
 .debug_info    0x0000000000019d38       0xf0 out/BSP/Common/libc/memcpy.o
 .debug_info    0x0000000000019e28       0xd0 out/BSP/Common/libc/memset.o
 .debug_info    0x0000000000019ef8       0xce out/BSP/Common/libc/memcmp.o
 .debug_info    0x0000000000019fc6      0x509 out/BSP/Common/libc/vsnprintf.o
 .debug_info    0x000000000001a4cf       0x8e out/BSP/Common/libc/strlen.o
 .debug_info    0x000000000001a55d      0x916 out/BSP/Common/partition/partition.o
 .debug_info    0x000000000001ae73     0x13b9 out/BSP/Common/platform_print/platform_device.o
 .debug_info    0x000000000001c22c      0x9f3 out/BSP/Common/ring_buffer/ring_buffer.o
 .debug_info    0x000000000001cc1f      0x23f out/BSP/Common/soft_crc/softcrc.o
 .debug_info    0x000000000001ce5e      0x114 out/BSP/Common/xz/xz_crc32.o
 .debug_info    0x000000000001cf72     0x1b0a out/BSP/Common/xz/xz_dec_lzma2.o
 .debug_info    0x000000000001ea7c      0xcd7 out/BSP/Common/xz/xz_dec_stream.o
 .debug_info    0x000000000001f753      0x166 out/BSP/Common/xz/xz_port.o
 .debug_info    0x000000000001f8b9     0x1245 /d/download/riscv64-unknown-elf-gcc-8.2.0-2019.05.3-x86_64-linux-ubuntu14/bin/../lib/gcc/riscv64-unknown-elf/8.2.0/rv32imafc/ilp32f/libgcc.a(_udivdi3.o)
 .debug_info    0x0000000000020afe     0x12a3 /d/download/riscv64-unknown-elf-gcc-8.2.0-2019.05.3-x86_64-linux-ubuntu14/bin/../lib/gcc/riscv64-unknown-elf/8.2.0/rv32imafc/ilp32f/libgcc.a(_umoddi3.o)
 .debug_info    0x0000000000021da1      0xb6a /d/download/riscv64-unknown-elf-gcc-8.2.0-2019.05.3-x86_64-linux-ubuntu14/bin/../lib/gcc/riscv64-unknown-elf/8.2.0/rv32imafc/ilp32f/libgcc.a(_clz.o)

.debug_abbrev   0x0000000000000000     0x4e77
 .debug_abbrev  0x0000000000000000      0x3ed out/Examples/BLSP_Boot2/blsp_boot2.o
 .debug_abbrev  0x00000000000003ed      0x2c9 out/Examples/BLSP_Boot2/blsp_common.o
 .debug_abbrev  0x00000000000006b6      0x3b3 out/Examples/BLSP_Boot2/blsp_media_boot.o
 .debug_abbrev  0x0000000000000a69      0x3bb out/Examples/BLSP_Boot2/blsp_boot_parser.o
 .debug_abbrev  0x0000000000000e24      0x327 out/Examples/BLSP_Boot2/blsp_boot_decompress.o
 .debug_abbrev  0x000000000000114b      0x450 out/Examples/BLSP_Boot2/blsp_port.o
 .debug_abbrev  0x000000000000159b      0x131 out/startup/system_bl602.o
 .debug_abbrev  0x00000000000016cc       0x94 out/startup/GCC/start_load.o
 .debug_abbrev  0x0000000000001760      0x130 out/startup/interrupt.o
 .debug_abbrev  0x0000000000001890       0x12 out/startup/GCC/entry.o
 .debug_abbrev  0x00000000000018a2      0x121 out/BSP/StdDriver/bl602_common.o
 .debug_abbrev  0x00000000000019c3      0x27a out/BSP/StdDriver/bl602_uart.o
 .debug_abbrev  0x0000000000001c3d      0x26d out/BSP/StdDriver/bl602_glb.o
 .debug_abbrev  0x0000000000001eaa      0x358 out/BSP/StdDriver/bl602_ef_ctrl.o
 .debug_abbrev  0x0000000000002202      0x33c out/BSP/StdDriver/bl602_hbn.o
 .debug_abbrev  0x000000000000253e      0x45f out/BSP/StdDriver/bl602_sec_eng.o
 .debug_abbrev  0x000000000000299d      0x2a0 out/BSP/StdDriver/bl602_romapi.o
 .debug_abbrev  0x0000000000002c3d      0x2b6 out/BSP/Common/cipher_suite/bflb_ecdsa.o
 .debug_abbrev  0x0000000000002ef3       0xba out/BSP/Common/libc/memcpy.o
 .debug_abbrev  0x0000000000002fad       0x9d out/BSP/Common/libc/memset.o
 .debug_abbrev  0x000000000000304a       0xa2 out/BSP/Common/libc/memcmp.o
 .debug_abbrev  0x00000000000030ec      0x1f4 out/BSP/Common/libc/vsnprintf.o
 .debug_abbrev  0x00000000000032e0       0x8c out/BSP/Common/libc/strlen.o
 .debug_abbrev  0x000000000000336c      0x29e out/BSP/Common/partition/partition.o
 .debug_abbrev  0x000000000000360a      0x401 out/BSP/Common/platform_print/platform_device.o
 .debug_abbrev  0x0000000000003a0b      0x2c2 out/BSP/Common/ring_buffer/ring_buffer.o
 .debug_abbrev  0x0000000000003ccd      0x109 out/BSP/Common/soft_crc/softcrc.o
 .debug_abbrev  0x0000000000003dd6       0xcb out/BSP/Common/xz/xz_crc32.o
 .debug_abbrev  0x0000000000003ea1      0x3a0 out/BSP/Common/xz/xz_dec_lzma2.o
 .debug_abbrev  0x0000000000004241      0x36c out/BSP/Common/xz/xz_dec_stream.o
 .debug_abbrev  0x00000000000045ad      0x12e out/BSP/Common/xz/xz_port.o
 .debug_abbrev  0x00000000000046db      0x2cc /d/download/riscv64-unknown-elf-gcc-8.2.0-2019.05.3-x86_64-linux-ubuntu14/bin/../lib/gcc/riscv64-unknown-elf/8.2.0/rv32imafc/ilp32f/libgcc.a(_udivdi3.o)
 .debug_abbrev  0x00000000000049a7      0x2e8 /d/download/riscv64-unknown-elf-gcc-8.2.0-2019.05.3-x86_64-linux-ubuntu14/bin/../lib/gcc/riscv64-unknown-elf/8.2.0/rv32imafc/ilp32f/libgcc.a(_umoddi3.o)
 .debug_abbrev  0x0000000000004c8f      0x1e8 /d/download/riscv64-unknown-elf-gcc-8.2.0-2019.05.3-x86_64-linux-ubuntu14/bin/../lib/gcc/riscv64-unknown-elf/8.2.0/rv32imafc/ilp32f/libgcc.a(_clz.o)

.debug_loc      0x0000000000000000    0x1781a
 .debug_loc     0x0000000000000000      0xa1d out/Examples/BLSP_Boot2/blsp_boot2.o
 .debug_loc     0x0000000000000a1d      0x165 out/Examples/BLSP_Boot2/blsp_common.o
 .debug_loc     0x0000000000000b82      0x6cd out/Examples/BLSP_Boot2/blsp_media_boot.o
 .debug_loc     0x000000000000124f      0x7e1 out/Examples/BLSP_Boot2/blsp_boot_parser.o
 .debug_loc     0x0000000000001a30      0x2d6 out/Examples/BLSP_Boot2/blsp_boot_decompress.o
 .debug_loc     0x0000000000001d06      0x337 out/Examples/BLSP_Boot2/blsp_port.o
 .debug_loc     0x000000000000203d       0x14 out/startup/system_bl602.o
 .debug_loc     0x0000000000002051       0x5d out/startup/GCC/start_load.o
 .debug_loc     0x00000000000020ae      0x122 out/startup/interrupt.o
 .debug_loc     0x00000000000021d0       0xf1 out/BSP/StdDriver/bl602_common.o
 .debug_loc     0x00000000000022c1     0x1033 out/BSP/StdDriver/bl602_uart.o
 .debug_loc     0x00000000000032f4     0x17c3 out/BSP/StdDriver/bl602_glb.o
 .debug_loc     0x0000000000004ab7     0x23c0 out/BSP/StdDriver/bl602_ef_ctrl.o
 .debug_loc     0x0000000000006e77     0x1221 out/BSP/StdDriver/bl602_hbn.o
 .debug_loc     0x0000000000008098     0x62c2 out/BSP/StdDriver/bl602_sec_eng.o
 .debug_loc     0x000000000000e35a     0x1c9e out/BSP/StdDriver/bl602_romapi.o
 .debug_loc     0x000000000000fff8      0xb15 out/BSP/Common/cipher_suite/bflb_ecdsa.o
 .debug_loc     0x0000000000010b0d       0x6f out/BSP/Common/libc/memcpy.o
 .debug_loc     0x0000000000010b7c       0x9a out/BSP/Common/libc/memset.o
 .debug_loc     0x0000000000010c16       0xb1 out/BSP/Common/libc/memcmp.o
 .debug_loc     0x0000000000010cc7     0x18b4 out/BSP/Common/libc/vsnprintf.o
 .debug_loc     0x000000000001257b       0x71 out/BSP/Common/libc/strlen.o
 .debug_loc     0x00000000000125ec      0x90e out/BSP/Common/partition/partition.o
 .debug_loc     0x0000000000012efa      0x722 out/BSP/Common/platform_print/platform_device.o
 .debug_loc     0x000000000001361c      0x98f out/BSP/Common/ring_buffer/ring_buffer.o
 .debug_loc     0x0000000000013fab      0x2ac out/BSP/Common/soft_crc/softcrc.o
 .debug_loc     0x0000000000014257       0x8c out/BSP/Common/xz/xz_crc32.o
 .debug_loc     0x00000000000142e3     0x182a out/BSP/Common/xz/xz_dec_lzma2.o
 .debug_loc     0x0000000000015b0d      0x769 out/BSP/Common/xz/xz_dec_stream.o
 .debug_loc     0x0000000000016276       0x6b out/BSP/Common/xz/xz_port.o
 .debug_loc     0x00000000000162e1      0xbd0 /d/download/riscv64-unknown-elf-gcc-8.2.0-2019.05.3-x86_64-linux-ubuntu14/bin/../lib/gcc/riscv64-unknown-elf/8.2.0/rv32imafc/ilp32f/libgcc.a(_udivdi3.o)
 .debug_loc     0x0000000000016eb1      0x969 /d/download/riscv64-unknown-elf-gcc-8.2.0-2019.05.3-x86_64-linux-ubuntu14/bin/../lib/gcc/riscv64-unknown-elf/8.2.0/rv32imafc/ilp32f/libgcc.a(_umoddi3.o)

.debug_aranges  0x0000000000000000     0x1628
 .debug_aranges
                0x0000000000000000       0x48 out/Examples/BLSP_Boot2/blsp_boot2.o
 .debug_aranges
                0x0000000000000048       0x38 out/Examples/BLSP_Boot2/blsp_common.o
 .debug_aranges
                0x0000000000000080       0x30 out/Examples/BLSP_Boot2/blsp_media_boot.o
 .debug_aranges
                0x00000000000000b0       0x48 out/Examples/BLSP_Boot2/blsp_boot_parser.o
 .debug_aranges
                0x00000000000000f8       0x30 out/Examples/BLSP_Boot2/blsp_boot_decompress.o
 .debug_aranges
                0x0000000000000128      0x108 out/Examples/BLSP_Boot2/blsp_port.o
 .debug_aranges
                0x0000000000000230       0x28 out/startup/system_bl602.o
 .debug_aranges
                0x0000000000000258       0x20 out/startup/GCC/start_load.o
 .debug_aranges
                0x0000000000000278       0x68 out/startup/interrupt.o
 .debug_aranges
                0x00000000000002e0       0x30 out/startup/GCC/entry.o
 .debug_aranges
                0x0000000000000310       0x28 out/BSP/StdDriver/bl602_common.o
 .debug_aranges
                0x0000000000000338      0x108 out/BSP/StdDriver/bl602_uart.o
 .debug_aranges
                0x0000000000000440      0x210 out/BSP/StdDriver/bl602_glb.o
 .debug_aranges
                0x0000000000000650      0x1a0 out/BSP/StdDriver/bl602_ef_ctrl.o
 .debug_aranges
                0x00000000000007f0      0x1f8 out/BSP/StdDriver/bl602_hbn.o
 .debug_aranges
                0x00000000000009e8      0x260 out/BSP/StdDriver/bl602_sec_eng.o
 .debug_aranges
                0x0000000000000c48      0x568 out/BSP/StdDriver/bl602_romapi.o
 .debug_aranges
                0x00000000000011b0       0x90 out/BSP/Common/cipher_suite/bflb_ecdsa.o
 .debug_aranges
                0x0000000000001240       0x20 out/BSP/Common/libc/memcpy.o
 .debug_aranges
                0x0000000000001260       0x20 out/BSP/Common/libc/memset.o
 .debug_aranges
                0x0000000000001280       0x20 out/BSP/Common/libc/memcmp.o
 .debug_aranges
                0x00000000000012a0       0x20 out/BSP/Common/libc/vsnprintf.o
 .debug_aranges
                0x00000000000012c0       0x20 out/BSP/Common/libc/strlen.o
 .debug_aranges
                0x00000000000012e0       0x58 out/BSP/Common/partition/partition.o
 .debug_aranges
                0x0000000000001338       0xd0 out/BSP/Common/platform_print/platform_device.o
 .debug_aranges
                0x0000000000001408       0xa0 out/BSP/Common/ring_buffer/ring_buffer.o
 .debug_aranges
                0x00000000000014a8       0x30 out/BSP/Common/soft_crc/softcrc.o
 .debug_aranges
                0x00000000000014d8       0x28 out/BSP/Common/xz/xz_crc32.o
 .debug_aranges
                0x0000000000001500       0x50 out/BSP/Common/xz/xz_dec_lzma2.o
 .debug_aranges
                0x0000000000001550       0x50 out/BSP/Common/xz/xz_dec_stream.o
 .debug_aranges
                0x00000000000015a0       0x30 out/BSP/Common/xz/xz_port.o
 .debug_aranges
                0x00000000000015d0       0x20 /d/download/riscv64-unknown-elf-gcc-8.2.0-2019.05.3-x86_64-linux-ubuntu14/bin/../lib/gcc/riscv64-unknown-elf/8.2.0/rv32imafc/ilp32f/libgcc.a(_udivdi3.o)
 .debug_aranges
                0x00000000000015f0       0x20 /d/download/riscv64-unknown-elf-gcc-8.2.0-2019.05.3-x86_64-linux-ubuntu14/bin/../lib/gcc/riscv64-unknown-elf/8.2.0/rv32imafc/ilp32f/libgcc.a(_umoddi3.o)
 .debug_aranges
                0x0000000000001610       0x18 /d/download/riscv64-unknown-elf-gcc-8.2.0-2019.05.3-x86_64-linux-ubuntu14/bin/../lib/gcc/riscv64-unknown-elf/8.2.0/rv32imafc/ilp32f/libgcc.a(_clz.o)

.debug_ranges   0x0000000000000000     0x28e8
 .debug_ranges  0x0000000000000000       0xf0 out/Examples/BLSP_Boot2/blsp_boot2.o
 .debug_ranges  0x00000000000000f0       0x40 out/Examples/BLSP_Boot2/blsp_common.o
 .debug_ranges  0x0000000000000130       0xe8 out/Examples/BLSP_Boot2/blsp_media_boot.o
 .debug_ranges  0x0000000000000218       0x58 out/Examples/BLSP_Boot2/blsp_boot_parser.o
 .debug_ranges  0x0000000000000270       0x20 out/Examples/BLSP_Boot2/blsp_boot_decompress.o
 .debug_ranges  0x0000000000000290      0x168 out/Examples/BLSP_Boot2/blsp_port.o
 .debug_ranges  0x00000000000003f8       0x18 out/startup/system_bl602.o
 .debug_ranges  0x0000000000000410       0x10 out/startup/GCC/start_load.o
 .debug_ranges  0x0000000000000420       0x58 out/startup/interrupt.o
 .debug_ranges  0x0000000000000478       0x28 out/startup/GCC/entry.o
 .debug_ranges  0x00000000000004a0       0x30 out/BSP/StdDriver/bl602_common.o
 .debug_ranges  0x00000000000004d0      0x148 out/BSP/StdDriver/bl602_uart.o
 .debug_ranges  0x0000000000000618      0x218 out/BSP/StdDriver/bl602_glb.o
 .debug_ranges  0x0000000000000830      0x2b8 out/BSP/StdDriver/bl602_ef_ctrl.o
 .debug_ranges  0x0000000000000ae8      0x230 out/BSP/StdDriver/bl602_hbn.o
 .debug_ranges  0x0000000000000d18      0x7e0 out/BSP/StdDriver/bl602_sec_eng.o
 .debug_ranges  0x00000000000014f8      0x558 out/BSP/StdDriver/bl602_romapi.o
 .debug_ranges  0x0000000000001a50       0x80 out/BSP/Common/cipher_suite/bflb_ecdsa.o
 .debug_ranges  0x0000000000001ad0       0x10 out/BSP/Common/libc/memcpy.o
 .debug_ranges  0x0000000000001ae0       0x10 out/BSP/Common/libc/memset.o
 .debug_ranges  0x0000000000001af0       0x10 out/BSP/Common/libc/memcmp.o
 .debug_ranges  0x0000000000001b00       0x90 out/BSP/Common/libc/vsnprintf.o
 .debug_ranges  0x0000000000001b90       0x10 out/BSP/Common/libc/strlen.o
 .debug_ranges  0x0000000000001ba0       0x48 out/BSP/Common/partition/partition.o
 .debug_ranges  0x0000000000001be8      0x148 out/BSP/Common/platform_print/platform_device.o
 .debug_ranges  0x0000000000001d30      0x100 out/BSP/Common/ring_buffer/ring_buffer.o
 .debug_ranges  0x0000000000001e30       0x20 out/BSP/Common/soft_crc/softcrc.o
 .debug_ranges  0x0000000000001e50       0x18 out/BSP/Common/xz/xz_crc32.o
 .debug_ranges  0x0000000000001e68      0x608 out/BSP/Common/xz/xz_dec_lzma2.o
 .debug_ranges  0x0000000000002470      0x288 out/BSP/Common/xz/xz_dec_stream.o
 .debug_ranges  0x00000000000026f8       0x20 out/BSP/Common/xz/xz_port.o
 .debug_ranges  0x0000000000002718      0x100 /d/download/riscv64-unknown-elf-gcc-8.2.0-2019.05.3-x86_64-linux-ubuntu14/bin/../lib/gcc/riscv64-unknown-elf/8.2.0/rv32imafc/ilp32f/libgcc.a(_udivdi3.o)
 .debug_ranges  0x0000000000002818       0xd0 /d/download/riscv64-unknown-elf-gcc-8.2.0-2019.05.3-x86_64-linux-ubuntu14/bin/../lib/gcc/riscv64-unknown-elf/8.2.0/rv32imafc/ilp32f/libgcc.a(_umoddi3.o)

.debug_macro    0x0000000000000000    0x217d6
 .debug_macro   0x0000000000000000      0x248 out/Examples/BLSP_Boot2/blsp_boot2.o
 .debug_macro   0x0000000000000248      0x796 out/Examples/BLSP_Boot2/blsp_boot2.o
 .debug_macro   0x00000000000009de       0x16 out/Examples/BLSP_Boot2/blsp_boot2.o
 .debug_macro   0x00000000000009f4       0x58 out/Examples/BLSP_Boot2/blsp_boot2.o
 .debug_macro   0x0000000000000a4c       0x34 out/Examples/BLSP_Boot2/blsp_boot2.o
 .debug_macro   0x0000000000000a80      0x1f0 out/Examples/BLSP_Boot2/blsp_boot2.o
 .debug_macro   0x0000000000000c70       0x16 out/Examples/BLSP_Boot2/blsp_boot2.o
 .debug_macro   0x0000000000000c86       0x40 out/Examples/BLSP_Boot2/blsp_boot2.o
 .debug_macro   0x0000000000000cc6      0x204 out/Examples/BLSP_Boot2/blsp_boot2.o
 .debug_macro   0x0000000000000eca       0x88 out/Examples/BLSP_Boot2/blsp_boot2.o
 .debug_macro   0x0000000000000f52       0x52 out/Examples/BLSP_Boot2/blsp_boot2.o
 .debug_macro   0x0000000000000fa4     0x163c out/Examples/BLSP_Boot2/blsp_boot2.o
 .debug_macro   0x00000000000025e0     0x47b1 out/Examples/BLSP_Boot2/blsp_boot2.o
 .debug_macro   0x0000000000006d91     0x11f8 out/Examples/BLSP_Boot2/blsp_boot2.o
 .debug_macro   0x0000000000007f89      0x7ba out/Examples/BLSP_Boot2/blsp_boot2.o
 .debug_macro   0x0000000000008743      0x36b out/Examples/BLSP_Boot2/blsp_boot2.o
 .debug_macro   0x0000000000008aae       0x22 out/Examples/BLSP_Boot2/blsp_boot2.o
 .debug_macro   0x0000000000008ad0       0x4f out/Examples/BLSP_Boot2/blsp_boot2.o
 .debug_macro   0x0000000000008b1f      0xaec out/Examples/BLSP_Boot2/blsp_boot2.o
 .debug_macro   0x000000000000960b     0x1a74 out/Examples/BLSP_Boot2/blsp_boot2.o
 .debug_macro   0x000000000000b07f      0xd67 out/Examples/BLSP_Boot2/blsp_boot2.o
 .debug_macro   0x000000000000bde6       0x3c out/Examples/BLSP_Boot2/blsp_boot2.o
 .debug_macro   0x000000000000be22     0x2071 out/Examples/BLSP_Boot2/blsp_boot2.o
 .debug_macro   0x000000000000de93       0x66 out/Examples/BLSP_Boot2/blsp_boot2.o
 .debug_macro   0x000000000000def9       0x19 out/Examples/BLSP_Boot2/blsp_boot2.o
 .debug_macro   0x000000000000df12       0xb3 out/Examples/BLSP_Boot2/blsp_boot2.o
 .debug_macro   0x000000000000dfc5       0x70 out/Examples/BLSP_Boot2/blsp_boot2.o
 .debug_macro   0x000000000000e035       0x96 out/Examples/BLSP_Boot2/blsp_boot2.o
 .debug_macro   0x000000000000e0cb      0x100 out/Examples/BLSP_Boot2/blsp_boot2.o
 .debug_macro   0x000000000000e1cb      0x8d3 out/Examples/BLSP_Boot2/blsp_boot2.o
 .debug_macro   0x000000000000ea9e       0x3c out/Examples/BLSP_Boot2/blsp_boot2.o
 .debug_macro   0x000000000000eada     0x2c9b out/Examples/BLSP_Boot2/blsp_boot2.o
 .debug_macro   0x0000000000011775       0x66 out/Examples/BLSP_Boot2/blsp_boot2.o
 .debug_macro   0x00000000000117db      0x342 out/Examples/BLSP_Boot2/blsp_boot2.o
 .debug_macro   0x0000000000011b1d       0x58 out/Examples/BLSP_Boot2/blsp_boot2.o
 .debug_macro   0x0000000000011b75       0x16 out/Examples/BLSP_Boot2/blsp_boot2.o
 .debug_macro   0x0000000000011b8b       0x10 out/Examples/BLSP_Boot2/blsp_boot2.o
 .debug_macro   0x0000000000011b9b       0x28 out/Examples/BLSP_Boot2/blsp_boot2.o
 .debug_macro   0x0000000000011bc3       0x76 out/Examples/BLSP_Boot2/blsp_boot2.o
 .debug_macro   0x0000000000011c39       0x34 out/Examples/BLSP_Boot2/blsp_boot2.o
 .debug_macro   0x0000000000011c6d       0x1c out/Examples/BLSP_Boot2/blsp_boot2.o
 .debug_macro   0x0000000000011c89      0x22b out/Examples/BLSP_Boot2/blsp_common.o
 .debug_macro   0x0000000000011eb4      0x23f out/Examples/BLSP_Boot2/blsp_media_boot.o
 .debug_macro   0x00000000000120f3      0x241 out/Examples/BLSP_Boot2/blsp_boot_parser.o
 .debug_macro   0x0000000000012334       0x16 out/Examples/BLSP_Boot2/blsp_boot_parser.o
 .debug_macro   0x000000000001234a       0x70 out/Examples/BLSP_Boot2/blsp_boot_parser.o
 .debug_macro   0x00000000000123ba      0x24d out/Examples/BLSP_Boot2/blsp_boot_decompress.o
 .debug_macro   0x0000000000012607       0x25 out/Examples/BLSP_Boot2/blsp_boot_decompress.o
 .debug_macro   0x000000000001262c      0x22b out/Examples/BLSP_Boot2/blsp_port.o
 .debug_macro   0x0000000000012857      0x17f out/startup/system_bl602.o
 .debug_macro   0x00000000000129d6      0x790 out/startup/system_bl602.o
 .debug_macro   0x0000000000013166       0x52 out/startup/GCC/start_load.o
 .debug_macro   0x00000000000131b8       0x2c out/startup/interrupt.o
 .debug_macro   0x00000000000131e4       0xba out/BSP/StdDriver/bl602_common.o
 .debug_macro   0x000000000001329e      0x796 out/BSP/StdDriver/bl602_common.o
 .debug_macro   0x0000000000013a34      0x365 out/BSP/StdDriver/bl602_common.o
 .debug_macro   0x0000000000013d99      0x18d out/BSP/StdDriver/bl602_uart.o
 .debug_macro   0x0000000000013f26      0xa68 out/BSP/StdDriver/bl602_uart.o
 .debug_macro   0x000000000001498e       0x58 out/BSP/StdDriver/bl602_uart.o
 .debug_macro   0x00000000000149e6     0x47b7 out/BSP/StdDriver/bl602_uart.o
 .debug_macro   0x000000000001919d      0x197 out/BSP/StdDriver/bl602_glb.o
 .debug_macro   0x0000000000019334       0xf0 out/BSP/StdDriver/bl602_ef_ctrl.o
 .debug_macro   0x0000000000019424      0xd61 out/BSP/StdDriver/bl602_ef_ctrl.o
 .debug_macro   0x000000000001a185      0x99c out/BSP/StdDriver/bl602_ef_ctrl.o
 .debug_macro   0x000000000001ab21      0x183 out/BSP/StdDriver/bl602_hbn.o
 .debug_macro   0x000000000001aca4      0xae6 out/BSP/StdDriver/bl602_hbn.o
 .debug_macro   0x000000000001b78a       0xf3 out/BSP/StdDriver/bl602_sec_eng.o
 .debug_macro   0x000000000001b87d     0x2c95 out/BSP/StdDriver/bl602_sec_eng.o
 .debug_macro   0x000000000001e512      0x1aa out/BSP/StdDriver/bl602_romapi.o
 .debug_macro   0x000000000001e6bc      0x4cb out/BSP/StdDriver/bl602_romapi.o
 .debug_macro   0x000000000001eb87      0x16c out/BSP/Common/cipher_suite/bflb_ecdsa.o
 .debug_macro   0x000000000001ecf3       0x36 out/BSP/Common/libc/memcpy.o
 .debug_macro   0x000000000001ed29       0x36 out/BSP/Common/libc/memset.o
 .debug_macro   0x000000000001ed5f       0x2d out/BSP/Common/libc/memcmp.o
 .debug_macro   0x000000000001ed8c       0x97 out/BSP/Common/libc/vsnprintf.o
 .debug_macro   0x000000000001ee23       0x8e out/BSP/Common/libc/vsnprintf.o
 .debug_macro   0x000000000001eeb1       0x2d out/BSP/Common/libc/strlen.o
 .debug_macro   0x000000000001eede      0x10a out/BSP/Common/partition/partition.o
 .debug_macro   0x000000000001efe8     0x206b out/BSP/Common/partition/partition.o
 .debug_macro   0x0000000000021053       0x2e out/BSP/Common/partition/partition.o
 .debug_macro   0x0000000000021081      0x1e4 out/BSP/Common/platform_print/platform_device.o
 .debug_macro   0x0000000000021265       0x40 out/BSP/Common/platform_print/platform_device.o
 .debug_macro   0x00000000000212a5       0x10 out/BSP/Common/platform_print/platform_device.o
 .debug_macro   0x00000000000212b5       0xb7 out/BSP/Common/ring_buffer/ring_buffer.o
 .debug_macro   0x000000000002136c       0x89 out/BSP/Common/soft_crc/softcrc.o
 .debug_macro   0x00000000000213f5       0x8a out/BSP/Common/xz/xz_crc32.o
 .debug_macro   0x000000000002147f       0x1c out/BSP/Common/xz/xz_crc32.o
 .debug_macro   0x000000000002149b       0x1f out/BSP/Common/xz/xz_crc32.o
 .debug_macro   0x00000000000214ba       0x46 out/BSP/Common/xz/xz_crc32.o
 .debug_macro   0x0000000000021500       0x2e out/BSP/Common/xz/xz_crc32.o
 .debug_macro   0x000000000002152e       0x99 out/BSP/Common/xz/xz_dec_lzma2.o
 .debug_macro   0x00000000000215c7       0xd7 out/BSP/Common/xz/xz_dec_lzma2.o
 .debug_macro   0x000000000002169e       0x93 out/BSP/Common/xz/xz_dec_stream.o
 .debug_macro   0x0000000000021731       0x40 out/BSP/Common/xz/xz_dec_stream.o
 .debug_macro   0x0000000000021771       0x65 out/BSP/Common/xz/xz_port.o

.debug_line     0x0000000000000000    0x23877
 .debug_line    0x0000000000000000     0x1120 out/Examples/BLSP_Boot2/blsp_boot2.o
 .debug_line    0x0000000000001120      0x8f5 out/Examples/BLSP_Boot2/blsp_common.o
 .debug_line    0x0000000000001a15      0xf0e out/Examples/BLSP_Boot2/blsp_media_boot.o
 .debug_line    0x0000000000002923      0xec8 out/Examples/BLSP_Boot2/blsp_boot_parser.o
 .debug_line    0x00000000000037eb      0xa84 out/Examples/BLSP_Boot2/blsp_boot_decompress.o
 .debug_line    0x000000000000426f      0xf71 out/Examples/BLSP_Boot2/blsp_port.o
 .debug_line    0x00000000000051e0      0x45d out/startup/system_bl602.o
 .debug_line    0x000000000000563d      0x26b out/startup/GCC/start_load.o
 .debug_line    0x00000000000058a8      0x2a8 out/startup/interrupt.o
 .debug_line    0x0000000000005b50      0x147 out/startup/GCC/entry.o
 .debug_line    0x0000000000005c97      0x39d out/BSP/StdDriver/bl602_common.o
 .debug_line    0x0000000000006034     0x1810 out/BSP/StdDriver/bl602_uart.o
 .debug_line    0x0000000000007844     0x2911 out/BSP/StdDriver/bl602_glb.o
 .debug_line    0x000000000000a155     0x2efc out/BSP/StdDriver/bl602_ef_ctrl.o
 .debug_line    0x000000000000d051     0x21bf out/BSP/StdDriver/bl602_hbn.o
 .debug_line    0x000000000000f210     0x6a24 out/BSP/StdDriver/bl602_sec_eng.o
 .debug_line    0x0000000000015c34     0x1518 out/BSP/StdDriver/bl602_romapi.o
 .debug_line    0x000000000001714c     0x1284 out/BSP/Common/cipher_suite/bflb_ecdsa.o
 .debug_line    0x00000000000183d0       0xf6 out/BSP/Common/libc/memcpy.o
 .debug_line    0x00000000000184c6       0xd6 out/BSP/Common/libc/memset.o
 .debug_line    0x000000000001859c      0x102 out/BSP/Common/libc/memcmp.o
 .debug_line    0x000000000001869e     0x1619 out/BSP/Common/libc/vsnprintf.o
 .debug_line    0x0000000000019cb7       0xca out/BSP/Common/libc/strlen.o
 .debug_line    0x0000000000019d81      0xc08 out/BSP/Common/partition/partition.o
 .debug_line    0x000000000001a989     0x111a out/BSP/Common/platform_print/platform_device.o
 .debug_line    0x000000000001baa3     0x11ac out/BSP/Common/ring_buffer/ring_buffer.o
 .debug_line    0x000000000001cc4f      0x3f6 out/BSP/Common/soft_crc/softcrc.o
 .debug_line    0x000000000001d045      0x18e out/BSP/Common/xz/xz_crc32.o
 .debug_line    0x000000000001d1d3     0x3588 out/BSP/Common/xz/xz_dec_lzma2.o
 .debug_line    0x000000000002075b     0x1721 out/BSP/Common/xz/xz_dec_stream.o
 .debug_line    0x0000000000021e7c      0x25d out/BSP/Common/xz/xz_port.o
 .debug_line    0x00000000000220d9      0x9e6 /d/download/riscv64-unknown-elf-gcc-8.2.0-2019.05.3-x86_64-linux-ubuntu14/bin/../lib/gcc/riscv64-unknown-elf/8.2.0/rv32imafc/ilp32f/libgcc.a(_udivdi3.o)
 .debug_line    0x0000000000022abf      0xa96 /d/download/riscv64-unknown-elf-gcc-8.2.0-2019.05.3-x86_64-linux-ubuntu14/bin/../lib/gcc/riscv64-unknown-elf/8.2.0/rv32imafc/ilp32f/libgcc.a(_umoddi3.o)
 .debug_line    0x0000000000023555      0x322 /d/download/riscv64-unknown-elf-gcc-8.2.0-2019.05.3-x86_64-linux-ubuntu14/bin/../lib/gcc/riscv64-unknown-elf/8.2.0/rv32imafc/ilp32f/libgcc.a(_clz.o)

.debug_str      0x0000000000000000    0x9fe20
 .debug_str     0x0000000000000000    0x84877 out/Examples/BLSP_Boot2/blsp_boot2.o
                                      0x84ac6 (size before relaxing)
 .debug_str     0x0000000000084877       0xe6 out/Examples/BLSP_Boot2/blsp_common.o
                                      0x84137 (size before relaxing)
 .debug_str     0x000000000008495d      0x22c out/Examples/BLSP_Boot2/blsp_media_boot.o
                                      0x8432d (size before relaxing)
 .debug_str     0x0000000000084b89      0x22a out/Examples/BLSP_Boot2/blsp_boot_parser.o
                                      0x843f4 (size before relaxing)
 .debug_str     0x0000000000084db3      0x1e8 out/Examples/BLSP_Boot2/blsp_boot_decompress.o
                                      0x84763 (size before relaxing)
 .debug_str     0x0000000000084f9b      0xa34 out/Examples/BLSP_Boot2/blsp_port.o
                                      0x84fb5 (size before relaxing)
 .debug_str     0x00000000000859cf      0x502 out/startup/system_bl602.o
                                      0x662eb (size before relaxing)
 .debug_str     0x0000000000085ed1      0x160 out/startup/GCC/start_load.o
                                       0x8a93 (size before relaxing)
 .debug_str     0x0000000000086031       0xd3 out/startup/interrupt.o
                                       0x32b3 (size before relaxing)
 .debug_str     0x0000000000086104       0x41 out/startup/GCC/entry.o
                                         0x65 (size before relaxing)
 .debug_str     0x0000000000086145       0x44 out/BSP/StdDriver/bl602_common.o
                                       0xa8aa (size before relaxing)
 .debug_str     0x0000000000086189     0x5cb9 out/BSP/StdDriver/bl602_uart.o
                                      0x6bd9a (size before relaxing)
 .debug_str     0x000000000008be42      0xf45 out/BSP/StdDriver/bl602_glb.o
                                      0x675b4 (size before relaxing)
 .debug_str     0x000000000008cd87     0x646b out/BSP/StdDriver/bl602_ef_ctrl.o
                                      0x17259 (size before relaxing)
 .debug_str     0x00000000000931f2      0xb08 out/BSP/StdDriver/bl602_hbn.o
                                      0x67271 (size before relaxing)
 .debug_str     0x0000000000093cfa     0x1235 out/BSP/StdDriver/bl602_sec_eng.o
                                      0x22e2e (size before relaxing)
 .debug_str     0x0000000000094f2f     0x76df out/BSP/StdDriver/bl602_romapi.o
                                      0x87d58 (size before relaxing)
 .debug_str     0x000000000009c60e      0x6a5 out/BSP/Common/cipher_suite/bflb_ecdsa.o
                                      0x22498 (size before relaxing)
 .debug_str     0x000000000009ccb3       0x1d out/BSP/Common/libc/memcpy.o
                                       0x2e35 (size before relaxing)
 .debug_str     0x000000000009ccd0       0x1d out/BSP/Common/libc/memset.o
                                       0x2e35 (size before relaxing)
 .debug_str     0x000000000009cced       0x1d out/BSP/Common/libc/memcmp.o
                                       0x268a (size before relaxing)