Archive member included to satisfy reference by file (symbol)

/home/hogc/build-tools/sdk/bl/bl_iot_sdk/customer_app/sdk_app_helloworld/build_out/bl602/libbl602.a(start.o)
                              (bl602_start)
/home/hogc/build-tools/sdk/bl/bl_iot_sdk/customer_app/sdk_app_helloworld/build_out/hal_drv/libhal_drv.a(hal_boot2.o)
                              /home/hogc/build-tools/sdk/bl/bl_iot_sdk/customer_app/sdk_app_helloworld/build_out/bl602/libbl602.a(start.o) (hal_boot2_get_flash_addr)
/home/hogc/build-tools/sdk/bl/bl_iot_sdk/customer_app/sdk_app_helloworld/build_out/hal_drv/libhal_drv.a(bl_boot2.o)
                              /home/hogc/build-tools/sdk/bl/bl_iot_sdk/customer_app/sdk_app_helloworld/build_out/hal_drv/libhal_drv.a(hal_boot2.o) (PtTable_Update_Entry)
/home/hogc/build-tools/sdk/bl/bl_iot_sdk/customer_app/sdk_app_helloworld/build_out/hal_drv/libhal_drv.a(bl_flash.o)
                              /home/hogc/build-tools/sdk/bl/bl_iot_sdk/customer_app/sdk_app_helloworld/build_out/hal_drv/libhal_drv.a(bl_boot2.o) (bl_flash_erase)
/home/hogc/build-tools/sdk/bl/bl_iot_sdk/customer_app/sdk_app_helloworld/build_out/sdk_app_helloworld/libsdk_app_helloworld.a(main.o)
                              /home/hogc/build-tools/sdk/bl/bl_iot_sdk/customer_app/sdk_app_helloworld/build_out/bl602/libbl602.a(start.o) (bfl_main)
/home/hogc/build-tools/sdk/bl/bl_iot_sdk/customer_app/sdk_app_helloworld/build_out/bl602/libbl602.a(debug.o)
                              /home/hogc/build-tools/sdk/bl/bl_iot_sdk/customer_app/sdk_app_helloworld/build_out/sdk_app_helloworld/libsdk_app_helloworld.a(main.o) (printf)
/home/hogc/build-tools/sdk/bl/bl_iot_sdk/customer_app/sdk_app_helloworld/build_out/bl602_std/libbl602_std.a(softcrc.o)
                              /home/hogc/build-tools/sdk/bl/bl_iot_sdk/customer_app/sdk_app_helloworld/build_out/hal_drv/libhal_drv.a(bl_boot2.o) (BFLB_Soft_CRC32)
/home/hogc/build-tools/sdk/bl/bl_iot_sdk/customer_app/sdk_app_helloworld/build_out/freertos_riscv_ram/libfreertos_riscv_ram.a(heap_5.o)
                              /home/hogc/build-tools/sdk/bl/bl_iot_sdk/customer_app/sdk_app_helloworld/build_out/sdk_app_helloworld/libsdk_app_helloworld.a(main.o) (xPortGetFreeHeapSize)
/home/hogc/build-tools/sdk/bl/bl_iot_sdk/customer_app/sdk_app_helloworld/build_out/freertos_riscv_ram/libfreertos_riscv_ram.a(tasks.o)
                              /home/hogc/build-tools/sdk/bl/bl_iot_sdk/customer_app/sdk_app_helloworld/build_out/freertos_riscv_ram/libfreertos_riscv_ram.a(heap_5.o) (vTaskSuspendAll)
/home/hogc/build-tools/sdk/bl/bl_iot_sdk/customer_app/sdk_app_helloworld/build_out/freertos_riscv_ram/libfreertos_riscv_ram.a(timers.o)
                              /home/hogc/build-tools/sdk/bl/bl_iot_sdk/customer_app/sdk_app_helloworld/build_out/freertos_riscv_ram/libfreertos_riscv_ram.a(tasks.o) (xTimerCreateTimerTask)
/home/hogc/build-tools/sdk/bl/bl_iot_sdk/customer_app/sdk_app_helloworld/build_out/freertos_riscv_ram/libfreertos_riscv_ram.a(port.o)
                              /home/hogc/build-tools/sdk/bl/bl_iot_sdk/customer_app/sdk_app_helloworld/build_out/freertos_riscv_ram/libfreertos_riscv_ram.a(tasks.o) (xPortStartScheduler)
/home/hogc/build-tools/sdk/bl/bl_iot_sdk/customer_app/sdk_app_helloworld/build_out/freertos_riscv_ram/libfreertos_riscv_ram.a(portASM.o)
                              /home/hogc/build-tools/sdk/bl/bl_iot_sdk/customer_app/sdk_app_helloworld/build_out/freertos_riscv_ram/libfreertos_riscv_ram.a(port.o) (xPortStartFirstTask)
/home/hogc/build-tools/sdk/bl/bl_iot_sdk/customer_app/sdk_app_helloworld/build_out/freertos_riscv_ram/libfreertos_riscv_ram.a(list.o)
                              /home/hogc/build-tools/sdk/bl/bl_iot_sdk/customer_app/sdk_app_helloworld/build_out/freertos_riscv_ram/libfreertos_riscv_ram.a(tasks.o) (vListInitialise)
/home/hogc/build-tools/sdk/bl/bl_iot_sdk/customer_app/sdk_app_helloworld/build_out/freertos_riscv_ram/libfreertos_riscv_ram.a(queue.o)
                              /home/hogc/build-tools/sdk/bl/bl_iot_sdk/customer_app/sdk_app_helloworld/build_out/freertos_riscv_ram/libfreertos_riscv_ram.a(timers.o) (xQueueGenericCreateStatic)
/home/hogc/build-tools/sdk/bl/bl_iot_sdk/customer_app/sdk_app_helloworld/build_out/hal_drv/libhal_drv.a(bl_uart.o)
                              /home/hogc/build-tools/sdk/bl/bl_iot_sdk/customer_app/sdk_app_helloworld/build_out/sdk_app_helloworld/libsdk_app_helloworld.a(main.o) (bl_uart_init)
/home/hogc/build-tools/sdk/bl/bl_iot_sdk/customer_app/sdk_app_helloworld/build_out/hal_drv/libhal_drv.a(bl_sys.o)
                              /home/hogc/build-tools/sdk/bl/bl_iot_sdk/customer_app/sdk_app_helloworld/build_out/bl602/libbl602.a(debug.o) (sys_log_all_enable)
/home/hogc/build-tools/sdk/bl/bl_iot_sdk/customer_app/sdk_app_helloworld/build_out/hal_drv/libhal_drv.a(bl_irq.o)
[...]
Memory Configuration

Name             Origin             Length             Attributes
rom              0x0000000021015000 0x000000000000b000 axrl !w
flash            0x0000000023000000 0x0000000000400000 axrl !w
ram_tcm          0x000000004200c000 0x0000000000036000 axw
ram_wifi         0x0000000042042000 0x000000000000a000 axw
*default*        0x0000000000000000 0xffffffffffffffff

Linker script and memory map

START GROUP
LOAD /home/hogc/build-tools/sdk/bl/bl_iot_sdk/customer_app/sdk_app_helloworld/build_out/bl602/libbl602.a
LOAD /home/hogc/build-tools/sdk/bl/bl_iot_sdk/customer_app/sdk_app_helloworld/build_out/bl602_std/libbl602_std.a
LOAD /home/hogc/build-tools/sdk/bl/bl_iot_sdk/customer_app/sdk_app_helloworld/build_out/blfdt/libblfdt.a
LOAD /home/hogc/build-tools/sdk/bl/bl_iot_sdk/customer_app/sdk_app_helloworld/build_out/blmtd/libblmtd.a
LOAD /home/hogc/build-tools/sdk/bl/bl_iot_sdk/customer_app/sdk_app_helloworld/build_out/blog/libblog.a
LOAD /home/hogc/build-tools/sdk/bl/bl_iot_sdk/customer_app/sdk_app_helloworld/build_out/blog_testc/libblog_testc.a
LOAD /home/hogc/build-tools/sdk/bl/bl_iot_sdk/customer_app/sdk_app_helloworld/build_out/bloop/libbloop.a
LOAD /home/hogc/build-tools/sdk/bl/bl_iot_sdk/customer_app/sdk_app_helloworld/build_out/bltime/libbltime.a
LOAD /home/hogc/build-tools/sdk/bl/bl_iot_sdk/customer_app/sdk_app_helloworld/build_out/cli/libcli.a
LOAD /home/hogc/build-tools/sdk/bl/bl_iot_sdk/customer_app/sdk_app_helloworld/build_out/freertos_riscv_ram/libfreertos_riscv_ram.a
LOAD /home/hogc/build-tools/sdk/bl/bl_iot_sdk/customer_app/sdk_app_helloworld/build_out/hal_drv/libhal_drv.a
LOAD /home/hogc/build-tools/sdk/bl/bl_iot_sdk/customer_app/sdk_app_helloworld/build_out/looprt/liblooprt.a
LOAD /home/hogc/build-tools/sdk/bl/bl_iot_sdk/customer_app/sdk_app_helloworld/build_out/loopset/libloopset.a
LOAD /home/hogc/build-tools/sdk/bl/bl_iot_sdk/customer_app/sdk_app_helloworld/build_out/romfs/libromfs.a
LOAD /home/hogc/build-tools/sdk/bl/bl_iot_sdk/customer_app/sdk_app_helloworld/build_out/sdk_app_helloworld/libsdk_app_helloworld.a
LOAD /home/hogc/build-tools/sdk/bl/bl_iot_sdk/customer_app/sdk_app_helloworld/build_out/utils/libutils.a
LOAD /home/hogc/build-tools/sdk/bl/bl_iot_sdk/customer_app/sdk_app_helloworld/build_out/vfs/libvfs.a
LOAD /home/hogc/build-tools/sdk/bl/bl_iot_sdk/customer_app/sdk_app_helloworld/build_out/yloop/libyloop.a
END GROUP
LOAD /home/hogc/build-tools/sdk/bl/bl_iot_sdk/toolchain/riscv/Linux/bin/../lib/gcc/riscv64-unknown-elf/8.3.0/../../../../riscv64-unknown-elf/lib/rv32imf/ilp32f/libm.a
LOAD /home/hogc/build-tools/sdk/bl/bl_iot_sdk/toolchain/riscv/Linux/bin/../lib/gcc/riscv64-unknown-elf/8.3.0/rv32imf/ilp32f/libgcc.a
START GROUP
LOAD /home/hogc/build-tools/sdk/bl/bl_iot_sdk/toolchain/riscv/Linux/bin/../lib/gcc/riscv64-unknown-elf/8.3.0/../../../../riscv64-unknown-elf/lib/rv32imf/ilp32f/libc.a
LOAD /home/hogc/build-tools/sdk/bl/bl_iot_sdk/toolchain/riscv/Linux/bin/../lib/gcc/riscv64-unknown-elf/8.3.0/../../../../riscv64-unknown-elf/lib/rv32imf/ilp32f/libgloss.a
END GROUP
LOAD /home/hogc/build-tools/sdk/bl/bl_iot_sdk/toolchain/riscv/Linux/bin/../lib/gcc/riscv64-unknown-elf/8.3.0/rv32imf/ilp32f/libgcc.a
                0x0000000000000000                __EM_SIZE = DEFINED (ble_controller_init)?0x2000:0x0
                0x0000000000000800                __stack_size = DEFINED (__stack_size)?__stack_size:0x800
                0x0000000042049c00                BOOT2_PT_ADDR = 0x42049c00
                0x0000000042049c18                BOOT2_FLASHCFG_ADDR = 0x42049c18

.init           0x0000000023000000       0xe0
 *(SORT_NONE(.init))
 .init          0x0000000023000000       0xe0 /home/hogc/build-tools/sdk/bl/bl_iot_sdk/customer_app/sdk_app_helloworld/build_out/bl602/libbl602.a(start.o)
                0x0000000023000000                bl602_start

.text           0x00000000230000e0     0x4810
 *(.text.unlikely .text.unlikely.*)
 *(.text.startup .text.startup.*)
 *(.text .text.*)
 .text.hal_boot2_get_flash_addr
                0x00000000230000e0       0x18 /home/hogc/build-tools/sdk/bl/bl_iot_sdk/customer_app/sdk_app_helloworld/build_out/hal_drv/libhal_drv.a(hal_boot2.o)
                0x00000000230000e0                hal_boot2_get_flash_addr
 .text.log_step
                0x00000000230000f8       0x10 /home/hogc/build-tools/sdk/bl/bl_iot_sdk/customer_app/sdk_app_helloworld/build_out/sdk_app_helloworld/libsdk_app_helloworld.a(main.o)
                0x00000000230000f8                log_step
 .text.helloworld
                0x0000000023000108       0x1a /home/hogc/build-tools/sdk/bl/bl_iot_sdk/customer_app/sdk_app_helloworld/build_out/sdk_app_helloworld/libsdk_app_helloworld.a(main.o)
                0x0000000023000108                helloworld
 .text.bfl_main
                0x0000000023000122       0x24 /home/hogc/build-tools/sdk/bl/bl_iot_sdk/customer_app/sdk_app_helloworld/build_out/sdk_app_helloworld/libsdk_app_helloworld.a(main.o)
                0x0000000023000122                bfl_main
 .text.format_int
                0x0000000023000146      0x25a /home/hogc/build-tools/sdk/bl/bl_iot_sdk/customer_app/sdk_app_helloworld/build_out/bl602/libbl602.a(debug.o)
 .text.cvt      0x00000000230003a0      0x23a /home/hogc/build-tools/sdk/bl/bl_iot_sdk/customer_app/sdk_app_helloworld/build_out/bl602/libbl602.a(debug.o)
 .text.ecvtbuf  0x00000000230005da        0x4 /home/hogc/build-tools/sdk/bl/bl_iot_sdk/customer_app/sdk_app_helloworld/build_out/bl602/libbl602.a(debug.o)
                0x00000000230005da                ecvtbuf
 .text.fcvtbuf  0x00000000230005de        0x4 /home/hogc/build-tools/sdk/bl/bl_iot_sdk/customer_app/sdk_app_helloworld/build_out/bl602/libbl602.a(debug.o)
                0x00000000230005de                fcvtbuf
 .text.flt      0x00000000230005e2      0x436 /home/hogc/build-tools/sdk/bl/bl_iot_sdk/customer_app/sdk_app_helloworld/build_out/bl602/libbl602.a(debug.o)
 .text.vsnprintf
                0x0000000023000a18      0x4d2 /home/hogc/build-tools/sdk/bl/bl_iot_sdk/customer_app/sdk_app_helloworld/build_out/bl602/libbl602.a(debug.o)
                0x0000000023000a18                vsnprintf
 .text.vsprintf
                0x0000000023000eea        0xa /home/hogc/build-tools/sdk/bl/bl_iot_sdk/customer_app/sdk_app_helloworld/build_out/bl602/libbl602.a(debug.o)
                0x0000000023000eea                vsprintf
 .text.vprint   0x0000000023000ef4       0x3a /home/hogc/build-tools/sdk/bl/bl_iot_sdk/customer_app/sdk_app_helloworld/build_out/bl602/libbl602.a(debug.o)
                0x0000000023000ef4                vprint
 .text.printf   0x0000000023000f2e       0x2a /home/hogc/build-tools/sdk/bl/bl_iot_sdk/customer_app/sdk_app_helloworld/build_out/bl602/libbl602.a(debug.o)
                0x0000000023000f2e                printf
 .text.bl_uart_init
                0x0000000023000f58       0xd6 /home/hogc/build-tools/sdk/bl/bl_iot_sdk/customer_app/sdk_app_helloworld/build_out/hal_drv/libhal_drv.a(bl_uart.o)
                0x0000000023000f58                bl_uart_init
 .text.bl_uart_data_send
                0x000000002300102e       0x34 /home/hogc/build-tools/sdk/bl/bl_iot_sdk/customer_app/sdk_app_helloworld/build_out/hal_drv/libhal_drv.a(bl_uart.o)
                0x000000002300102e                bl_uart_data_send
 .text.UART_Init
                0x0000000023001062       0xf4 /home/hogc/build-tools/sdk/bl/bl_iot_sdk/customer_app/sdk_app_helloworld/build_out/bl602_std/libbl602_std.a(bl602_uart.o)
                0x0000000023001062                UART_Init
 .text.UART_FifoConfig
                0x0000000023001156       0x6a /home/hogc/build-tools/sdk/bl/bl_iot_sdk/customer_app/sdk_app_helloworld/build_out/bl602_std/libbl602_std.a(bl602_uart.o)
                0x0000000023001156                UART_FifoConfig
 .text.UART_Enable
                0x00000000230011c0       0x34 /home/hogc/build-tools/sdk/bl/bl_iot_sdk/customer_app/sdk_app_helloworld/build_out/bl602_std/libbl602_std.a(bl602_uart.o)
                0x00000000230011c0                UART_Enable
 .text.UART_Disable
                0x00000000230011f4       0x30 /home/hogc/build-tools/sdk/bl/bl_iot_sdk/customer_app/sdk_app_helloworld/build_out/bl602_std/libbl602_std.a(bl602_uart.o)
                0x00000000230011f4                UART_Disable
 .text.UART_TxFreeRun
                0x0000000023001224       0x24 /home/hogc/build-tools/sdk/bl/bl_iot_sdk/customer_app/sdk_app_helloworld/build_out/bl602_std/libbl602_std.a(bl602_uart.o)
                0x0000000023001224                UART_TxFreeRun
 .text.UART_IntMask
                0x0000000023001248       0x3e /home/hogc/build-tools/sdk/bl/bl_iot_sdk/customer_app/sdk_app_helloworld/build_out/bl602_std/libbl602_std.a(bl602_uart.o)
                0x0000000023001248                UART_IntMask
 .text.UART_GetTxFifoCount
                0x0000000023001286       0x18 /home/hogc/build-tools/sdk/bl/bl_iot_sdk/customer_app/sdk_app_helloworld/build_out/bl602_std/libbl602_std.a(bl602_uart.o)
                0x0000000023001286                UART_GetTxFifoCount
 .text.GLB_Set_UART_CLK
                0x000000002300129e       0x3e /home/hogc/build-tools/sdk/bl/bl_iot_sdk/customer_app/sdk_app_helloworld/build_out/bl602_std/libbl602_std.a(bl602_glb.o)
                0x000000002300129e                GLB_Set_UART_CLK
 .text.GLB_UART_Fun_Sel
                0x00000000230012dc       0x24 /home/hogc/build-tools/sdk/bl/bl_iot_sdk/customer_app/sdk_app_helloworld/build_out/bl602_std/libbl602_std.a(bl602_glb.o)
                0x00000000230012dc                GLB_UART_Fun_Sel
 .text.HBN_Set_UART_CLK_Sel
                0x0000000023001300       0x12 /home/hogc/build-tools/sdk/bl/bl_iot_sdk/customer_app/sdk_app_helloworld/build_out/bl602_std/libbl602_std.a(bl602_hbn.o)
                0x0000000023001300                HBN_Set_UART_CLK_Sel
 *fill*         0x0000000023001312        0x2 
 .text          0x0000000023001314       0xf4 /home/hogc/build-tools/sdk/bl/bl_iot_sdk/toolchain/riscv/Linux/bin/../lib/gcc/riscv64-unknown-elf/8.3.0/../../../../riscv64-unknown-elf/lib/rv32imf/ilp32f/libm.a(lib_a-s_modf.o)
                0x0000000023001314                modf
 .text          0x0000000023001408       0x4c /home/hogc/build-tools/sdk/bl/bl_iot_sdk/toolchain/riscv/Linux/bin/../lib/gcc/riscv64-unknown-elf/8.3.0/rv32imf/ilp32f/libgcc.a(_clzsi2.o)
                0x0000000023001408                __clzsi2
 .text          0x0000000023001454      0x434 /home/hogc/build-tools/sdk/bl/bl_iot_sdk/toolchain/riscv/Linux/bin/../lib/gcc/riscv64-unknown-elf/8.3.0/rv32imf/ilp32f/libgcc.a(_udivdi3.o)
                0x0000000023001454                __udivdi3
 .text          0x0000000023001888      0x410 /home/hogc/build-tools/sdk/bl/bl_iot_sdk/toolchain/riscv/Linux/bin/../lib/gcc/riscv64-unknown-elf/8.3.0/rv32imf/ilp32f/libgcc.a(_umoddi3.o)
                0x0000000023001888                __umoddi3
 .text          0x0000000023001c98      0xb50 /home/hogc/build-tools/sdk/bl/bl_iot_sdk/toolchain/riscv/Linux/bin/../lib/gcc/riscv64-unknown-elf/8.3.0/rv32imf/ilp32f/libgcc.a(adddf3.o)
                0x0000000023001c98                __adddf3
 .text          0x00000000230027e8      0x8ac /home/hogc/build-tools/sdk/bl/bl_iot_sdk/toolchain/riscv/Linux/bin/../lib/gcc/riscv64-unknown-elf/8.3.0/rv32imf/ilp32f/libgcc.a(divdf3.o)
                0x00000000230027e8                __divdf3
 .text          0x0000000023003094       0xc8 /home/hogc/build-tools/sdk/bl/bl_iot_sdk/toolchain/riscv/Linux/bin/../lib/gcc/riscv64-unknown-elf/8.3.0/rv32imf/ilp32f/libgcc.a(eqdf2.o)
                0x0000000023003094                __eqdf2
                0x0000000023003094                __nedf2
 .text          0x000000002300315c       0xec /home/hogc/build-tools/sdk/bl/bl_iot_sdk/toolchain/riscv/Linux/bin/../lib/gcc/riscv64-unknown-elf/8.3.0/rv32imf/ilp32f/libgcc.a(gedf2.o)
                0x000000002300315c                __gtdf2
                0x000000002300315c                __gedf2
 .text          0x0000000023003248       0xec /home/hogc/build-tools/sdk/bl/bl_iot_sdk/toolchain/riscv/Linux/bin/../lib/gcc/riscv64-unknown-elf/8.3.0/rv32imf/ilp32f/libgcc.a(ledf2.o)
                0x0000000023003248                __ltdf2
                0x0000000023003248                __ledf2
 .text          0x0000000023003334      0x79c /home/hogc/build-tools/sdk/bl/bl_iot_sdk/toolchain/riscv/Linux/bin/../lib/gcc/riscv64-unknown-elf/8.3.0/rv32imf/ilp32f/libgcc.a(muldf3.o)
                0x0000000023003334                __muldf3
 .text          0x0000000023003ad0      0xb38 /home/hogc/build-tools/sdk/bl/bl_iot_sdk/toolchain/riscv/Linux/bin/../lib/gcc/riscv64-unknown-elf/8.3.0/rv32imf/ilp32f/libgcc.a(subdf3.o)
                0x0000000023003ad0                __subdf3
 .text          0x0000000023004608       0xfc /home/hogc/build-tools/sdk/bl/bl_iot_sdk/toolchain/riscv/Linux/bin/../lib/gcc/riscv64-unknown-elf/8.3.0/rv32imf/ilp32f/libgcc.a(fixdfsi.o)
                0x0000000023004608                __fixdfsi
 .text          0x0000000023004704      0x11c /home/hogc/build-tools/sdk/bl/bl_iot_sdk/toolchain/riscv/Linux/bin/../lib/gcc/riscv64-unknown-elf/8.3.0/../../../../riscv64-unknown-elf/lib/rv32imf/ilp32f/libc.a(lib_a-memcpy.o)
                0x0000000023004704                memcpy
 .text          0x0000000023004820       0x8c /home/hogc/build-tools/sdk/bl/bl_iot_sdk/toolchain/riscv/Linux/bin/../lib/gcc/riscv64-unknown-elf/8.3.0/../../../../riscv64-unknown-elf/lib/rv32imf/ilp32f/libc.a(lib_a-strlen.o)
                0x0000000023004820                strlen
 .text          0x00000000230048ac       0x44 /home/hogc/build-tools/sdk/bl/bl_iot_sdk/toolchain/riscv/Linux/bin/../lib/gcc/riscv64-unknown-elf/8.3.0/../../../../riscv64-unknown-elf/lib/rv32imf/ilp32f/libc.a(lib_a-strnlen.o)
                0x00000000230048ac                strnlen
 *(.gnu.linkonce.t.*)

.rodata         0x00000000230048f0      0x418
 *(.rdata)
 *(.rodata .rodata.*)
 .rodata.log_step.str1.4
                0x00000000230048f0        0xa /home/hogc/build-tools/sdk/bl/bl_iot_sdk/customer_app/sdk_app_helloworld/build_out/sdk_app_helloworld/libsdk_app_helloworld.a(main.o)
 *fill*         0x00000000230048fa        0x2 
 .rodata.str1.4
                0x00000000230048fc       0x26 /home/hogc/build-tools/sdk/bl/bl_iot_sdk/customer_app/sdk_app_helloworld/build_out/sdk_app_helloworld/libsdk_app_helloworld.a(main.o)
 *fill*         0x0000000023004922        0x2 
 .rodata.vsnprintf
                0x0000000023004924      0x1f4 /home/hogc/build-tools/sdk/bl/bl_iot_sdk/customer_app/sdk_app_helloworld/build_out/bl602/libbl602.a(debug.o)
 .rodata.cvt.cst8
                0x0000000023004b18       0x18 /home/hogc/build-tools/sdk/bl/bl_iot_sdk/customer_app/sdk_app_helloworld/build_out/bl602/libbl602.a(debug.o)
 .rodata.lcdigits.2256
                0x0000000023004b30       0x11 /home/hogc/build-tools/sdk/bl/bl_iot_sdk/customer_app/sdk_app_helloworld/build_out/bl602/libbl602.a(debug.o)
 *fill*         0x0000000023004b41        0x3 
 .rodata.ucdigits.2257
                0x0000000023004b44       0x11 /home/hogc/build-tools/sdk/bl/bl_iot_sdk/customer_app/sdk_app_helloworld/build_out/bl602/libbl602.a(debug.o)
 *fill*         0x0000000023004b55        0x3 
 .rodata.vsnprintf.str1.4
                0x0000000023004b58        0x8 /home/hogc/build-tools/sdk/bl/bl_iot_sdk/customer_app/sdk_app_helloworld/build_out/bl602/libbl602.a(debug.o)
                                          0x7 (size before relaxing)
 .rodata        0x0000000023004b60       0x20 /home/hogc/build-tools/sdk/bl/bl_iot_sdk/customer_app/sdk_app_helloworld/build_out/hal_drv/libhal_drv.a(bl_uart.o)
 .rodata        0x0000000023004b80       0x3c /home/hogc/build-tools/sdk/bl/bl_iot_sdk/toolchain/riscv/Linux/bin/../lib/gcc/riscv64-unknown-elf/8.3.0/rv32imf/ilp32f/libgcc.a(divdf3.o)
 .rodata        0x0000000023004bbc       0x3c /home/hogc/build-tools/sdk/bl/bl_iot_sdk/toolchain/riscv/Linux/bin/../lib/gcc/riscv64-unknown-elf/8.3.0/rv32imf/ilp32f/libgcc.a(muldf3.o)
 .rodata        0x0000000023004bf8      0x100 /home/hogc/build-tools/sdk/bl/bl_iot_sdk/toolchain/riscv/Linux/bin/../lib/gcc/riscv64-unknown-elf/8.3.0/rv32imf/ilp32f/libgcc.a(_clz.o)
                0x0000000023004bf8                __clz_tab
 *(.sdata2.*)
 .sdata2.uartAddr
                0x0000000023004cf8        0x8 /home/hogc/build-tools/sdk/bl/bl_iot_sdk/customer_app/sdk_app_helloworld/build_out/hal_drv/libhal_drv.a(bl_uart.o)
 .sdata2.uartAddr
                0x0000000023004d00        0x8 /home/hogc/build-tools/sdk/bl/bl_iot_sdk/customer_app/sdk_app_helloworld/build_out/bl602_std/libbl602_std.a(bl602_uart.o)
                0x0000000023004d08                . = ALIGN (0x4)
                0x0000000023004d08                _bl_static_cli_cmds_start = .
 *(.static_cli_cmds)
 *(.static_cli_cmds)
                0x0000000023004d08                _bl_static_cli_cmds_end = .
                0x0000000023004d08                . = ALIGN (0x4)
                0x0000000023004d08                _bl_static_blogcomponent_code_start = .
 SORT_BY_NAME(*)(.static_blogcomponent_code*)
 *(.static_blogcomponent_code*)
                0x0000000023004d08                _bl_static_blogcomponent_code_end = .
                0x0000000023004d08                . = ALIGN (0x4)
                0x0000000023004d08                _bl_static_blogfile_code_start = .
 SORT_BY_NAME(*)(.static_blogfile_code*)
 *(.static_blogfile_code*)
                0x0000000023004d08                _bl_static_blogfile_code_end = .
                0x0000000023004d08                . = ALIGN (0x4)
                0x0000000023004d08                _bl_static_blogpri_code_start = .
 SORT_BY_NAME(*)(.static_blogpri_code*)
 *(.static_blogpri_code*)
                0x0000000023004d08                _bl_static_blogpri_code_end = .
 *(.gnu.linkonce.r.*)
                0x0000000023004d08                . = ALIGN (0x4)
                0x0000000023004d08                _rom_framework_audio_device_start = .
 *(.framework.audio_device)
                0x0000000023004d08                _rom_framework_audio_device_end = .

.rela.dyn       0x0000000023004d08        0x0
 .rela.init     0x0000000023004d08        0x0 /home/hogc/build-tools/sdk/bl/bl_iot_sdk/customer_app/sdk_app_helloworld/build_out/bl602/libbl602.a(start.o)
 .rela.text.hal_boot2_get_flash_addr
                0x0000000023004d08        0x0 /home/hogc/build-tools/sdk/bl/bl_iot_sdk/customer_app/sdk_app_helloworld/build_out/bl602/libbl602.a(start.o)

.wifibss        0x0000000042042000        0x0
                0x0000000042042000                PROVIDE (__wifi_bss_start = ADDR (.wifibss))
                0x0000000042042000                PROVIDE (__wifi_bss_end = (ADDR (.wifibss) + SIZEOF (.wifibss)))
 *ipc_shared.o(COMMON)
 *sdu_shared.o(COMMON)
 *hal_desc.o(COMMON)
 *txl_buffer_shared.o(COMMON)
 *txl_frame_shared.o(COMMON)
 *scan_shared.o(COMMON)
 *scanu_shared.o(COMMON)
 *mfp_bip.o(COMMON)
 *me_mic.o(COMMON)
 *bl_sta_mgmt_others.o(COMMON)
 *bl_pmk_mgmt.o(COMMON)
 *bl_pmk_mgmt_internal.o(COMMON)
 *libwifi_drv.a:bl_utils.o(COMMON)
 *libwifi_drv.a:bl_utils.o(.bss*)
 *(.wifi_ram*)
                0x0000000042042000                . = ALIGN (0x10)
                [!provide]                        PROVIDE (_heap_wifi_start = .)
                [!provide]                        PROVIDE (_heap_wifi_size = ((ORIGIN (ram_wifi) + LENGTH (ram_wifi)) - _heap_wifi_start))

.romdata        0x000000004200c000      0x498 load address 0x0000000023004d08
                [!provide]                        PROVIDE (__global_pointer_head$ = .)
                0x000000004200c7f0                PROVIDE (__global_pointer$ = (. + 0x7f0))
                0x000000004200c498                . = (. + 0x498)
 *fill*         0x000000004200c000      0x498 

.data           0x000000004200c498      0x578 load address 0x0000000023004d08
                0x0000000023004d08                PROVIDE (_data_load = LOADADDR (.data))
                0x000000004200c498                PROVIDE (_data_run = ADDR (.data))
                0x000000004200ca10                PROVIDE (_data_run_end = (ADDR (.data) + SIZEOF (.data)))
 *(.tcm_code)
 .tcm_code      0x000000004200c498      0x550 /home/hogc/build-tools/sdk/bl/bl_iot_sdk/customer_app/sdk_app_helloworld/build_out/bl602_std/libbl602_std.a(bl602_romapi.o)
                0x000000004200c498                AON_Power_On_BG
                0x000000004200c4a2                AON_Power_Off_BG
                0x000000004200c4ac                AON_Power_On_LDO11_SOC
                0x000000004200c4b6                AON_Power_Off_LDO11_SOC
                0x000000004200c4c0                AON_Power_On_LDO15_RF
                0x000000004200c4ca                AON_Power_Off_LDO15_RF
                0x000000004200c4d4                AON_Power_On_SFReg
                0x000000004200c4de                AON_Power_Off_SFReg
                0x000000004200c4e8                AON_LowPower_Enter_PDS0
                0x000000004200c4f2                AON_LowPower_Exit_PDS0
                0x000000004200c4fc                ASM_Delay_Us
                0x000000004200c506                BL602_Delay_US
                0x000000004200c510                BL602_Delay_MS
                0x000000004200c51a                BL602_MemCpy
                0x000000004200c524                BL602_MemCpy4
                0x000000004200c52e                BL602_MemCpy_Fast
                0x000000004200c538                BL602_MemSet
                0x000000004200c542                BL602_MemSet4
                0x000000004200c54c                BL602_MemCmp
                0x000000004200c556                EF_Ctrl_Sw_AHB_Clk_0
                0x000000004200c560                EF_Ctrl_Program_Efuse_0
                0x000000004200c56a                EF_Ctrl_Load_Efuse_R0
                0x000000004200c574                EF_Ctrl_Busy
                0x000000004200c57e                EF_Ctrl_AutoLoad_Done
                0x000000004200c588                EF_Ctrl_Clear
                0x000000004200c592                GLB_SW_System_Reset
                0x000000004200c59c                GLB_SW_CPU_Reset
                0x000000004200c5a6                GLB_SW_POR_Reset
                0x000000004200c5b0                GLB_Select_Internal_Flash
                0x000000004200c5ba                GLB_Select_External_Flash
                0x000000004200c5c4                GLB_Deswap_Flash_Pin
                0x000000004200c5ce                GLB_Swap_Flash_Pin
                0x000000004200c5d8                GLB_GPIO_Init
                0x000000004200c5e2                GLB_GPIO_OUTPUT_Enable
                0x000000004200c5ec                GLB_GPIO_OUTPUT_Disable
                0x000000004200c5f6                GLB_GPIO_Set_HZ
                0x000000004200c600                GLB_GPIO_Get_Fun
                0x000000004200c60a                HBN_Mode_Enter
                0x000000004200c614                HBN_Power_Down_Flash
                0x000000004200c61e                HBN_Enable
                0x000000004200c628                HBN_Reset
                0x000000004200c632                HBN_Set_Ldo11_Aon_Vout
                0x000000004200c63c                HBN_Set_Ldo11_Rt_Vout
                0x000000004200c646                HBN_Set_Ldo11_Soc_Vout
                0x000000004200c650                HBN_Hw_Pu_Pd_Cfg
                0x000000004200c65a                HBN_Pin_WakeUp_Mask
                0x000000004200c664                HBN_GPIO7_Dbg_Pull_Cfg
                0x000000004200c66e                HBN_Set_Embedded_Flash_Pullup
                0x000000004200c678                L1C_Set_Wrap
                0x000000004200c682                L1C_Set_Way_Disable
                0x000000004200c68c                L1C_IROM_2T_Access_Set
                0x000000004200c696                PDS_Reset
                0x000000004200c6a0                PDS_Force_Config
                0x000000004200c6aa                PDS_RAM_Config
                0x000000004200c6b4                PDS_Default_Level_Config
                0x000000004200c6be                SEC_Eng_Turn_On_Sec_Ring
                0x000000004200c6c8                SEC_Eng_Turn_Off_Sec_Ring
                0x000000004200c6d2                SFlash_Init
                0x000000004200c6dc                SFlash_SetSPIMode
                0x000000004200c6e6                SFlash_Read_Reg
                0x000000004200c6f0                SFlash_Write_Reg
                0x000000004200c6fa                SFlash_Busy
                0x000000004200c704                SFlash_Write_Enable
                0x000000004200c70e                SFlash_Qspi_Enable
                0x000000004200c718                SFlash_Volatile_Reg_Write_Enable
                0x000000004200c722                SFlash_Chip_Erase
                0x000000004200c72c                SFlash_Sector_Erase
                0x000000004200c736                SFlash_Blk32_Erase
                0x000000004200c740                SFlash_Blk64_Erase
                0x000000004200c74a                SFlash_Erase
                0x000000004200c754                SFlash_Program
                0x000000004200c75e                SFlash_GetUniqueId
                0x000000004200c768                SFlash_GetJedecId
                0x000000004200c772                SFlash_GetDeviceId
                0x000000004200c77c                SFlash_Powerdown
                0x000000004200c786                SFlash_Releae_Powerdown
                0x000000004200c790                SFlash_SetBurstWrap
                0x000000004200c79a                SFlash_DisableBurstWrap
                0x000000004200c7a4                SFlash_Software_Reset
                0x000000004200c7ae                SFlash_Reset_Continue_Read
                0x000000004200c7b8                SFlash_Set_IDbus_Cfg
                0x000000004200c7c2                SFlash_IDbus_Read_Enable
                0x000000004200c7cc                SFlash_Cache_Enable_Set
                0x000000004200c7d6                SFlash_Cache_Flush
                0x000000004200c7e0                SFlash_Cache_Read_Enable
                0x000000004200c7ea                SFlash_Cache_Hit_Count_Get
                0x000000004200c7f4                SFlash_Cache_Miss_Count_Get
                0x000000004200c7fe                SFlash_Cache_Read_Disable
                0x000000004200c808                SFlash_Read
                0x000000004200c812                SFlash_Read_Reg_With_Cmd
                0x000000004200c81c                SFlash_Write_Reg_With_Cmd
                0x000000004200c826                SF_Cfg_Init_Ext_Flash_Gpio
                0x000000004200c830                SF_Cfg_Init_Internal_Flash_Gpio
                0x000000004200c83a                SF_Cfg_Deinit_Ext_Flash_Gpio
                0x000000004200c844                SF_Cfg_Restore_GPIO17_Fun
                0x000000004200c84e                SF_Cfg_Get_Flash_Cfg_Need_Lock
                0x000000004200c858                SF_Cfg_Init_Flash_Gpio
                0x000000004200c862                SF_Cfg_Flash_Identify
                0x000000004200c86c                SF_Ctrl_Enable
                0x000000004200c876                SF_Ctrl_Select_Pad
                0x000000004200c880                SF_Ctrl_Set_Owner
                0x000000004200c88a                SF_Ctrl_Disable
                0x000000004200c894                SF_Ctrl_AES_Enable_BE
                0x000000004200c89e                SF_Ctrl_AES_Enable_LE
                0x000000004200c8a8                SF_Ctrl_AES_Set_Region
                0x000000004200c8b2                SF_Ctrl_AES_Set_Key
                0x000000004200c8bc                SF_Ctrl_AES_Set_Key_BE
                0x000000004200c8c6                SF_Ctrl_AES_Set_IV
                0x000000004200c8d0                SF_Ctrl_AES_Set_IV_BE
                0x000000004200c8da                SF_Ctrl_AES_Enable
                0x000000004200c8e4                SF_Ctrl_AES_Disable
                0x000000004200c8ee                SF_Ctrl_Set_Flash_Image_Offset
                0x000000004200c8f8                SF_Ctrl_Get_Flash_Image_Offset
                0x000000004200c902                SF_Ctrl_Select_Clock
                0x000000004200c90c                SF_Ctrl_SendCmd
                0x000000004200c916                SF_Ctrl_Icache_Set
                0x000000004200c920                SF_Ctrl_Icache2_Set
                0x000000004200c92a                SF_Ctrl_GetBusyState
                0x000000004200c934                SF_Ctrl_Is_AES_Enable
                0x000000004200c93e                SF_Ctrl_Get_Clock_Delay
                0x000000004200c948                SF_Ctrl_Set_Clock_Delay
                0x000000004200c952                XIP_SFlash_State_Save
                0x000000004200c95c                XIP_SFlash_State_Restore
                0x000000004200c966                XIP_SFlash_Erase_Need_Lock
                0x000000004200c970                XIP_SFlash_Write_Need_Lock
                0x000000004200c97a                XIP_SFlash_Read_Need_Lock
                0x000000004200c984                XIP_SFlash_GetJedecId_Need_Lock
                0x000000004200c98e                XIP_SFlash_GetDeviceId_Need_Lock
                0x000000004200c998                XIP_SFlash_GetUniqueId_Need_Lock
                0x000000004200c9a2                XIP_SFlash_Read_Via_Cache_Need_Lock
                0x000000004200c9ac                XIP_SFlash_Read_With_Lock
                0x000000004200c9b6                XIP_SFlash_Write_With_Lock
                0x000000004200c9c0                XIP_SFlash_Erase_With_Lock
                0x000000004200c9ca                XIP_SFlash_Opt_Enter
                0x000000004200c9d4                XIP_SFlash_Opt_Exit
                0x000000004200c9de                BFLB_Soft_CRC32
 *(.tcm_const)
 *(.sclock_rlt_code)
 *(.sclock_rlt_const)
 *(.data .data.*)
 *(.gnu.linkonce.d.*)
 *(.sdata .sdata.*)
 .sdata.ci_table_step_end
                0x000000004200c9e8        0x8 /home/hogc/build-tools/sdk/bl/bl_iot_sdk/customer_app/sdk_app_helloworld/build_out/sdk_app_helloworld/libsdk_app_helloworld.a(main.o)
 .sdata.ci_table_step_init
                0x000000004200c9f0        0x8 /home/hogc/build-tools/sdk/bl/bl_iot_sdk/customer_app/sdk_app_helloworld/build_out/sdk_app_helloworld/libsdk_app_helloworld.a(main.o)
 .sdata.ci_table_step_log
                0x000000004200c9f8        0x8 /home/hogc/build-tools/sdk/bl/bl_iot_sdk/customer_app/sdk_app_helloworld/build_out/sdk_app_helloworld/libsdk_app_helloworld.a(main.o)
 .sdata.sys_log_all_enable
                0x000000004200ca00        0x1 /home/hogc/build-tools/sdk/bl/bl_iot_sdk/customer_app/sdk_app_helloworld/build_out/hal_drv/libhal_drv.a(bl_sys.o)
                0x000000004200ca00                sys_log_all_enable
 *(.gnu.linkonce.s.*)
                0x000000004200ca08                . = ALIGN (0x8)
 *fill*         0x000000004200ca01        0x7 
 *(.srodata.cst16)
 *(.srodata.cst8)
 *(.srodata.cst4)
 *(.srodata.cst2)
 *(.srodata .srodata.*)
 .srodata       0x000000004200ca08        0x4 /home/hogc/build-tools/sdk/bl/bl_iot_sdk/customer_app/sdk_app_helloworld/build_out/hal_drv/libhal_drv.a(bl_uart.o)
                0x000000004200ca10                . = ALIGN (0x8)
 *fill*         0x000000004200ca0c        0x4 
 *(._k_queue.static.*)
 *(._k_sem.static.*)
 *(._k_mutex.static.*)
                0x000000004200ca10                _net_buf_pool_list = .
 *(SORT_BY_NAME(._net_buf_pool.static.*))
                0x000000004200ca10                _bt_gatt_service_static_list_start = .
 *(SORT_BY_NAME(._bt_gatt_service_static.static.*))
                0x000000004200ca10                _bt_gatt_service_static_list_end = .
                0x000000004200ca10                _bt_l2cap_fixed_chan_list_start = .
 *(SORT_BY_NAME(._bt_l2cap_fixed_chan.static.*))
                0x000000004200ca10                _bt_l2cap_fixed_chan_list_end = .

.boot2          0x000000004200ca10      0x258 load address 0x0000000023005280
                0x000000004200ca10                PROVIDE (__boot2_pt_addr_start = .)
 *(.bss.boot2_partition_table)
 .bss.boot2_partition_table
                0x000000004200ca10      0x258 /home/hogc/build-tools/sdk/bl/bl_iot_sdk/customer_app/sdk_app_helloworld/build_out/hal_drv/libhal_drv.a(hal_boot2.o)
                0x000000004200cc68                PROVIDE (__boot2_pt_addr_end = .)
                0x000000004200cc68                PROVIDE (__boot2_flashCfg_start = .)
 *(.bss.boot2_flashCfg)
                0x000000004200cc68                PROVIDE (__boot2_flashCfg_end = .)

.bss            0x000000004200cc68      0x204 load address 0x0000000023005280
                0x000000004200cc68                PROVIDE (__bss_start = ADDR (.bss))
                0x000000004200ce6c                PROVIDE (__bss_end = (ADDR (.bss) + SIZEOF (.bss)))
 *(.sbss*)
 .sbss.uart_clk_init.7761
                0x000000004200cc68        0x1 /home/hogc/build-tools/sdk/bl/bl_iot_sdk/customer_app/sdk_app_helloworld/build_out/hal_drv/libhal_drv.a(bl_uart.o)
 *(.gnu.linkonce.sb.*)
 *(.bss .bss.*)
 *fill*         0x000000004200cc69        0x3 
 .bss.string    0x000000004200cc6c      0x200 /home/hogc/build-tools/sdk/bl/bl_iot_sdk/customer_app/sdk_app_helloworld/build_out/bl602/libbl602.a(debug.o)
 *(.gnu.linkonce.b.*)
 *(COMMON)
                [!provide]                        PROVIDE (_heap_start = .)
                [!provide]                        PROVIDE (_heap_size = (ADDR (.stack) - _heap_start))

.stack          0x0000000042041800      0x800
                0x0000000042042000                . = (. + __stack_size)
 *fill*         0x0000000042041800      0x800 
                0x0000000042042000                PROVIDE (_sp_main = .)
                0x0000000042042000                __freertos_irq_stack_top = .
                [!provide]                        PROVIDE (_ld_bl_static_cli_cmds_start = _bl_static_cli_cmds_start)
                [!provide]                        PROVIDE (_ld_bl_static_cli_cmds_end = _bl_static_cli_cmds_end)
                [!provide]                        PROVIDE (_ld_bl_static_blogcomponent_code_start = _bl_static_blogcomponent_code_start)
                [!provide]                        PROVIDE (_ld_bl_static_blogcomponent_code_end = _bl_static_blogcomponent_code_end)
                [!provide]                        PROVIDE (_ld_bl_static_blogfile_code_start = _bl_static_blogfile_code_start)
                [!provide]                        PROVIDE (_ld_bl_static_blogfile_code_end = _bl_static_blogfile_code_end)
                [!provide]                        PROVIDE (_ld_bl_static_blogpri_code_start = _bl_static_blogpri_code_start)
                [!provide]                        PROVIDE (_ld_bl_static_blogpri_code_end = _bl_static_blogpri_code_end)
                [!provide]                        PROVIDE (_ld_ram_size0 = LENGTH (flash))
                [!provide]                        PROVIDE (_ld_ram_addr0 = ORIGIN (flash))
                [!provide]                        PROVIDE (_ld_ram_size1 = LENGTH (ram_tcm))
                [!provide]                        PROVIDE (_ld_ram_addr1 = ORIGIN (ram_tcm))
                [!provide]                        PROVIDE (_ld_ram_size2 = LENGTH (ram_wifi))
                [!provide]                        PROVIDE (_ld_ram_addr2 = ORIGIN (ram_wifi))
                0x0000000042049c00                PROVIDE (__boot2_pt_addr_src = BOOT2_PT_ADDR)
                0x0000000042049c18                PROVIDE (__boot2_flashCfg_src = BOOT2_FLASHCFG_ADDR)
                [!provide]                        PROVIDE (xTaskGetTickCount = 0x21017694)
                [!provide]                        PROVIDE (xTaskGetTickCountFromISR = 0x210176aa)
                [!provide]                        PROVIDE (pvPortMalloc = 0x21019662)
                [!provide]                        PROVIDE (vPortFree = 0x2101973a)
                [!provide]                        PROVIDE (vTaskNotifyGiveFromISR = 0x210188e8)
                [!provide]                        PROVIDE (vTaskSwitchContext = 0x21017a04)
                [!provide]                        PROVIDE (ulTaskNotifyTake = 0x21018548)
                [!provide]                        PROVIDE (vTaskExitCritical = 0x210183f4)
                [!provide]                        PROVIDE (vTaskEnterCritical = 0x210183e4)
                [!provide]                        PROVIDE (xTaskGetCurrentTaskHandle = 0x21018152)
                [!provide]                        PROVIDE (xQueueSemaphoreTake = 0x21015ce8)
                [!provide]                        PROVIDE (xQueueGenericSend = 0x21015834)
                [!provide]                        PROVIDE (xQueueGenericSendFromISR = 0x21015a4c)
                [!provide]                        PROVIDE (xTaskCreateStatic = 0x210170a2)
                [!provide]                        PROVIDE (xTaskCreate = 0x2101713a)
                [!provide]                        PROVIDE (xQueueCreateMutex = 0x21015a1c)
                [!provide]                        PROVIDE (xQueueCreateMutexStatic = 0x21015994)
                [!provide]                        PROVIDE (vQueueDelete = 0x210161d8)
                [!provide]                        PROVIDE (xQueueGenericCreateStatic = 0x210156c2)
                [!provide]                        PROVIDE (xQueueGenericCreate = 0x21015744)
                [!provide]                        PROVIDE (xQueueReceive = 0x21015b8a)
                [!provide]                        PROVIDE (uxQueueMessagesWaiting = 0x21016168)
                [!provide]                        PROVIDE (vTaskDelay = 0x210179c6)
                [!provide]                        PROVIDE (vTaskDelayUntil = 0x21017952)
                [!provide]                        PROVIDE (xPortGetFreeHeapSize = 0x210197ce)
                [!provide]                        PROVIDE (vTaskList = 0x21018408)
                [!provide]                        PROVIDE (xTimerGenericCommand = 0x21018bec)
                [!provide]                        PROVIDE (xTimerCreateTimerTask = 0x21018a9e)
                [!provide]                        PROVIDE (xTimerCreate = 0x21018af6)
                [!provide]                        PROVIDE (xTimerCreateStatic = 0x21018b66)
                [!provide]                        PROVIDE (xQueueCreateCountingSemaphoreStatic = 0x210157c2)
                [!provide]                        PROVIDE (xQueueCreateCountingSemaphore = 0x21015800)
                [!provide]                        PROVIDE (pTrapNetCounter = __global_pointer_head$)
                [!provide]                        PROVIDE (TrapNetCounter = (__global_pointer_head$ + 0x58))
                [!provide]                        PROVIDE (vEventGroupDelete = 0x210153be)
                [!provide]                        PROVIDE (xEventGroupWaitBits = 0x21015086)
                [!provide]                        PROVIDE (xEventGroupCreateStatic = 0x21015000)
                [!provide]                        PROVIDE (xEventGroupSetBits = 0x210151e0)
                [!provide]                        PROVIDE (xStreamBufferGenericCreateStatic = 0x210165c0)
                [!provide]                        PROVIDE (xStreamBufferReceive = 0x210169ae)
                [!provide]                        PROVIDE (xStreamBufferSend = 0x210167a8)
                [!provide]                        PROVIDE (pvTimerGetTimerID = 0x21018fd4)
                [!provide]                        PROVIDE (xTaskGenericNotify = 0x210186be)
                [!provide]                        PROVIDE (xTaskGenericNotifyFromISR = 0x210187de)
                [!provide]                        PROVIDE (xQueueGiveMutexRecursive = 0x210159c8)
                [!provide]                        PROVIDE (xQueueTakeMutexRecursive = 0x21015e70)
                [!provide]                        PROVIDE (xTaskGetTickCount2 = 0x2101769a)
                [!provide]                        PROVIDE (xQueueGiveFromISR = 0x21015b0e)
                [!provide]                        PROVIDE (vTaskDelete = 0x210171b6)
                [!provide]                        PROVIDE (uxTaskGetStackHighWaterMark = 0x21018110)
                [!provide]                        PROVIDE (pcTaskGetName = 0x210176b6)
                [!provide]                        PROVIDE (vTaskStartScheduler = 0x21017610)
                [!provide]                        PROVIDE (vPortDefineHeapRegions = 0x210197da)
                0x0000000000000000                PROVIDE (__LD_CONFIG_EM_SEL = __EM_SIZE)
                [!provide]                        PROVIDE (_ld_symbol_rom_framework_audio_device_start = _rom_framework_audio_device_start)
                [!provide]                        PROVIDE (_ld_symbol_rom_framework_audio_device_end = _rom_framework_audio_device_end)
OUTPUT(/home/hogc/build-tools/sdk/bl/bl_iot_sdk/customer_app/sdk_app_helloworld/build_out/sdk_app_helloworld.elf elf32-littleriscv)

.riscv.attributes
                0x0000000000000000       0x2b
 .riscv.attributes
                0x0000000000000000       0x29 /home/hogc/build-tools/sdk/bl/bl_iot_sdk/customer_app/sdk_app_helloworld/build_out/bl602/libbl602.a(start.o)
 .riscv.attributes
                0x0000000000000029       0x2b /home/hogc/build-tools/sdk/bl/bl_iot_sdk/customer_app/sdk_app_helloworld/build_out/hal_drv/libhal_drv.a(hal_boot2.o)
 .riscv.attributes
                0x0000000000000054       0x2b /home/hogc/build-tools/sdk/bl/bl_iot_sdk/customer_app/sdk_app_helloworld/build_out/sdk_app_helloworld/libsdk_app_helloworld.a(main.o)
 .riscv.attributes
                0x000000000000007f       0x2b /home/hogc/build-tools/sdk/bl/bl_iot_sdk/customer_app/sdk_app_helloworld/build_out/bl602/libbl602.a(debug.o)
 .riscv.attributes
                0x00000000000000aa       0x2b /home/hogc/build-tools/sdk/bl/bl_iot_sdk/customer_app/sdk_app_helloworld/build_out/hal_drv/libhal_drv.a(bl_uart.o)
 .riscv.attributes
                0x00000000000000d5       0x2b /home/hogc/build-tools/sdk/bl/bl_iot_sdk/customer_app/sdk_app_helloworld/build_out/hal_drv/libhal_drv.a(bl_sys.o)
 .riscv.attributes
                0x0000000000000100       0x2b /home/hogc/build-tools/sdk/bl/bl_iot_sdk/customer_app/sdk_app_helloworld/build_out/bl602_std/libbl602_std.a(bl602_uart.o)
 .riscv.attributes
                0x000000000000012b       0x2b /home/hogc/build-tools/sdk/bl/bl_iot_sdk/customer_app/sdk_app_helloworld/build_out/bl602_std/libbl602_std.a(bl602_glb.o)
 .riscv.attributes
                0x0000000000000156       0x2b /home/hogc/build-tools/sdk/bl/bl_iot_sdk/customer_app/sdk_app_helloworld/build_out/bl602_std/libbl602_std.a(bl602_hbn.o)
 .riscv.attributes
                0x0000000000000181       0x2b /home/hogc/build-tools/sdk/bl/bl_iot_sdk/customer_app/sdk_app_helloworld/build_out/bl602_std/libbl602_std.a(bl602_romapi.o)
 .riscv.attributes
                0x00000000000001ac       0x26 /home/hogc/build-tools/sdk/bl/bl_iot_sdk/toolchain/riscv/Linux/bin/../lib/gcc/riscv64-unknown-elf/8.3.0/../../../../riscv64-unknown-elf/lib/rv32imf/ilp32f/libm.a(lib_a-s_modf.o)
 .riscv.attributes
                0x00000000000001d2       0x26 /home/hogc/build-tools/sdk/bl/bl_iot_sdk/toolchain/riscv/Linux/bin/../lib/gcc/riscv64-unknown-elf/8.3.0/rv32imf/ilp32f/libgcc.a(_clzsi2.o)
 .riscv.attributes
                0x00000000000001f8       0x26 /home/hogc/build-tools/sdk/bl/bl_iot_sdk/toolchain/riscv/Linux/bin/../lib/gcc/riscv64-unknown-elf/8.3.0/rv32imf/ilp32f/libgcc.a(_udivdi3.o)
 .riscv.attributes
                0x000000000000021e       0x26 /home/hogc/build-tools/sdk/bl/bl_iot_sdk/toolchain/riscv/Linux/bin/../lib/gcc/riscv64-unknown-elf/8.3.0/rv32imf/ilp32f/libgcc.a(_umoddi3.o)
 .riscv.attributes
                0x0000000000000244       0x26 /home/hogc/build-tools/sdk/bl/bl_iot_sdk/toolchain/riscv/Linux/bin/../lib/gcc/riscv64-unknown-elf/8.3.0/rv32imf/ilp32f/libgcc.a(adddf3.o)
 .riscv.attributes
                0x000000000000026a       0x26 /home/hogc/build-tools/sdk/bl/bl_iot_sdk/toolchain/riscv/Linux/bin/../lib/gcc/riscv64-unknown-elf/8.3.0/rv32imf/ilp32f/libgcc.a(divdf3.o)
 .riscv.attributes
                0x0000000000000290       0x26 /home/hogc/build-tools/sdk/bl/bl_iot_sdk/toolchain/riscv/Linux/bin/../lib/gcc/riscv64-unknown-elf/8.3.0/rv32imf/ilp32f/libgcc.a(eqdf2.o)
 .riscv.attributes
                0x00000000000002b6       0x26 /home/hogc/build-tools/sdk/bl/bl_iot_sdk/toolchain/riscv/Linux/bin/../lib/gcc/riscv64-unknown-elf/8.3.0/rv32imf/ilp32f/libgcc.a(gedf2.o)
 .riscv.attributes
                0x00000000000002dc       0x26 /home/hogc/build-tools/sdk/bl/bl_iot_sdk/toolchain/riscv/Linux/bin/../lib/gcc/riscv64-unknown-elf/8.3.0/rv32imf/ilp32f/libgcc.a(ledf2.o)
 .riscv.attributes
                0x0000000000000302       0x26 /home/hogc/build-tools/sdk/bl/bl_iot_sdk/toolchain/riscv/Linux/bin/../lib/gcc/riscv64-unknown-elf/8.3.0/rv32imf/ilp32f/libgcc.a(muldf3.o)
 .riscv.attributes
                0x0000000000000328       0x26 /home/hogc/build-tools/sdk/bl/bl_iot_sdk/toolchain/riscv/Linux/bin/../lib/gcc/riscv64-unknown-elf/8.3.0/rv32imf/ilp32f/libgcc.a(subdf3.o)
 .riscv.attributes
                0x000000000000034e       0x26 /home/hogc/build-tools/sdk/bl/bl_iot_sdk/toolchain/riscv/Linux/bin/../lib/gcc/riscv64-unknown-elf/8.3.0/rv32imf/ilp32f/libgcc.a(fixdfsi.o)
 .riscv.attributes
                0x0000000000000374       0x26 /home/hogc/build-tools/sdk/bl/bl_iot_sdk/toolchain/riscv/Linux/bin/../lib/gcc/riscv64-unknown-elf/8.3.0/rv32imf/ilp32f/libgcc.a(_clz.o)
 .riscv.attributes
                0x000000000000039a       0x26 /home/hogc/build-tools/sdk/bl/bl_iot_sdk/toolchain/riscv/Linux/bin/../lib/gcc/riscv64-unknown-elf/8.3.0/../../../../riscv64-unknown-elf/lib/rv32imf/ilp32f/libc.a(lib_a-memcpy.o)
 .riscv.attributes
                0x00000000000003c0       0x26 /home/hogc/build-tools/sdk/bl/bl_iot_sdk/toolchain/riscv/Linux/bin/../lib/gcc/riscv64-unknown-elf/8.3.0/../../../../riscv64-unknown-elf/lib/rv32imf/ilp32f/libc.a(lib_a-strlen.o)
 .riscv.attributes
                0x00000000000003e6       0x26 /home/hogc/build-tools/sdk/bl/bl_iot_sdk/toolchain/riscv/Linux/bin/../lib/gcc/riscv64-unknown-elf/8.3.0/../../../../riscv64-unknown-elf/lib/rv32imf/ilp32f/libc.a(lib_a-strnlen.o)

.comment        0x0000000000000000       0x28
 .comment       0x0000000000000000       0x28 /home/hogc/build-tools/sdk/bl/bl_iot_sdk/customer_app/sdk_app_helloworld/build_out/hal_drv/libhal_drv.a(hal_boot2.o)
                                         0x29 (size before relaxing)
 .comment       0x0000000000000028       0x29 /home/hogc/build-tools/sdk/bl/bl_iot_sdk/customer_app/sdk_app_helloworld/build_out/sdk_app_helloworld/libsdk_app_helloworld.a(main.o)
 .comment       0x0000000000000028       0x29 /home/hogc/build-tools/sdk/bl/bl_iot_sdk/customer_app/sdk_app_helloworld/build_out/bl602/libbl602.a(debug.o)
 .comment       0x0000000000000028       0x29 /home/hogc/build-tools/sdk/bl/bl_iot_sdk/customer_app/sdk_app_helloworld/build_out/hal_drv/libhal_drv.a(bl_uart.o)
 .comment       0x0000000000000028       0x29 /home/hogc/build-tools/sdk/bl/bl_iot_sdk/customer_app/sdk_app_helloworld/build_out/hal_drv/libhal_drv.a(bl_sys.o)
 .comment       0x0000000000000028       0x29 /home/hogc/build-tools/sdk/bl/bl_iot_sdk/customer_app/sdk_app_helloworld/build_out/bl602_std/libbl602_std.a(bl602_uart.o)
 .comment       0x0000000000000028       0x29 /home/hogc/build-tools/sdk/bl/bl_iot_sdk/customer_app/sdk_app_helloworld/build_out/bl602_std/libbl602_std.a(bl602_glb.o)
 .comment       0x0000000000000028       0x29 /home/hogc/build-tools/sdk/bl/bl_iot_sdk/customer_app/sdk_app_helloworld/build_out/bl602_std/libbl602_std.a(bl602_hbn.o)
 .comment       0x0000000000000028       0x29 /home/hogc/build-tools/sdk/bl/bl_iot_sdk/customer_app/sdk_app_helloworld/build_out/bl602_std/libbl602_std.a(bl602_romapi.o)
 .comment       0x0000000000000028       0x29 /home/hogc/build-tools/sdk/bl/bl_iot_sdk/toolchain/riscv/Linux/bin/../lib/gcc/riscv64-unknown-elf/8.3.0/../../../../riscv64-unknown-elf/lib/rv32imf/ilp32f/libm.a(lib_a-s_modf.o)
 .comment       0x0000000000000028       0x29 /home/hogc/build-tools/sdk/bl/bl_iot_sdk/toolchain/riscv/Linux/bin/../lib/gcc/riscv64-unknown-elf/8.3.0/rv32imf/ilp32f/libgcc.a(_clzsi2.o)
 .comment       0x0000000000000028       0x29 /home/hogc/build-tools/sdk/bl/bl_iot_sdk/toolchain/riscv/Linux/bin/../lib/gcc/riscv64-unknown-elf/8.3.0/rv32imf/ilp32f/libgcc.a(_udivdi3.o)
 .comment       0x0000000000000028       0x29 /home/hogc/build-tools/sdk/bl/bl_iot_sdk/toolchain/riscv/Linux/bin/../lib/gcc/riscv64-unknown-elf/8.3.0/rv32imf/ilp32f/libgcc.a(_umoddi3.o)
 .comment       0x0000000000000028       0x29 /home/hogc/build-tools/sdk/bl/bl_iot_sdk/toolchain/riscv/Linux/bin/../lib/gcc/riscv64-unknown-elf/8.3.0/rv32imf/ilp32f/libgcc.a(adddf3.o)
 .comment       0x0000000000000028       0x29 /home/hogc/build-tools/sdk/bl/bl_iot_sdk/toolchain/riscv/Linux/bin/../lib/gcc/riscv64-unknown-elf/8.3.0/rv32imf/ilp32f/libgcc.a(divdf3.o)
 .comment       0x0000000000000028       0x29 /home/hogc/build-tools/sdk/bl/bl_iot_sdk/toolchain/riscv/Linux/bin/../lib/gcc/riscv64-unknown-elf/8.3.0/rv32imf/ilp32f/libgcc.a(eqdf2.o)
 .comment       0x0000000000000028       0x29 /home/hogc/build-tools/sdk/bl/bl_iot_sdk/toolchain/riscv/Linux/bin/../lib/gcc/riscv64-unknown-elf/8.3.0/rv32imf/ilp32f/libgcc.a(gedf2.o)
 .comment       0x0000000000000028       0x29 /home/hogc/build-tools/sdk/bl/bl_iot_sdk/toolchain/riscv/Linux/bin/../lib/gcc/riscv64-unknown-elf/8.3.0/rv32imf/ilp32f/libgcc.a(ledf2.o)
 .comment       0x0000000000000028       0x29 /home/hogc/build-tools/sdk/bl/bl_iot_sdk/toolchain/riscv/Linux/bin/../lib/gcc/riscv64-unknown-elf/8.3.0/rv32imf/ilp32f/libgcc.a(muldf3.o)
 .comment       0x0000000000000028       0x29 /home/hogc/build-tools/sdk/bl/bl_iot_sdk/toolchain/riscv/Linux/bin/../lib/gcc/riscv64-unknown-elf/8.3.0/rv32imf/ilp32f/libgcc.a(subdf3.o)
 .comment       0x0000000000000028       0x29 /home/hogc/build-tools/sdk/bl/bl_iot_sdk/toolchain/riscv/Linux/bin/../lib/gcc/riscv64-unknown-elf/8.3.0/rv32imf/ilp32f/libgcc.a(fixdfsi.o)
 .comment       0x0000000000000028       0x29 /home/hogc/build-tools/sdk/bl/bl_iot_sdk/toolchain/riscv/Linux/bin/../lib/gcc/riscv64-unknown-elf/8.3.0/rv32imf/ilp32f/libgcc.a(_clz.o)
 .comment       0x0000000000000028       0x29 /home/hogc/build-tools/sdk/bl/bl_iot_sdk/toolchain/riscv/Linux/bin/../lib/gcc/riscv64-unknown-elf/8.3.0/../../../../riscv64-unknown-elf/lib/rv32imf/ilp32f/libc.a(lib_a-memcpy.o)
 .comment       0x0000000000000028       0x29 /home/hogc/build-tools/sdk/bl/bl_iot_sdk/toolchain/riscv/Linux/bin/../lib/gcc/riscv64-unknown-elf/8.3.0/../../../../riscv64-unknown-elf/lib/rv32imf/ilp32f/libc.a(lib_a-strlen.o)
 .comment       0x0000000000000028       0x29 /home/hogc/build-tools/sdk/bl/bl_iot_sdk/toolchain/riscv/Linux/bin/../lib/gcc/riscv64-unknown-elf/8.3.0/../../../../riscv64-unknown-elf/lib/rv32imf/ilp32f/libc.a(lib_a-strnlen.o)

.debug_line     0x0000000000000000    0x154ed
 .debug_line    0x0000000000000000      0x1d3 /home/hogc/build-tools/sdk/bl/bl_iot_sdk/customer_app/sdk_app_helloworld/build_out/bl602/libbl602.a(start.o)
 .debug_line    0x00000000000001d3      0xe12 /home/hogc/build-tools/sdk/bl/bl_iot_sdk/customer_app/sdk_app_helloworld/build_out/hal_drv/libhal_drv.a(hal_boot2.o)
 .debug_line    0x0000000000000fe5      0x601 /home/hogc/build-tools/sdk/bl/bl_iot_sdk/customer_app/sdk_app_helloworld/build_out/sdk_app_helloworld/libsdk_app_helloworld.a(main.o)
 .debug_line    0x00000000000015e6     0x29f4 /home/hogc/build-tools/sdk/bl/bl_iot_sdk/customer_app/sdk_app_helloworld/build_out/bl602/libbl602.a(debug.o)
 .debug_line    0x0000000000003fda     0x10ee /home/hogc/build-tools/sdk/bl/bl_iot_sdk/customer_app/sdk_app_helloworld/build_out/hal_drv/libhal_drv.a(bl_uart.o)
 .debug_line    0x00000000000050c8      0x492 /home/hogc/build-tools/sdk/bl/bl_iot_sdk/customer_app/sdk_app_helloworld/build_out/hal_drv/libhal_drv.a(bl_sys.o)
 .debug_line    0x000000000000555a     0x1981 /home/hogc/build-tools/sdk/bl/bl_iot_sdk/customer_app/sdk_app_helloworld/build_out/bl602_std/libbl602_std.a(bl602_uart.o)
 .debug_line    0x0000000000006edb     0x3ad8 /home/hogc/build-tools/sdk/bl/bl_iot_sdk/customer_app/sdk_app_helloworld/build_out/bl602_std/libbl602_std.a(bl602_glb.o)
 .debug_line    0x000000000000a9b3     0x2296 /home/hogc/build-tools/sdk/bl/bl_iot_sdk/customer_app/sdk_app_helloworld/build_out/bl602_std/libbl602_std.a(bl602_hbn.o)
 .debug_line    0x000000000000cc49     0x19d9 /home/hogc/build-tools/sdk/bl/bl_iot_sdk/customer_app/sdk_app_helloworld/build_out/bl602_std/libbl602_std.a(bl602_romapi.o)
 .debug_line    0x000000000000e622      0x39e /home/hogc/build-tools/sdk/bl/bl_iot_sdk/toolchain/riscv/Linux/bin/../lib/gcc/riscv64-unknown-elf/8.3.0/rv32imf/ilp32f/libgcc.a(_clzsi2.o)
 .debug_line    0x000000000000e9c0      0x9e0 /home/hogc/build-tools/sdk/bl/bl_iot_sdk/toolchain/riscv/Linux/bin/../lib/gcc/riscv64-unknown-elf/8.3.0/rv32imf/ilp32f/libgcc.a(_udivdi3.o)
 .debug_line    0x000000000000f3a0      0xa90 /home/hogc/build-tools/sdk/bl/bl_iot_sdk/toolchain/riscv/Linux/bin/../lib/gcc/riscv64-unknown-elf/8.3.0/rv32imf/ilp32f/libgcc.a(_umoddi3.o)
 .debug_line    0x000000000000fe30     0x141d /home/hogc/build-tools/sdk/bl/bl_iot_sdk/toolchain/riscv/Linux/bin/../lib/gcc/riscv64-unknown-elf/8.3.0/rv32imf/ilp32f/libgcc.a(adddf3.o)
 .debug_line    0x000000000001124d     0x10b7 /home/hogc/build-tools/sdk/bl/bl_iot_sdk/toolchain/riscv/Linux/bin/../lib/gcc/riscv64-unknown-elf/8.3.0/rv32imf/ilp32f/libgcc.a(divdf3.o)
 .debug_line    0x0000000000012304      0x2d6 /home/hogc/build-tools/sdk/bl/bl_iot_sdk/toolchain/riscv/Linux/bin/../lib/gcc/riscv64-unknown-elf/8.3.0/rv32imf/ilp32f/libgcc.a(eqdf2.o)
 .debug_line    0x00000000000125da      0x30f /home/hogc/build-tools/sdk/bl/bl_iot_sdk/toolchain/riscv/Linux/bin/../lib/gcc/riscv64-unknown-elf/8.3.0/rv32imf/ilp32f/libgcc.a(gedf2.o)
 .debug_line    0x00000000000128e9      0x30f /home/hogc/build-tools/sdk/bl/bl_iot_sdk/toolchain/riscv/Linux/bin/../lib/gcc/riscv64-unknown-elf/8.3.0/rv32imf/ilp32f/libgcc.a(ledf2.o)
 .debug_line    0x0000000000012bf8      0xe85 /home/hogc/build-tools/sdk/bl/bl_iot_sdk/toolchain/riscv/Linux/bin/../lib/gcc/riscv64-unknown-elf/8.3.0/rv32imf/ilp32f/libgcc.a(muldf3.o)
 .debug_line    0x0000000000013a7d     0x1477 /home/hogc/build-tools/sdk/bl/bl_iot_sdk/toolchain/riscv/Linux/bin/../lib/gcc/riscv64-unknown-elf/8.3.0/rv32imf/ilp32f/libgcc.a(subdf3.o)
 .debug_line    0x0000000000014ef4      0x2dd /home/hogc/build-tools/sdk/bl/bl_iot_sdk/toolchain/riscv/Linux/bin/../lib/gcc/riscv64-unknown-elf/8.3.0/rv32imf/ilp32f/libgcc.a(fixdfsi.o)
 .debug_line    0x00000000000151d1      0x31c /home/hogc/build-tools/sdk/bl/bl_iot_sdk/toolchain/riscv/Linux/bin/../lib/gcc/riscv64-unknown-elf/8.3.0/rv32imf/ilp32f/libgcc.a(_clz.o)

.debug_info     0x0000000000000000    0x16957
 .debug_info    0x0000000000000000       0x26 /home/hogc/build-tools/sdk/bl/bl_iot_sdk/customer_app/sdk_app_helloworld/build_out/bl602/libbl602.a(start.o)
 .debug_info    0x0000000000000026     0x14ed /home/hogc/build-tools/sdk/bl/bl_iot_sdk/customer_app/sdk_app_helloworld/build_out/hal_drv/libhal_drv.a(hal_boot2.o)
 .debug_info    0x0000000000001513      0xb75 /home/hogc/build-tools/sdk/bl/bl_iot_sdk/customer_app/sdk_app_helloworld/build_out/sdk_app_helloworld/libsdk_app_helloworld.a(main.o)
 .debug_info    0x0000000000002088     0x183d /home/hogc/build-tools/sdk/bl/bl_iot_sdk/customer_app/sdk_app_helloworld/build_out/bl602/libbl602.a(debug.o)
 .debug_info    0x00000000000038c5     0x191d /home/hogc/build-tools/sdk/bl/bl_iot_sdk/customer_app/sdk_app_helloworld/build_out/hal_drv/libhal_drv.a(bl_uart.o)
 .debug_info    0x00000000000051e2      0xb48 /home/hogc/build-tools/sdk/bl/bl_iot_sdk/customer_app/sdk_app_helloworld/build_out/hal_drv/libhal_drv.a(bl_sys.o)
 .debug_info    0x0000000000005d2a     0x1929 /home/hogc/build-tools/sdk/bl/bl_iot_sdk/customer_app/sdk_app_helloworld/build_out/bl602_std/libbl602_std.a(bl602_uart.o)
 .debug_info    0x0000000000007653     0x29ed /home/hogc/build-tools/sdk/bl/bl_iot_sdk/customer_app/sdk_app_helloworld/build_out/bl602_std/libbl602_std.a(bl602_glb.o)
 .debug_info    0x000000000000a040     0x2302 /home/hogc/build-tools/sdk/bl/bl_iot_sdk/customer_app/sdk_app_helloworld/build_out/bl602_std/libbl602_std.a(bl602_hbn.o)
 .debug_info    0x000000000000c342     0x452e /home/hogc/build-tools/sdk/bl/bl_iot_sdk/customer_app/sdk_app_helloworld/build_out/bl602_std/libbl602_std.a(bl602_romapi.o)
 .debug_info    0x0000000000010870      0xbd7 /home/hogc/build-tools/sdk/bl/bl_iot_sdk/toolchain/riscv/Linux/bin/../lib/gcc/riscv64-unknown-elf/8.3.0/rv32imf/ilp32f/libgcc.a(_clzsi2.o)
 .debug_info    0x0000000000011447     0x1245 /home/hogc/build-tools/sdk/bl/bl_iot_sdk/toolchain/riscv/Linux/bin/../lib/gcc/riscv64-unknown-elf/8.3.0/rv32imf/ilp32f/libgcc.a(_udivdi3.o)
 .debug_info    0x000000000001268c     0x12a3 /home/hogc/build-tools/sdk/bl/bl_iot_sdk/toolchain/riscv/Linux/bin/../lib/gcc/riscv64-unknown-elf/8.3.0/rv32imf/ilp32f/libgcc.a(_umoddi3.o)
 .debug_info    0x000000000001392f      0x5f2 /home/hogc/build-tools/sdk/bl/bl_iot_sdk/toolchain/riscv/Linux/bin/../lib/gcc/riscv64-unknown-elf/8.3.0/rv32imf/ilp32f/libgcc.a(adddf3.o)
 .debug_info    0x0000000000013f21      0x773 /home/hogc/build-tools/sdk/bl/bl_iot_sdk/toolchain/riscv/Linux/bin/../lib/gcc/riscv64-unknown-elf/8.3.0/rv32imf/ilp32f/libgcc.a(divdf3.o)
 .debug_info    0x0000000000014694      0x29e /home/hogc/build-tools/sdk/bl/bl_iot_sdk/toolchain/riscv/Linux/bin/../lib/gcc/riscv64-unknown-elf/8.3.0/rv32imf/ilp32f/libgcc.a(eqdf2.o)
 .debug_info    0x0000000000014932      0x285 /home/hogc/build-tools/sdk/bl/bl_iot_sdk/toolchain/riscv/Linux/bin/../lib/gcc/riscv64-unknown-elf/8.3.0/rv32imf/ilp32f/libgcc.a(gedf2.o)
 .debug_info    0x0000000000014bb7      0x285 /home/hogc/build-tools/sdk/bl/bl_iot_sdk/toolchain/riscv/Linux/bin/../lib/gcc/riscv64-unknown-elf/8.3.0/rv32imf/ilp32f/libgcc.a(ledf2.o)
 .debug_info    0x0000000000014e3c      0x7ab /home/hogc/build-tools/sdk/bl/bl_iot_sdk/toolchain/riscv/Linux/bin/../lib/gcc/riscv64-unknown-elf/8.3.0/rv32imf/ilp32f/libgcc.a(muldf3.o)
 .debug_info    0x00000000000155e7      0x5ec /home/hogc/build-tools/sdk/bl/bl_iot_sdk/toolchain/riscv/Linux/bin/../lib/gcc/riscv64-unknown-elf/8.3.0/rv32imf/ilp32f/libgcc.a(subdf3.o)
 .debug_info    0x0000000000015bd3      0x21a /home/hogc/build-tools/sdk/bl/bl_iot_sdk/toolchain/riscv/Linux/bin/../lib/gcc/riscv64-unknown-elf/8.3.0/rv32imf/ilp32f/libgcc.a(fixdfsi.o)
 .debug_info    0x0000000000015ded      0xb6a /home/hogc/build-tools/sdk/bl/bl_iot_sdk/toolchain/riscv/Linux/bin/../lib/gcc/riscv64-unknown-elf/8.3.0/rv32imf/ilp32f/libgcc.a(_clz.o)

.debug_abbrev   0x0000000000000000     0x3685
 .debug_abbrev  0x0000000000000000       0x14 /home/hogc/build-tools/sdk/bl/bl_iot_sdk/customer_app/sdk_app_helloworld/build_out/bl602/libbl602.a(start.o)
 .debug_abbrev  0x0000000000000014      0x3bb /home/hogc/build-tools/sdk/bl/bl_iot_sdk/customer_app/sdk_app_helloworld/build_out/hal_drv/libhal_drv.a(hal_boot2.o)
 .debug_abbrev  0x00000000000003cf      0x276 /home/hogc/build-tools/sdk/bl/bl_iot_sdk/customer_app/sdk_app_helloworld/build_out/sdk_app_helloworld/libsdk_app_helloworld.a(main.o)
 .debug_abbrev  0x0000000000000645      0x4e5 /home/hogc/build-tools/sdk/bl/bl_iot_sdk/customer_app/sdk_app_helloworld/build_out/bl602/libbl602.a(debug.o)
 .debug_abbrev  0x0000000000000b2a      0x43c /home/hogc/build-tools/sdk/bl/bl_iot_sdk/customer_app/sdk_app_helloworld/build_out/hal_drv/libhal_drv.a(bl_uart.o)
 .debug_abbrev  0x0000000000000f66      0x2e8 /home/hogc/build-tools/sdk/bl/bl_iot_sdk/customer_app/sdk_app_helloworld/build_out/hal_drv/libhal_drv.a(bl_sys.o)
 .debug_abbrev  0x000000000000124e      0x2f4 /home/hogc/build-tools/sdk/bl/bl_iot_sdk/customer_app/sdk_app_helloworld/build_out/bl602_std/libbl602_std.a(bl602_uart.o)
 .debug_abbrev  0x0000000000001542      0x3d2 /home/hogc/build-tools/sdk/bl/bl_iot_sdk/customer_app/sdk_app_helloworld/build_out/bl602_std/libbl602_std.a(bl602_glb.o)
 .debug_abbrev  0x0000000000001914      0x37e /home/hogc/build-tools/sdk/bl/bl_iot_sdk/customer_app/sdk_app_helloworld/build_out/bl602_std/libbl602_std.a(bl602_hbn.o)
 .debug_abbrev  0x0000000000001c92      0x396 /home/hogc/build-tools/sdk/bl/bl_iot_sdk/customer_app/sdk_app_helloworld/build_out/bl602_std/libbl602_std.a(bl602_romapi.o)
 .debug_abbrev  0x0000000000002028      0x242 /home/hogc/build-tools/sdk/bl/bl_iot_sdk/toolchain/riscv/Linux/bin/../lib/gcc/riscv64-unknown-elf/8.3.0/rv32imf/ilp32f/libgcc.a(_clzsi2.o)
 .debug_abbrev  0x000000000000226a      0x2cc /home/hogc/build-tools/sdk/bl/bl_iot_sdk/toolchain/riscv/Linux/bin/../lib/gcc/riscv64-unknown-elf/8.3.0/rv32imf/ilp32f/libgcc.a(_udivdi3.o)
 .debug_abbrev  0x0000000000002536      0x2e8 /home/hogc/build-tools/sdk/bl/bl_iot_sdk/toolchain/riscv/Linux/bin/../lib/gcc/riscv64-unknown-elf/8.3.0/rv32imf/ilp32f/libgcc.a(_umoddi3.o)
 .debug_abbrev  0x000000000000281e      0x19a /home/hogc/build-tools/sdk/bl/bl_iot_sdk/toolchain/riscv/Linux/bin/../lib/gcc/riscv64-unknown-elf/8.3.0/rv32imf/ilp32f/libgcc.a(adddf3.o)
 .debug_abbrev  0x00000000000029b8      0x17f /home/hogc/build-tools/sdk/bl/bl_iot_sdk/toolchain/riscv/Linux/bin/../lib/gcc/riscv64-unknown-elf/8.3.0/rv32imf/ilp32f/libgcc.a(divdf3.o)
 .debug_abbrev  0x0000000000002b37      0x1a4 /home/hogc/build-tools/sdk/bl/bl_iot_sdk/toolchain/riscv/Linux/bin/../lib/gcc/riscv64-unknown-elf/8.3.0/rv32imf/ilp32f/libgcc.a(eqdf2.o)
 .debug_abbrev  0x0000000000002cdb      0x199 /home/hogc/build-tools/sdk/bl/bl_iot_sdk/toolchain/riscv/Linux/bin/../lib/gcc/riscv64-unknown-elf/8.3.0/rv32imf/ilp32f/libgcc.a(gedf2.o)
 .debug_abbrev  0x0000000000002e74      0x199 /home/hogc/build-tools/sdk/bl/bl_iot_sdk/toolchain/riscv/Linux/bin/../lib/gcc/riscv64-unknown-elf/8.3.0/rv32imf/ilp32f/libgcc.a(ledf2.o)
 .debug_abbrev  0x000000000000300d      0x186 /home/hogc/build-tools/sdk/bl/bl_iot_sdk/toolchain/riscv/Linux/bin/../lib/gcc/riscv64-unknown-elf/8.3.0/rv32imf/ilp32f/libgcc.a(muldf3.o)
 .debug_abbrev  0x0000000000003193      0x189 /home/hogc/build-tools/sdk/bl/bl_iot_sdk/toolchain/riscv/Linux/bin/../lib/gcc/riscv64-unknown-elf/8.3.0/rv32imf/ilp32f/libgcc.a(subdf3.o)
 .debug_abbrev  0x000000000000331c      0x181 /home/hogc/build-tools/sdk/bl/bl_iot_sdk/toolchain/riscv/Linux/bin/../lib/gcc/riscv64-unknown-elf/8.3.0/rv32imf/ilp32f/libgcc.a(fixdfsi.o)
 .debug_abbrev  0x000000000000349d      0x1e8 /home/hogc/build-tools/sdk/bl/bl_iot_sdk/toolchain/riscv/Linux/bin/../lib/gcc/riscv64-unknown-elf/8.3.0/rv32imf/ilp32f/libgcc.a(_clz.o)

.debug_aranges  0x0000000000000000      0xed0
 .debug_aranges
                0x0000000000000000       0x20 /home/hogc/build-tools/sdk/bl/bl_iot_sdk/customer_app/sdk_app_helloworld/build_out/bl602/libbl602.a(start.o)
 .debug_aranges
                0x0000000000000020       0x80 /home/hogc/build-tools/sdk/bl/bl_iot_sdk/customer_app/sdk_app_helloworld/build_out/hal_drv/libhal_drv.a(hal_boot2.o)
 .debug_aranges
                0x00000000000000a0       0x48 /home/hogc/build-tools/sdk/bl/bl_iot_sdk/customer_app/sdk_app_helloworld/build_out/sdk_app_helloworld/libsdk_app_helloworld.a(main.o)
 .debug_aranges
                0x00000000000000e8       0x88 /home/hogc/build-tools/sdk/bl/bl_iot_sdk/customer_app/sdk_app_helloworld/build_out/bl602/libbl602.a(debug.o)
 .debug_aranges
                0x0000000000000170       0xa0 /home/hogc/build-tools/sdk/bl/bl_iot_sdk/customer_app/sdk_app_helloworld/build_out/hal_drv/libhal_drv.a(bl_uart.o)
 .debug_aranges
                0x0000000000000210       0x58 /home/hogc/build-tools/sdk/bl/bl_iot_sdk/customer_app/sdk_app_helloworld/build_out/hal_drv/libhal_drv.a(bl_sys.o)
 .debug_aranges
                0x0000000000000268      0x108 /home/hogc/build-tools/sdk/bl/bl_iot_sdk/customer_app/sdk_app_helloworld/build_out/bl602_std/libbl602_std.a(bl602_uart.o)
 .debug_aranges
                0x0000000000000370      0x288 /home/hogc/build-tools/sdk/bl/bl_iot_sdk/customer_app/sdk_app_helloworld/build_out/bl602_std/libbl602_std.a(bl602_glb.o)
 .debug_aranges
                0x00000000000005f8      0x1f8 /home/hogc/build-tools/sdk/bl/bl_iot_sdk/customer_app/sdk_app_helloworld/build_out/bl602_std/libbl602_std.a(bl602_hbn.o)
 .debug_aranges
                0x00000000000007f0      0x568 /home/hogc/build-tools/sdk/bl/bl_iot_sdk/customer_app/sdk_app_helloworld/build_out/bl602_std/libbl602_std.a(bl602_romapi.o)
 .debug_aranges
                0x0000000000000d58       0x20 /home/hogc/build-tools/sdk/bl/bl_iot_sdk/toolchain/riscv/Linux/bin/../lib/gcc/riscv64-unknown-elf/8.3.0/rv32imf/ilp32f/libgcc.a(_clzsi2.o)
 .debug_aranges
                0x0000000000000d78       0x20 /home/hogc/build-tools/sdk/bl/bl_iot_sdk/toolchain/riscv/Linux/bin/../lib/gcc/riscv64-unknown-elf/8.3.0/rv32imf/ilp32f/libgcc.a(_udivdi3.o)
 .debug_aranges
                0x0000000000000d98       0x20 /home/hogc/build-tools/sdk/bl/bl_iot_sdk/toolchain/riscv/Linux/bin/../lib/gcc/riscv64-unknown-elf/8.3.0/rv32imf/ilp32f/libgcc.a(_umoddi3.o)
 .debug_aranges
                0x0000000000000db8       0x20 /home/hogc/build-tools/sdk/bl/bl_iot_sdk/toolchain/riscv/Linux/bin/../lib/gcc/riscv64-unknown-elf/8.3.0/rv32imf/ilp32f/libgcc.a(adddf3.o)
 .debug_aranges
                0x0000000000000dd8       0x20 /home/hogc/build-tools/sdk/bl/bl_iot_sdk/toolchain/riscv/Linux/bin/../lib/gcc/riscv64-unknown-elf/8.3.0/rv32imf/ilp32f/libgcc.a(divdf3.o)
 .debug_aranges
                0x0000000000000df8       0x20 /home/hogc/build-tools/sdk/bl/bl_iot_sdk/toolchain/riscv/Linux/bin/../lib/gcc/riscv64-unknown-elf/8.3.0/rv32imf/ilp32f/libgcc.a(eqdf2.o)
 .debug_aranges
                0x0000000000000e18       0x20 /home/hogc/build-tools/sdk/bl/bl_iot_sdk/toolchain/riscv/Linux/bin/../lib/gcc/riscv64-unknown-elf/8.3.0/rv32imf/ilp32f/libgcc.a(gedf2.o)
 .debug_aranges
                0x0000000000000e38       0x20 /home/hogc/build-tools/sdk/bl/bl_iot_sdk/toolchain/riscv/Linux/bin/../lib/gcc/riscv64-unknown-elf/8.3.0/rv32imf/ilp32f/libgcc.a(ledf2.o)
 .debug_aranges
                0x0000000000000e58       0x20 /home/hogc/build-tools/sdk/bl/bl_iot_sdk/toolchain/riscv/Linux/bin/../lib/gcc/riscv64-unknown-elf/8.3.0/rv32imf/ilp32f/libgcc.a(muldf3.o)
 .debug_aranges
                0x0000000000000e78       0x20 /home/hogc/build-tools/sdk/bl/bl_iot_sdk/toolchain/riscv/Linux/bin/../lib/gcc/riscv64-unknown-elf/8.3.0/rv32imf/ilp32f/libgcc.a(subdf3.o)
 .debug_aranges
                0x0000000000000e98       0x20 /home/hogc/build-tools/sdk/bl/bl_iot_sdk/toolchain/riscv/Linux/bin/../lib/gcc/riscv64-unknown-elf/8.3.0/rv32imf/ilp32f/libgcc.a(fixdfsi.o)
 .debug_aranges
                0x0000000000000eb8       0x18 /home/hogc/build-tools/sdk/bl/bl_iot_sdk/toolchain/riscv/Linux/bin/../lib/gcc/riscv64-unknown-elf/8.3.0/rv32imf/ilp32f/libgcc.a(_clz.o)

.debug_str      0x0000000000000000     0x6f76
 .debug_str     0x0000000000000000       0xbe /home/hogc/build-tools/sdk/bl/bl_iot_sdk/customer_app/sdk_app_helloworld/build_out/bl602/libbl602.a(start.o)
 .debug_str     0x00000000000000be      0x982 /home/hogc/build-tools/sdk/bl/bl_iot_sdk/customer_app/sdk_app_helloworld/build_out/hal_drv/libhal_drv.a(hal_boot2.o)
                                        0xa7f (size before relaxing)
 .debug_str     0x0000000000000a40      0x1c5 /home/hogc/build-tools/sdk/bl/bl_iot_sdk/customer_app/sdk_app_helloworld/build_out/sdk_app_helloworld/libsdk_app_helloworld.a(main.o)
                                        0x76d (size before relaxing)
 .debug_str     0x0000000000000c05      0x2f8 /home/hogc/build-tools/sdk/bl/bl_iot_sdk/customer_app/sdk_app_helloworld/build_out/bl602/libbl602.a(debug.o)
                                        0x906 (size before relaxing)
 .debug_str     0x0000000000000efd      0xb03 /home/hogc/build-tools/sdk/bl/bl_iot_sdk/customer_app/sdk_app_helloworld/build_out/hal_drv/libhal_drv.a(bl_uart.o)
                                       0x1136 (size before relaxing)
 .debug_str     0x0000000000001a00      0x15e /home/hogc/build-tools/sdk/bl/bl_iot_sdk/customer_app/sdk_app_helloworld/build_out/hal_drv/libhal_drv.a(bl_sys.o)
                                        0x780 (size before relaxing)
 .debug_str     0x0000000000001b5e      0x62f /home/hogc/build-tools/sdk/bl/bl_iot_sdk/customer_app/sdk_app_helloworld/build_out/bl602_std/libbl602_std.a(bl602_uart.o)
                                        0xf57 (size before relaxing)
 .debug_str     0x000000000000218d     0x12a7 /home/hogc/build-tools/sdk/bl/bl_iot_sdk/customer_app/sdk_app_helloworld/build_out/bl602_std/libbl602_std.a(bl602_glb.o)
                                       0x1ed3 (size before relaxing)
 .debug_str     0x0000000000003434      0xeeb /home/hogc/build-tools/sdk/bl/bl_iot_sdk/customer_app/sdk_app_helloworld/build_out/bl602_std/libbl602_std.a(bl602_hbn.o)
                                       0x195b (size before relaxing)
 .debug_str     0x000000000000431f     0x21cc /home/hogc/build-tools/sdk/bl/bl_iot_sdk/customer_app/sdk_app_helloworld/build_out/bl602_std/libbl602_std.a(bl602_romapi.o)
                                       0x4489 (size before relaxing)
 .debug_str     0x00000000000064eb      0x34c /home/hogc/build-tools/sdk/bl/bl_iot_sdk/toolchain/riscv/Linux/bin/../lib/gcc/riscv64-unknown-elf/8.3.0/rv32imf/ilp32f/libgcc.a(_clzsi2.o)
                                        0x7fb (size before relaxing)
 .debug_str     0x0000000000006837      0x132 /home/hogc/build-tools/sdk/bl/bl_iot_sdk/toolchain/riscv/Linux/bin/../lib/gcc/riscv64-unknown-elf/8.3.0/rv32imf/ilp32f/libgcc.a(_udivdi3.o)
                                        0x897 (size before relaxing)
 .debug_str     0x0000000000006969        0xa /home/hogc/build-tools/sdk/bl/bl_iot_sdk/toolchain/riscv/Linux/bin/../lib/gcc/riscv64-unknown-elf/8.3.0/rv32imf/ilp32f/libgcc.a(_umoddi3.o)
                                        0x897 (size before relaxing)
 .debug_str     0x0000000000006973      0x194 /home/hogc/build-tools/sdk/bl/bl_iot_sdk/toolchain/riscv/Linux/bin/../lib/gcc/riscv64-unknown-elf/8.3.0/rv32imf/ilp32f/libgcc.a(adddf3.o)
                                        0x35d (size before relaxing)
 .debug_str     0x0000000000006b07      0x19c /home/hogc/build-tools/sdk/bl/bl_iot_sdk/toolchain/riscv/Linux/bin/../lib/gcc/riscv64-unknown-elf/8.3.0/rv32imf/ilp32f/libgcc.a(divdf3.o)
                                        0x41f (size before relaxing)
 .debug_str     0x0000000000006ca3       0x57 /home/hogc/build-tools/sdk/bl/bl_iot_sdk/toolchain/riscv/Linux/bin/../lib/gcc/riscv64-unknown-elf/8.3.0/rv32imf/ilp32f/libgcc.a(eqdf2.o)
                                        0x277 (size before relaxing)
 .debug_str     0x0000000000006cfa       0x5c /home/hogc/build-tools/sdk/bl/bl_iot_sdk/toolchain/riscv/Linux/bin/../lib/gcc/riscv64-unknown-elf/8.3.0/rv32imf/ilp32f/libgcc.a(gedf2.o)
                                        0x29b (size before relaxing)
 .debug_str     0x0000000000006d56       0x38 /home/hogc/build-tools/sdk/bl/bl_iot_sdk/toolchain/riscv/Linux/bin/../lib/gcc/riscv64-unknown-elf/8.3.0/rv32imf/ilp32f/libgcc.a(ledf2.o)
                                        0x29b (size before relaxing)
 .debug_str     0x0000000000006d8e      0x15f /home/hogc/build-tools/sdk/bl/bl_iot_sdk/toolchain/riscv/Linux/bin/../lib/gcc/riscv64-unknown-elf/8.3.0/rv32imf/ilp32f/libgcc.a(muldf3.o)
                                        0x477 (size before relaxing)
 .debug_str     0x0000000000006eed       0x3a /home/hogc/build-tools/sdk/bl/bl_iot_sdk/toolchain/riscv/Linux/bin/../lib/gcc/riscv64-unknown-elf/8.3.0/rv32imf/ilp32f/libgcc.a(subdf3.o)
                                        0x35d (size before relaxing)
 .debug_str     0x0000000000006f27       0x4f /home/hogc/build-tools/sdk/bl/bl_iot_sdk/toolchain/riscv/Linux/bin/../lib/gcc/riscv64-unknown-elf/8.3.0/rv32imf/ilp32f/libgcc.a(fixdfsi.o)
                                        0x274 (size before relaxing)
 .debug_str     0x0000000000006f76      0x7de /home/hogc/build-tools/sdk/bl/bl_iot_sdk/toolchain/riscv/Linux/bin/../lib/gcc/riscv64-unknown-elf/8.3.0/rv32imf/ilp32f/libgcc.a(_clz.o)

.debug_loc      0x0000000000000000    0x111fc
 .debug_loc     0x0000000000000000      0x775 /home/hogc/build-tools/sdk/bl/bl_iot_sdk/customer_app/sdk_app_helloworld/build_out/hal_drv/libhal_drv.a(hal_boot2.o)
 .debug_loc     0x0000000000000775       0x21 /home/hogc/build-tools/sdk/bl/bl_iot_sdk/customer_app/sdk_app_helloworld/build_out/sdk_app_helloworld/libsdk_app_helloworld.a(main.o)
 .debug_loc     0x0000000000000796     0x233d /home/hogc/build-tools/sdk/bl/bl_iot_sdk/customer_app/sdk_app_helloworld/build_out/bl602/libbl602.a(debug.o)
 .debug_loc     0x0000000000002ad3      0x921 /home/hogc/build-tools/sdk/bl/bl_iot_sdk/customer_app/sdk_app_helloworld/build_out/hal_drv/libhal_drv.a(bl_uart.o)
 .debug_loc     0x00000000000033f4       0x34 /home/hogc/build-tools/sdk/bl/bl_iot_sdk/customer_app/sdk_app_helloworld/build_out/hal_drv/libhal_drv.a(bl_sys.o)
 .debug_loc     0x0000000000003428     0x10b9 /home/hogc/build-tools/sdk/bl/bl_iot_sdk/customer_app/sdk_app_helloworld/build_out/bl602_std/libbl602_std.a(bl602_uart.o)
 .debug_loc     0x00000000000044e1     0x1b1b /home/hogc/build-tools/sdk/bl/bl_iot_sdk/customer_app/sdk_app_helloworld/build_out/bl602_std/libbl602_std.a(bl602_glb.o)
 .debug_loc     0x0000000000005ffc     0x1008 /home/hogc/build-tools/sdk/bl/bl_iot_sdk/customer_app/sdk_app_helloworld/build_out/bl602_std/libbl602_std.a(bl602_hbn.o)
 .debug_loc     0x0000000000007004     0x1c9e /home/hogc/build-tools/sdk/bl/bl_iot_sdk/customer_app/sdk_app_helloworld/build_out/bl602_std/libbl602_std.a(bl602_romapi.o)
 .debug_loc     0x0000000000008ca2       0x6b /home/hogc/build-tools/sdk/bl/bl_iot_sdk/toolchain/riscv/Linux/bin/../lib/gcc/riscv64-unknown-elf/8.3.0/rv32imf/ilp32f/libgcc.a(_clzsi2.o)
 .debug_loc     0x0000000000008d0d      0xbd0 /home/hogc/build-tools/sdk/bl/bl_iot_sdk/toolchain/riscv/Linux/bin/../lib/gcc/riscv64-unknown-elf/8.3.0/rv32imf/ilp32f/libgcc.a(_udivdi3.o)
 .debug_loc     0x00000000000098dd      0x969 /home/hogc/build-tools/sdk/bl/bl_iot_sdk/toolchain/riscv/Linux/bin/../lib/gcc/riscv64-unknown-elf/8.3.0/rv32imf/ilp32f/libgcc.a(_umoddi3.o)
 .debug_loc     0x000000000000a246     0x1dad /home/hogc/build-tools/sdk/bl/bl_iot_sdk/toolchain/riscv/Linux/bin/../lib/gcc/riscv64-unknown-elf/8.3.0/rv32imf/ilp32f/libgcc.a(adddf3.o)
 .debug_loc     0x000000000000bff3     0x16c9 /home/hogc/build-tools/sdk/bl/bl_iot_sdk/toolchain/riscv/Linux/bin/../lib/gcc/riscv64-unknown-elf/8.3.0/rv32imf/ilp32f/libgcc.a(divdf3.o)
 .debug_loc     0x000000000000d6bc      0x192 /home/hogc/build-tools/sdk/bl/bl_iot_sdk/toolchain/riscv/Linux/bin/../lib/gcc/riscv64-unknown-elf/8.3.0/rv32imf/ilp32f/libgcc.a(eqdf2.o)
 .debug_loc     0x000000000000d84e      0x156 /home/hogc/build-tools/sdk/bl/bl_iot_sdk/toolchain/riscv/Linux/bin/../lib/gcc/riscv64-unknown-elf/8.3.0/rv32imf/ilp32f/libgcc.a(gedf2.o)
 .debug_loc     0x000000000000d9a4      0x156 /home/hogc/build-tools/sdk/bl/bl_iot_sdk/toolchain/riscv/Linux/bin/../lib/gcc/riscv64-unknown-elf/8.3.0/rv32imf/ilp32f/libgcc.a(ledf2.o)
 .debug_loc     0x000000000000dafa     0x112d /home/hogc/build-tools/sdk/bl/bl_iot_sdk/toolchain/riscv/Linux/bin/../lib/gcc/riscv64-unknown-elf/8.3.0/rv32imf/ilp32f/libgcc.a(muldf3.o)
 .debug_loc     0x000000000000ec27     0x2366 /home/hogc/build-tools/sdk/bl/bl_iot_sdk/toolchain/riscv/Linux/bin/../lib/gcc/riscv64-unknown-elf/8.3.0/rv32imf/ilp32f/libgcc.a(subdf3.o)
 .debug_loc     0x0000000000010f8d      0x26f /home/hogc/build-tools/sdk/bl/bl_iot_sdk/toolchain/riscv/Linux/bin/../lib/gcc/riscv64-unknown-elf/8.3.0/rv32imf/ilp32f/libgcc.a(fixdfsi.o)

.debug_ranges   0x0000000000000000     0x1b70
 .debug_ranges  0x0000000000000000       0xa0 /home/hogc/build-tools/sdk/bl/bl_iot_sdk/customer_app/sdk_app_helloworld/build_out/hal_drv/libhal_drv.a(hal_boot2.o)
 .debug_ranges  0x00000000000000a0       0x38 /home/hogc/build-tools/sdk/bl/bl_iot_sdk/customer_app/sdk_app_helloworld/build_out/sdk_app_helloworld/libsdk_app_helloworld.a(main.o)
 .debug_ranges  0x00000000000000d8      0x138 /home/hogc/build-tools/sdk/bl/bl_iot_sdk/customer_app/sdk_app_helloworld/build_out/bl602/libbl602.a(debug.o)
 .debug_ranges  0x0000000000000210       0xa8 /home/hogc/build-tools/sdk/bl/bl_iot_sdk/customer_app/sdk_app_helloworld/build_out/hal_drv/libhal_drv.a(bl_uart.o)
 .debug_ranges  0x00000000000002b8       0x48 /home/hogc/build-tools/sdk/bl/bl_iot_sdk/customer_app/sdk_app_helloworld/build_out/hal_drv/libhal_drv.a(bl_sys.o)
 .debug_ranges  0x0000000000000300       0xf8 /home/hogc/build-tools/sdk/bl/bl_iot_sdk/customer_app/sdk_app_helloworld/build_out/bl602_std/libbl602_std.a(bl602_uart.o)
 .debug_ranges  0x00000000000003f8      0x2a8 /home/hogc/build-tools/sdk/bl/bl_iot_sdk/customer_app/sdk_app_helloworld/build_out/bl602_std/libbl602_std.a(bl602_glb.o)
 .debug_ranges  0x00000000000006a0      0x1e8 /home/hogc/build-tools/sdk/bl/bl_iot_sdk/customer_app/sdk_app_helloworld/build_out/bl602_std/libbl602_std.a(bl602_hbn.o)
 .debug_ranges  0x0000000000000888      0x558 /home/hogc/build-tools/sdk/bl/bl_iot_sdk/customer_app/sdk_app_helloworld/build_out/bl602_std/libbl602_std.a(bl602_romapi.o)
 .debug_ranges  0x0000000000000de0       0x20 /home/hogc/build-tools/sdk/bl/bl_iot_sdk/toolchain/riscv/Linux/bin/../lib/gcc/riscv64-unknown-elf/8.3.0/rv32imf/ilp32f/libgcc.a(_clzsi2.o)
 .debug_ranges  0x0000000000000e00      0x100 /home/hogc/build-tools/sdk/bl/bl_iot_sdk/toolchain/riscv/Linux/bin/../lib/gcc/riscv64-unknown-elf/8.3.0/rv32imf/ilp32f/libgcc.a(_udivdi3.o)
 .debug_ranges  0x0000000000000f00       0xd0 /home/hogc/build-tools/sdk/bl/bl_iot_sdk/toolchain/riscv/Linux/bin/../lib/gcc/riscv64-unknown-elf/8.3.0/rv32imf/ilp32f/libgcc.a(_umoddi3.o)
 .debug_ranges  0x0000000000000fd0      0x2f0 /home/hogc/build-tools/sdk/bl/bl_iot_sdk/toolchain/riscv/Linux/bin/../lib/gcc/riscv64-unknown-elf/8.3.0/rv32imf/ilp32f/libgcc.a(adddf3.o)
 .debug_ranges  0x00000000000012c0      0x1d0 /home/hogc/build-tools/sdk/bl/bl_iot_sdk/toolchain/riscv/Linux/bin/../lib/gcc/riscv64-unknown-elf/8.3.0/rv32imf/ilp32f/libgcc.a(divdf3.o)
 .debug_ranges  0x0000000000001490       0x60 /home/hogc/build-tools/sdk/bl/bl_iot_sdk/toolchain/riscv/Linux/bin/../lib/gcc/riscv64-unknown-elf/8.3.0/rv32imf/ilp32f/libgcc.a(eqdf2.o)
 .debug_ranges  0x00000000000014f0       0x68 /home/hogc/build-tools/sdk/bl/bl_iot_sdk/toolchain/riscv/Linux/bin/../lib/gcc/riscv64-unknown-elf/8.3.0/rv32imf/ilp32f/libgcc.a(gedf2.o)
 .debug_ranges  0x0000000000001558       0x68 /home/hogc/build-tools/sdk/bl/bl_iot_sdk/toolchain/riscv/Linux/bin/../lib/gcc/riscv64-unknown-elf/8.3.0/rv32imf/ilp32f/libgcc.a(ledf2.o)
 .debug_ranges  0x00000000000015c0      0x230 /home/hogc/build-tools/sdk/bl/bl_iot_sdk/toolchain/riscv/Linux/bin/../lib/gcc/riscv64-unknown-elf/8.3.0/rv32imf/ilp32f/libgcc.a(muldf3.o)
 .debug_ranges  0x00000000000017f0      0x330 /home/hogc/build-tools/sdk/bl/bl_iot_sdk/toolchain/riscv/Linux/bin/../lib/gcc/riscv64-unknown-elf/8.3.0/rv32imf/ilp32f/libgcc.a(subdf3.o)
 .debug_ranges  0x0000000000001b20       0x50 /home/hogc/build-tools/sdk/bl/bl_iot_sdk/toolchain/riscv/Linux/bin/../lib/gcc/riscv64-unknown-elf/8.3.0/rv32imf/ilp32f/libgcc.a(fixdfsi.o)

.debug_frame    0x0000000000000000     0x20b0
 .debug_frame   0x0000000000000000      0x1e0 /home/hogc/build-tools/sdk/bl/bl_iot_sdk/customer_app/sdk_app_helloworld/build_out/hal_drv/libhal_drv.a(hal_boot2.o)
 .debug_frame   0x00000000000001e0       0x94 /home/hogc/build-tools/sdk/bl/bl_iot_sdk/customer_app/sdk_app_helloworld/build_out/sdk_app_helloworld/libsdk_app_helloworld.a(main.o)
 .debug_frame   0x0000000000000274      0x254 /home/hogc/build-tools/sdk/bl/bl_iot_sdk/customer_app/sdk_app_helloworld/build_out/bl602/libbl602.a(debug.o)
 .debug_frame   0x00000000000004c8      0x22c /home/hogc/build-tools/sdk/bl/bl_iot_sdk/customer_app/sdk_app_helloworld/build_out/hal_drv/libhal_drv.a(bl_uart.o)
 .debug_frame   0x00000000000006f4       0xc0 /home/hogc/build-tools/sdk/bl/bl_iot_sdk/customer_app/sdk_app_helloworld/build_out/hal_drv/libhal_drv.a(bl_sys.o)
 .debug_frame   0x00000000000007b4      0x274 /home/hogc/build-tools/sdk/bl/bl_iot_sdk/customer_app/sdk_app_helloworld/build_out/bl602_std/libbl602_std.a(bl602_uart.o)
 .debug_frame   0x0000000000000a28      0x574 /home/hogc/build-tools/sdk/bl/bl_iot_sdk/customer_app/sdk_app_helloworld/build_out/bl602_std/libbl602_std.a(bl602_glb.o)
 .debug_frame   0x0000000000000f9c      0x48c /home/hogc/build-tools/sdk/bl/bl_iot_sdk/customer_app/sdk_app_helloworld/build_out/bl602_std/libbl602_std.a(bl602_hbn.o)
 .debug_frame   0x0000000000001428      0xab0 /home/hogc/build-tools/sdk/bl/bl_iot_sdk/customer_app/sdk_app_helloworld/build_out/bl602_std/libbl602_std.a(bl602_romapi.o)
 .debug_frame   0x0000000000001ed8       0x20 /home/hogc/build-tools/sdk/bl/bl_iot_sdk/toolchain/riscv/Linux/bin/../lib/gcc/riscv64-unknown-elf/8.3.0/rv32imf/ilp32f/libgcc.a(_clzsi2.o)
 .debug_frame   0x0000000000001ef8       0x44 /home/hogc/build-tools/sdk/bl/bl_iot_sdk/toolchain/riscv/Linux/bin/../lib/gcc/riscv64-unknown-elf/8.3.0/rv32imf/ilp32f/libgcc.a(adddf3.o)
 .debug_frame   0x0000000000001f3c       0x58 /home/hogc/build-tools/sdk/bl/bl_iot_sdk/toolchain/riscv/Linux/bin/../lib/gcc/riscv64-unknown-elf/8.3.0/rv32imf/ilp32f/libgcc.a(divdf3.o)
 .debug_frame   0x0000000000001f94       0x20 /home/hogc/build-tools/sdk/bl/bl_iot_sdk/toolchain/riscv/Linux/bin/../lib/gcc/riscv64-unknown-elf/8.3.0/rv32imf/ilp32f/libgcc.a(eqdf2.o)
 .debug_frame   0x0000000000001fb4       0x20 /home/hogc/build-tools/sdk/bl/bl_iot_sdk/toolchain/riscv/Linux/bin/../lib/gcc/riscv64-unknown-elf/8.3.0/rv32imf/ilp32f/libgcc.a(gedf2.o)
 .debug_frame   0x0000000000001fd4       0x20 /home/hogc/build-tools/sdk/bl/bl_iot_sdk/toolchain/riscv/Linux/bin/../lib/gcc/riscv64-unknown-elf/8.3.0/rv32imf/ilp32f/libgcc.a(ledf2.o)
 .debug_frame   0x0000000000001ff4       0x58 /home/hogc/build-tools/sdk/bl/bl_iot_sdk/toolchain/riscv/Linux/bin/../lib/gcc/riscv64-unknown-elf/8.3.0/rv32imf/ilp32f/libgcc.a(muldf3.o)
 .debug_frame   0x000000000000204c       0x44 /home/hogc/build-tools/sdk/bl/bl_iot_sdk/toolchain/riscv/Linux/bin/../lib/gcc/riscv64-unknown-elf/8.3.0/rv32imf/ilp32f/libgcc.a(subdf3.o)
 .debug_frame   0x0000000000002090       0x20 /home/hogc/build-tools/sdk/bl/bl_iot_sdk/toolchain/riscv/Linux/bin/../lib/gcc/riscv64-unknown-elf/8.3.0/rv32imf/ilp32f/libgcc.a(fixdfsi.o)

Cross Reference Table

Symbol                                            File
AON_Get_Xtal_CapCode                              /home/hogc/build-tools/sdk/bl/bl_iot_sdk/customer_app/sdk_app_helloworld/build_out/bl602_std/libbl602_std.a(bl602_romapi.o)
                                                  /home/hogc/build-tools/sdk/bl/bl_iot_sdk/customer_app/sdk_app_helloworld/build_out/bl602_std/libbl602_std.a(bl602_aon.o)
AON_LowPower_Enter_PDS0                           /home/hogc/build-tools/sdk/bl/bl_iot_sdk/customer_app/sdk_app_helloworld/build_out/bl602_std/libbl602_std.a(bl602_romapi.o)
                                                  /home/hogc/build-tools/sdk/bl/bl_iot_sdk/customer_app/sdk_app_helloworld/build_out/bl602_std/libbl602_std.a(bl602_aon.o)
AON_LowPower_Exit_PDS0                            /home/hogc/build-tools/sdk/bl/bl_iot_sdk/customer_app/sdk_app_helloworld/build_out/bl602_std/libbl602_std.a(bl602_romapi.o)
                                                  /home/hogc/build-tools/sdk/bl/bl_iot_sdk/customer_app/sdk_app_helloworld/build_out/bl602_std/libbl602_std.a(bl602_aon.o)
AON_Power_Off_BG                                  /home/hogc/build-tools/sdk/bl/bl_iot_sdk/customer_app/sdk_app_helloworld/build_out/bl602_std/libbl602_std.a(bl602_romapi.o)
                                                  /home/hogc/build-tools/sdk/bl/bl_iot_sdk/customer_app/sdk_app_helloworld/build_out/bl602_std/libbl602_std.a(bl602_aon.o)
AON_Power_Off_LDO11_SOC                           /home/hogc/build-tools/sdk/bl/bl_iot_sdk/customer_app/sdk_app_helloworld/build_out/bl602_std/libbl602_std.a(bl602_romapi.o)
                                                  /home/hogc/build-tools/sdk/bl/bl_iot_sdk/customer_app/sdk_app_helloworld/build_out/bl602_std/libbl602_std.a(bl602_aon.o)
AON_Power_Off_LDO15_RF                            /home/hogc/build-tools/sdk/bl/bl_iot_sdk/customer_app/sdk_app_helloworld/build_out/bl602_std/libbl602_std.a(bl602_romapi.o)
                                                  /home/hogc/build-tools/sdk/bl/bl_iot_sdk/customer_app/sdk_app_helloworld/build_out/bl602_std/libbl602_std.a(bl602_aon.o)
AON_Power_Off_MBG                                 /home/hogc/build-tools/sdk/bl/bl_iot_sdk/customer_app/sdk_app_helloworld/build_out/bl602_std/libbl602_std.a(bl602_romapi.o)
                                                  /home/hogc/build-tools/sdk/bl/bl_iot_sdk/customer_app/sdk_app_helloworld/build_out/bl602_std/libbl602_std.a(bl602_aon.o)
AON_Power_Off_SFReg                               /home/hogc/build-tools/sdk/bl/bl_iot_sdk/customer_app/sdk_app_helloworld/build_out/bl602_std/libbl602_std.a(bl602_romapi.o)
                                                  /home/hogc/build-tools/sdk/bl/bl_iot_sdk/customer_app/sdk_app_helloworld/build_out/bl602_std/libbl602_std.a(bl602_aon.o)
AON_Power_Off_XTAL                                /home/hogc/build-tools/sdk/bl/bl_iot_sdk/customer_app/sdk_app_helloworld/build_out/bl602_std/libbl602_std.a(bl602_romapi.o)
                                                  /home/hogc/build-tools/sdk/bl/bl_iot_sdk/customer_app/sdk_app_helloworld/build_out/bl602_std/libbl602_std.a(bl602_aon.o)
AON_Power_On_BG                                   /home/hogc/build-tools/sdk/bl/bl_iot_sdk/customer_app/sdk_app_helloworld/build_out/bl602_std/libbl602_std.a(bl602_romapi.o)
                                                  /home/hogc/build-tools/sdk/bl/bl_iot_sdk/customer_app/sdk_app_helloworld/build_out/bl602_std/libbl602_std.a(bl602_aon.o)
AON_Power_On_LDO11_SOC                            /home/hogc/build-tools/sdk/bl/bl_iot_sdk/customer_app/sdk_app_helloworld/build_out/bl602_std/libbl602_std.a(bl602_romapi.o)
                                                  /home/hogc/build-tools/sdk/bl/bl_iot_sdk/customer_app/sdk_app_helloworld/build_out/bl602_std/libbl602_std.a(bl602_aon.o)
AON_Power_On_LDO15_RF                             /home/hogc/build-tools/sdk/bl/bl_iot_sdk/customer_app/sdk_app_helloworld/build_out/bl602_std/libbl602_std.a(bl602_romapi.o)
                                                  /home/hogc/build-tools/sdk/bl/bl_iot_sdk/customer_app/sdk_app_helloworld/build_out/bl602_std/libbl602_std.a(bl602_aon.o)
AON_Power_On_MBG                                  /home/hogc/build-tools/sdk/bl/bl_iot_sdk/customer_app/sdk_app_helloworld/build_out/bl602_std/libbl602_std.a(bl602_romapi.o)
                                                  /home/hogc/build-tools/sdk/bl/bl_iot_sdk/customer_app/sdk_app_helloworld/build_out/bl602_std/libbl602_std.a(bl602_aon.o)
AON_Power_On_SFReg                                /home/hogc/build-tools/sdk/bl/bl_iot_sdk/customer_app/sdk_app_helloworld/build_out/bl602_std/libbl602_std.a(bl602_romapi.o)
                                                  /home/hogc/build-tools/sdk/bl/bl_iot_sdk/customer_app/sdk_app_helloworld/build_out/bl602_std/libbl602_std.a(bl602_aon.o)
AON_Power_On_XTAL                                 /home/hogc/build-tools/sdk/bl/bl_iot_sdk/customer_app/sdk_app_helloworld/build_out/bl602_std/libbl602_std.a(bl602_romapi.o)
                                                  /home/hogc/build-tools/sdk/bl/bl_iot_sdk/customer_app/sdk_app_helloworld/build_out/bl602_std/libbl602_std.a(bl602_aon.o)
                                                  /home/hogc/build-tools/sdk/bl/bl_iot_sdk/customer_app/sdk_app_helloworld/build_out/bl602_std/libbl602_std.a(bl602_glb.o)
AON_Set_LDO11_SOC_Sstart_Delay                    /home/hogc/build-tools/sdk/bl/bl_iot_sdk/customer_app/sdk_app_helloworld/build_out/bl602_std/libbl602_std.a(bl602_aon.o)
AON_Set_Xtal_CapCode                              /home/hogc/build-tools/sdk/bl/bl_iot_sdk/customer_app/sdk_app_helloworld/build_out/bl602_std/libbl602_std.a(bl602_romapi.o)
                                                  /home/hogc/build-tools/sdk/bl/bl_iot_sdk/customer_app/sdk_app_helloworld/build_out/bl602_std/libbl602_std.a(bl602_aon.o)
ASM_Delay_Us                                      /home/hogc/build-tools/sdk/bl/bl_iot_sdk/customer_app/sdk_app_helloworld/build_out/bl602_std/libbl602_std.a(bl602_romapi.o)
BFLB_Soft_CRC16                                   /home/hogc/build-tools/sdk/bl/bl_iot_sdk/customer_app/sdk_app_helloworld/build_out/bl602_std/libbl602_std.a(softcrc.o)
BFLB_Soft_CRC32                                   /home/hogc/build-tools/sdk/bl/bl_iot_sdk/customer_app/sdk_app_helloworld/build_out/bl602_std/libbl602_std.a(bl602_romapi.o)
                                                  /home/hogc/build-tools/sdk/bl/bl_iot_sdk/customer_app/sdk_app_helloworld/build_out/bl602_std/libbl602_std.a(softcrc.o)
                                                  /home/hogc/build-tools/sdk/bl/bl_iot_sdk/customer_app/sdk_app_helloworld/build_out/hal_drv/libhal_drv.a(bl_boot2.o)
BFLB_Soft_CRC32_Table                             /home/hogc/build-tools/sdk/bl/bl_iot_sdk/customer_app/sdk_app_helloworld/build_out/bl602_std/libbl602_std.a(softcrc.o)
BL602_Delay_MS                                    /home/hogc/build-tools/sdk/bl/bl_iot_sdk/customer_app/sdk_app_helloworld/build_out/bl602_std/libbl602_std.a(bl602_romapi.o)
                                                  /home/hogc/build-tools/sdk/bl/bl_iot_sdk/customer_app/sdk_app_helloworld/build_out/bl602_std/libbl602_std.a(bl602_hbn.o)
BL602_Delay_US                                    /home/hogc/build-tools/sdk/bl/bl_iot_sdk/customer_app/sdk_app_helloworld/build_out/bl602_std/libbl602_std.a(bl602_romapi.o)
                                                  /home/hogc/build-tools/sdk/bl/bl_iot_sdk/customer_app/sdk_app_helloworld/build_out/bl602_std/libbl602_std.a(bl602_ef_ctrl.o)
                                                  /home/hogc/build-tools/sdk/bl/bl_iot_sdk/customer_app/sdk_app_helloworld/build_out/bl602_std/libbl602_std.a(bl602_pds.o)
                                                  /home/hogc/build-tools/sdk/bl/bl_iot_sdk/customer_app/sdk_app_helloworld/build_out/bl602_std/libbl602_std.a(bl602_aon.o)
                                                  /home/hogc/build-tools/sdk/bl/bl_iot_sdk/customer_app/sdk_app_helloworld/build_out/bl602_std/libbl602_std.a(bl602_hbn.o)
                                                  /home/hogc/build-tools/sdk/bl/bl_iot_sdk/customer_app/sdk_app_helloworld/build_out/bl602_std/libbl602_std.a(bl602_glb.o)
BL602_MemCmp                                      /home/hogc/build-tools/sdk/bl/bl_iot_sdk/customer_app/sdk_app_helloworld/build_out/bl602_std/libbl602_std.a(bl602_romapi.o)
BL602_MemCpy                                      /home/hogc/build-tools/sdk/bl/bl_iot_sdk/customer_app/sdk_app_helloworld/build_out/bl602_std/libbl602_std.a(bl602_romapi.o)
BL602_MemCpy4                                     /home/hogc/build-tools/sdk/bl/bl_iot_sdk/customer_app/sdk_app_helloworld/build_out/bl602_std/libbl602_std.a(bl602_romapi.o)
                                                  /home/hogc/build-tools/sdk/bl/bl_iot_sdk/customer_app/sdk_app_helloworld/build_out/bl602_std/libbl602_std.a(bl602_ef_ctrl.o)
BL602_MemCpy_Fast                                 /home/hogc/build-tools/sdk/bl/bl_iot_sdk/customer_app/sdk_app_helloworld/build_out/bl602_std/libbl602_std.a(bl602_romapi.o)
BL602_MemSet                                      /home/hogc/build-tools/sdk/bl/bl_iot_sdk/customer_app/sdk_app_helloworld/build_out/bl602_std/libbl602_std.a(bl602_romapi.o)
BL602_MemSet4                                     /home/hogc/build-tools/sdk/bl/bl_iot_sdk/customer_app/sdk_app_helloworld/build_out/bl602_std/libbl602_std.a(bl602_romapi.o)
BMX_ERR_INT_Callback_Install                      /home/hogc/build-tools/sdk/bl/bl_iot_sdk/customer_app/sdk_app_helloworld/build_out/bl602_std/libbl602_std.a(bl602_glb.o)
BMX_TIMEOUT_INT_Callback_Install                  /home/hogc/build-tools/sdk/bl/bl_iot_sdk/customer_app/sdk_app_helloworld/build_out/bl602_std/libbl602_std.a(bl602_glb.o)
EF_Ctrl_AutoLoad_Done                             /home/hogc/build-tools/sdk/bl/bl_iot_sdk/customer_app/sdk_app_helloworld/build_out/bl602_std/libbl602_std.a(bl602_romapi.o)
                                                  /home/hogc/build-tools/sdk/bl/bl_iot_sdk/customer_app/sdk_app_helloworld/build_out/bl602_std/libbl602_std.a(bl602_ef_ctrl.o)
EF_Ctrl_Busy                                      /home/hogc/build-tools/sdk/bl/bl_iot_sdk/customer_app/sdk_app_helloworld/build_out/bl602_std/libbl602_std.a(bl602_romapi.o)
                                                  /home/hogc/build-tools/sdk/bl/bl_iot_sdk/customer_app/sdk_app_helloworld/build_out/bl602_std/libbl602_std.a(bl602_ef_ctrl.o)
EF_Ctrl_Clear                                     /home/hogc/build-tools/sdk/bl/bl_iot_sdk/customer_app/sdk_app_helloworld/build_out/bl602_std/libbl602_std.a(bl602_romapi.o)
                                                  /home/hogc/build-tools/sdk/bl/bl_iot_sdk/customer_app/sdk_app_helloworld/build_out/bl602_std/libbl602_std.a(bl602_ef_ctrl.o)
EF_Ctrl_Crc_Enable                                /home/hogc/build-tools/sdk/bl/bl_iot_sdk/customer_app/sdk_app_helloworld/build_out/bl602_std/libbl602_std.a(bl602_ef_ctrl.o)
EF_Ctrl_Crc_Is_Busy                               /home/hogc/build-tools/sdk/bl/bl_iot_sdk/customer_app/sdk_app_helloworld/build_out/bl602_std/libbl602_std.a(bl602_ef_ctrl.o)
EF_Ctrl_Crc_Result                                /home/hogc/build-tools/sdk/bl/bl_iot_sdk/customer_app/sdk_app_helloworld/build_out/bl602_std/libbl602_std.a(bl602_ef_ctrl.o)
EF_Ctrl_Crc_Set_Golden                            /home/hogc/build-tools/sdk/bl/bl_iot_sdk/customer_app/sdk_app_helloworld/build_out/bl602_std/libbl602_std.a(bl602_ef_ctrl.o)
EF_Ctrl_Get_Trim_Enable                           /home/hogc/build-tools/sdk/bl/bl_iot_sdk/customer_app/sdk_app_helloworld/build_out/bl602_std/libbl602_std.a(bl602_ef_ctrl.o)
EF_Ctrl_Get_Trim_Parity                           /home/hogc/build-tools/sdk/bl/bl_iot_sdk/customer_app/sdk_app_helloworld/build_out/bl602_std/libbl602_std.a(bl602_romapi.o)