Archive member included to satisfy reference by file (symbol)

/mnt/e/sharespace/riscv/riscv64-unknown-elf-gcc-8.2.0-2019.05.3-x86_64-linux-ubuntu14/bin/../lib/gcc/riscv64-unknown-elf/8.2.0/../../../../riscv64-unknown-elf/lib/rv32imafc/ilp32f/libc.a(lib_a-memmove.o)
                              out/BSP_Common/xz/xz_dec_lzma2.o (memmove)
/mnt/e/sharespace/riscv/riscv64-unknown-elf-gcc-8.2.0-2019.05.3-x86_64-linux-ubuntu14/bin/../lib/gcc/riscv64-unknown-elf/8.2.0/rv32imafc/ilp32f/libgcc.a(_clzsi2.o)
                              out/3rdParty/FreeRTOS/Source/tasks.o (__clzsi2)
/mnt/e/sharespace/riscv/riscv64-unknown-elf-gcc-8.2.0-2019.05.3-x86_64-linux-ubuntu14/bin/../lib/gcc/riscv64-unknown-elf/8.2.0/rv32imafc/ilp32f/libgcc.a(_udivdi3.o)
                              out/BSP_Common/libc/vsnprintf.o (__udivdi3)
/mnt/e/sharespace/riscv/riscv64-unknown-elf-gcc-8.2.0-2019.05.3-x86_64-linux-ubuntu14/bin/../lib/gcc/riscv64-unknown-elf/8.2.0/rv32imafc/ilp32f/libgcc.a(_umoddi3.o)
                              out/BSP_Common/libc/vsnprintf.o (__umoddi3)
/mnt/e/sharespace/riscv/riscv64-unknown-elf-gcc-8.2.0-2019.05.3-x86_64-linux-ubuntu14/bin/../lib/gcc/riscv64-unknown-elf/8.2.0/rv32imafc/ilp32f/libgcc.a(adddf3.o)
                              out/BSP_Common/libc/atof.o (__adddf3)
/mnt/e/sharespace/riscv/riscv64-unknown-elf-gcc-8.2.0-2019.05.3-x86_64-linux-ubuntu14/bin/../lib/gcc/riscv64-unknown-elf/8.2.0/rv32imafc/ilp32f/libgcc.a(divdf3.o)
                              out/ChipTest/Eflash_Loader/bflb_eflash_loader_uart.o (__divdf3)
/mnt/e/sharespace/riscv/riscv64-unknown-elf-gcc-8.2.0-2019.05.3-x86_64-linux-ubuntu14/bin/../lib/gcc/riscv64-unknown-elf/8.2.0/rv32imafc/ilp32f/libgcc.a(muldf3.o)
                              out/ChipTest/Eflash_Loader/bflb_eflash_loader_uart.o (__muldf3)
/mnt/e/sharespace/riscv/riscv64-unknown-elf-gcc-8.2.0-2019.05.3-x86_64-linux-ubuntu14/bin/../lib/gcc/riscv64-unknown-elf/8.2.0/rv32imafc/ilp32f/libgcc.a(fixdfsi.o)
                              out/BSP_Driver/BL602_BSP_Driver/RFDriver/bl602_rf_private.o (__fixdfsi)
/mnt/e/sharespace/riscv/riscv64-unknown-elf-gcc-8.2.0-2019.05.3-x86_64-linux-ubuntu14/bin/../lib/gcc/riscv64-unknown-elf/8.2.0/rv32imafc/ilp32f/libgcc.a(fixunsdfsi.o)
                              out/ChipTest/Eflash_Loader/bflb_eflash_loader_uart.o (__fixunsdfsi)
/mnt/e/sharespace/riscv/riscv64-unknown-elf-gcc-8.2.0-2019.05.3-x86_64-linux-ubuntu14/bin/../lib/gcc/riscv64-unknown-elf/8.2.0/rv32imafc/ilp32f/libgcc.a(floatsidf.o)
                              out/BSP_Common/libc/atof.o (__floatsidf)
/mnt/e/sharespace/riscv/riscv64-unknown-elf-gcc-8.2.0-2019.05.3-x86_64-linux-ubuntu14/bin/../lib/gcc/riscv64-unknown-elf/8.2.0/rv32imafc/ilp32f/libgcc.a(floatunsidf.o)
                              out/ChipTest/Eflash_Loader/bflb_eflash_loader_uart.o (__floatunsidf)
/mnt/e/sharespace/riscv/riscv64-unknown-elf-gcc-8.2.0-2019.05.3-x86_64-linux-ubuntu14/bin/../lib/gcc/riscv64-unknown-elf/8.2.0/rv32imafc/ilp32f/libgcc.a(extendsfdf2.o)
                              out/BSP_Driver/BL602_BSP_Driver/StdDriver/bl602_adc.o (__extendsfdf2)
/mnt/e/sharespace/riscv/riscv64-unknown-elf-gcc-8.2.0-2019.05.3-x86_64-linux-ubuntu14/bin/../lib/gcc/riscv64-unknown-elf/8.2.0/rv32imafc/ilp32f/libgcc.a(truncdfsf2.o)
                              out/BSP_Driver/BL602_BSP_Driver/StdDriver/bl602_adc.o (__truncdfsf2)
/mnt/e/sharespace/riscv/riscv64-unknown-elf-gcc-8.2.0-2019.05.3-x86_64-linux-ubuntu14/bin/../lib/gcc/riscv64-unknown-elf/8.2.0/rv32imafc/ilp32f/libgcc.a(_clz.o)
                              /mnt/e/sharespace/riscv/riscv64-unknown-elf-gcc-8.2.0-2019.05.3-x86_64-linux-ubuntu14/bin/../lib/gcc/riscv64-unknown-elf/8.2.0/rv32imafc/ilp32f/libgcc.a(_clzsi2.o) (__clz_tab)

Discarded input sections

 .group         0x0000000000000000        0xc out/ChipTest/Eflash_Loader/main.o
 .group         0x0000000000000000        0xc out/ChipTest/Eflash_Loader/main.o
 .group         0x0000000000000000        0xc out/ChipTest/Eflash_Loader/main.o
 .group         0x0000000000000000        0xc out/ChipTest/Eflash_Loader/main.o
 .group         0x0000000000000000        0xc out/ChipTest/Eflash_Loader/main.o
 .group         0x0000000000000000        0xc out/ChipTest/Eflash_Loader/main.o
 .group         0x0000000000000000        0xc out/ChipTest/Eflash_Loader/main.o
 .group         0x0000000000000000        0xc out/ChipTest/Eflash_Loader/main.o
 .group         0x0000000000000000        0xc out/ChipTest/Eflash_Loader/main.o
 .group         0x0000000000000000        0xc out/ChipTest/Eflash_Loader/main.o
 .group         0x0000000000000000        0xc out/ChipTest/Eflash_Loader/main.o
 .group         0x0000000000000000        0xc out/ChipTest/Eflash_Loader/main.o
 .group         0x0000000000000000        0xc out/ChipTest/Eflash_Loader/main.o
 .group         0x0000000000000000        0xc out/ChipTest/Eflash_Loader/main.o
 .group         0x0000000000000000        0xc out/ChipTest/Eflash_Loader/main.o
[...]
Memory Configuration

Name             Origin             Length             Attributes
itcm_memory      0x0000000022010000 0x000000000000c000 xr
dtcm_memory      0x000000004201c000 0x0000000000004000 xr
ram_memory       0x0000000042020000 0x0000000000010000 !xr
*default*        0x0000000000000000 0xffffffffffffffff

Linker script and memory map

LOAD out/ChipTest/Eflash_Loader/main.o
LOAD out/ChipTest/Eflash_Loader/bflb_eflash_loader_cmds.o
LOAD out/ChipTest/Eflash_Loader/bflb_eflash_loader_gpio.o
LOAD out/ChipTest/Eflash_Loader/bflb_eflash_loader_interface.o
LOAD out/ChipTest/Eflash_Loader/bflb_eflash_loader_jlink.o
LOAD out/ChipTest/Eflash_Loader/bflb_eflash_loader_uart.o
LOAD out/ChipTest/Eflash_Loader/bflb_spi_flash.o
LOAD out/ChipTest/Eflash_Loader/bflb_efuse.o
LOAD out/ChipTest/Eflash_Loader/bflb_set_clock.o
LOAD out/BSP_Common/cipher_suite/bflb_crypt.o
LOAD out/BSP_Common/cipher_suite/bflb_hash.o
LOAD out/BSP_Common/cipher_suite/bflb_ecdsa.o
LOAD out/BSP_Common/cipher_suite/bflb_dsa.o
LOAD out/BSP_Common/libc/atof.o
LOAD out/BSP_Common/libc/atoi.o
LOAD out/BSP_Common/libc/atol.o
LOAD out/BSP_Common/libc/atoll.o
LOAD out/BSP_Common/libc/jrand48.o
LOAD out/BSP_Common/libc/lrand48.o
LOAD out/BSP_Common/libc/mrand48.o
LOAD out/BSP_Common/libc/nrand48.o
LOAD out/BSP_Common/libc/seed48.o
LOAD out/BSP_Common/libc/srand48.o
LOAD out/BSP_Common/libc/memccpy.o
LOAD out/BSP_Common/libc/memcpy.o
LOAD out/BSP_Common/libc/memset.o
LOAD out/BSP_Common/libc/memswap.o
LOAD out/BSP_Common/libc/memchr.o
LOAD out/BSP_Common/libc/memrchr.o
LOAD out/BSP_Common/libc/memmem.o
LOAD out/BSP_Common/libc/memcmp.o
LOAD out/BSP_Common/libc/bsearch.o
LOAD out/BSP_Common/libc/qsort.o
LOAD out/BSP_Common/libc/fnmatch.o
LOAD out/BSP_Common/libc/snprintf.o
LOAD out/BSP_Common/libc/sprintf.o
LOAD out/BSP_Common/libc/sscanf.o
LOAD out/BSP_Common/libc/vsnprintf.o
LOAD out/BSP_Common/libc/vsprintf.o
LOAD out/BSP_Common/libc/vsscanf.o
LOAD out/BSP_Common/libc/strcmp.o
LOAD out/BSP_Common/libc/strncmp.o
LOAD out/BSP_Common/libc/strcasecmp.o
LOAD out/BSP_Common/libc/strncasecmp.o
LOAD out/BSP_Common/libc/strcpy.o
LOAD out/BSP_Common/libc/strlcpy.o
LOAD out/BSP_Common/libc/strncpy.o
LOAD out/BSP_Common/libc/strcat.o
LOAD out/BSP_Common/libc/strlcat.o
LOAD out/BSP_Common/libc/strncat.o
LOAD out/BSP_Common/libc/strlen.o
LOAD out/BSP_Common/libc/strnlen.o
LOAD out/BSP_Common/libc/strchr.o
LOAD out/BSP_Common/libc/strrchr.o
LOAD out/BSP_Common/libc/strsep.o
LOAD out/BSP_Common/libc/strstr.o
LOAD out/BSP_Common/libc/strcspn.o
LOAD out/BSP_Common/libc/strspn.o
LOAD out/BSP_Common/libc/strxspn.o
LOAD out/BSP_Common/libc/strpbrk.o
LOAD out/BSP_Common/libc/strtok.o
LOAD out/BSP_Common/libc/strtok_r.o
LOAD out/BSP_Common/libc/strtol.o
LOAD out/BSP_Common/libc/strtoll.o
LOAD out/BSP_Common/libc/strtoul.o
LOAD out/BSP_Common/libc/strtoull.o
LOAD out/BSP_Common/libc/strtoimax.o
LOAD out/BSP_Common/libc/strtoumax.o
LOAD out/BSP_Common/libc/strntoimax.o
LOAD out/BSP_Common/libc/strntoumax.o
LOAD out/BSP_Common/libc/stdlib.o
LOAD out/BSP_Common/libc/common.o
LOAD out/BSP_Common/libc/ctype_isalnum.o
LOAD out/BSP_Common/libc/ctype_isalpha.o
LOAD out/BSP_Common/libc/ctype_isascii.o
LOAD out/BSP_Common/libc/ctype_isblank.o
LOAD out/BSP_Common/libc/ctype_iscntrl.o
LOAD out/BSP_Common/libc/ctype_isdigit.o
LOAD out/BSP_Common/libc/ctype_isgraph.o
LOAD out/BSP_Common/libc/ctype_ispunct.o
LOAD out/BSP_Common/libc/ctype_islower.o
LOAD out/BSP_Common/libc/ctype_isprint.o
LOAD out/BSP_Common/libc/ctype_isspace.o
LOAD out/BSP_Common/libc/ctype_isupper.o
LOAD out/BSP_Common/libc/ctype_tolower.o
LOAD out/BSP_Common/libc/ctype_toupper.o
LOAD out/BSP_Common/libc/ctype_isxdigit.o
LOAD out/BSP_Common/libc/ctypes.o
LOAD out/BSP_Common/partition/partition.o
LOAD out/BSP_Common/ring_buffer/ring_buffer.o
LOAD out/BSP_Common/soft_crc/softcrc.o
LOAD out/BSP_Common/xz/xz_crc32.o
LOAD out/BSP_Common/xz/xz_dec_lzma2.o
LOAD out/BSP_Common/xz/xz_dec_stream.o
LOAD out/BSP_Common/xz/xz_decompress.o
LOAD out/BSP_Common/xz/xz_port.o
LOAD out/startup/system_bl602.o
LOAD out/startup/GCC/start_load.o
LOAD out/startup/interrupt.o
LOAD out/startup/GCC/entry.o
LOAD out/BSP_Common/FreeRTOS/port.o
LOAD out/BSP_Common/FreeRTOS/portASM.o
LOAD out/BSP_Driver/BL602_BSP_Driver/StdDriver/bl602_common.o
LOAD out/BSP_Driver/BL602_BSP_Driver/StdDriver/bl602_uart.o
LOAD out/BSP_Driver/BL602_BSP_Driver/StdDriver/bl602_dma.o
LOAD out/BSP_Driver/BL602_BSP_Driver/StdDriver/bl602_glb.o
LOAD out/BSP_Driver/BL602_BSP_Driver/StdDriver/bl602_timer.o
LOAD out/BSP_Driver/BL602_BSP_Driver/StdDriver/bl602_ef_ctrl.o
LOAD out/BSP_Driver/BL602_BSP_Driver/StdDriver/bl602_aon.o
LOAD out/BSP_Driver/BL602_BSP_Driver/StdDriver/bl602_hbn.o
LOAD out/BSP_Driver/BL602_BSP_Driver/StdDriver/bl602_sec_eng.o
LOAD out/BSP_Driver/BL602_BSP_Driver/StdDriver/bl602_sdu.o
LOAD out/BSP_Driver/BL602_BSP_Driver/StdDriver/bl602_dac.o
LOAD out/BSP_Driver/BL602_BSP_Driver/StdDriver/bl602_l1c.o
LOAD out/BSP_Driver/BL602_BSP_Driver/StdDriver/bl602_pwm.o
LOAD out/BSP_Driver/BL602_BSP_Driver/StdDriver/bl602_i2c.o
LOAD out/BSP_Driver/BL602_BSP_Driver/StdDriver/bl602_sec_dbg.o
LOAD out/BSP_Driver/BL602_BSP_Driver/StdDriver/bl602_ir.o
LOAD out/BSP_Driver/BL602_BSP_Driver/StdDriver/bl602_spi.o
LOAD out/BSP_Driver/BL602_BSP_Driver/StdDriver/bl602_pds.o
LOAD out/BSP_Driver/BL602_BSP_Driver/StdDriver/bl602_tzc_sec.o
LOAD out/BSP_Driver/BL602_BSP_Driver/StdDriver/bl602_adc.o
LOAD out/BSP_Driver/BL602_BSP_Driver/StdDriver/bl602_acomp.o
LOAD out/BSP_Driver/BL602_BSP_Driver/StdDriver/bl602_romapi.o
LOAD out/BSP_Driver/BL602_BSP_Driver/StdDriver/bl602_sflash_ext.o
LOAD out/BSP_Driver/BL602_BSP_Driver/StdDriver/bl602_sf_cfg_ext.o
LOAD out/BSP_Driver/BL602_BSP_Driver/RFDriver/bl602_rf_private.o
LOAD out/BSP_Driver/BL602_BSP_Driver/RFDriver/bl602_calib_data.o
LOAD out/BSP_Driver/BL602_BSP_Driver/platform_print/platform_device.o
LOAD out/BSP_Driver/BL602_BSP_Driver/platform_print/platform_gpio.o
LOAD out/3rdParty/FreeRTOS/Source/tasks.o
LOAD out/3rdParty/FreeRTOS/Source/list.o
LOAD out/3rdParty/FreeRTOS/Source/queue.o
LOAD out/3rdParty/FreeRTOS/Source/timers.o
LOAD out/3rdParty/FreeRTOS/Source/stream_buffer.o
LOAD out/3rdParty/FreeRTOS/Source/croutine.o
LOAD out/3rdParty/FreeRTOS/Source/portable/MemMang/heap_5.o
LOAD /mnt/e/sharespace/riscv/riscv64-unknown-elf-gcc-8.2.0-2019.05.3-x86_64-linux-ubuntu14/bin/../lib/gcc/riscv64-unknown-elf/8.2.0/../../../../riscv64-unknown-elf/lib/rv32imafc/ilp32f/libc.a
LOAD /mnt/e/sharespace/riscv/riscv64-unknown-elf-gcc-8.2.0-2019.05.3-x86_64-linux-ubuntu14/bin/../lib/gcc/riscv64-unknown-elf/8.2.0/../../../../riscv64-unknown-elf/lib/rv32imafc/ilp32f/libm.a
LOAD /mnt/e/sharespace/riscv/riscv64-unknown-elf-gcc-8.2.0-2019.05.3-x86_64-linux-ubuntu14/bin/../lib/gcc/riscv64-unknown-elf/8.2.0/rv32imafc/ilp32f/libgcc.a
START GROUP
LOAD /mnt/e/sharespace/riscv/riscv64-unknown-elf-gcc-8.2.0-2019.05.3-x86_64-linux-ubuntu14/bin/../lib/gcc/riscv64-unknown-elf/8.2.0/../../../../riscv64-unknown-elf/lib/rv32imafc/ilp32f/libc.a
LOAD /mnt/e/sharespace/riscv/riscv64-unknown-elf-gcc-8.2.0-2019.05.3-x86_64-linux-ubuntu14/bin/../lib/gcc/riscv64-unknown-elf/8.2.0/../../../../riscv64-unknown-elf/lib/rv32imafc/ilp32f/libgloss.a
END GROUP
LOAD /mnt/e/sharespace/riscv/riscv64-unknown-elf-gcc-8.2.0-2019.05.3-x86_64-linux-ubuntu14/bin/../lib/gcc/riscv64-unknown-elf/8.2.0/rv32imafc/ilp32f/libgcc.a
LOAD /mnt/e/sharespace/riscv/riscv64-unknown-elf-gcc-8.2.0-2019.05.3-x86_64-linux-ubuntu14/bin/../lib/gcc/riscv64-unknown-elf/8.2.0/../../../../riscv64-unknown-elf/lib/rv32imafc/ilp32f/libc.a
LOAD /mnt/e/sharespace/riscv/riscv64-unknown-elf-gcc-8.2.0-2019.05.3-x86_64-linux-ubuntu14/bin/../lib/gcc/riscv64-unknown-elf/8.2.0/rv32imafc/ilp32f/libgcc.a
                0x0000000000000400                StackSize = 0x400
                0x0000000000000000                PROVIDE (__metal_chicken_bit = 0x0)

.text           0x0000000022010000     0x70d0
                0x0000000022010000                . = ALIGN (0x4)
                0x0000000022010000                __text_code_start__ = .
 *(.text.metal.init.enter)
 .text.metal.init.enter
                0x0000000022010000       0x86 out/startup/GCC/entry.o
                0x0000000022010000                _enter
 *(SORT_NONE(.init))
 *fill*         0x0000000022010086       0x3a 
 .init          0x00000000220100c0      0x282 out/startup/interrupt.o
                0x00000000220100c0                __Vectors_RTOS
                0x0000000022010200                __Vectors
 *(.text)
 .text          0x0000000022010342      0x35e /mnt/e/sharespace/riscv/riscv64-unknown-elf-gcc-8.2.0-2019.05.3-x86_64-linux-ubuntu14/bin/../lib/gcc/riscv64-unknown-elf/8.2.0/rv32imafc/ilp32f/libgcc.a(_udivdi3.o)
                0x0000000022010342                __udivdi3
 .text          0x00000000220106a0      0x352 /mnt/e/sharespace/riscv/riscv64-unknown-elf-gcc-8.2.0-2019.05.3-x86_64-linux-ubuntu14/bin/../lib/gcc/riscv64-unknown-elf/8.2.0/rv32imafc/ilp32f/libgcc.a(_umoddi3.o)
                0x00000000220106a0                __umoddi3
 *(.text.*)
 .text.startup.main
                0x00000000220109f2      0x12c out/ChipTest/Eflash_Loader/main.o
                0x00000000220109f2                main
 .text.bflb_eflash_loader_cmd_read_jedec_id
                0x0000000022010b1e       0x4e out/ChipTest/Eflash_Loader/bflb_eflash_loader_cmds.o
 .text.bflb_eflash_loader_cmd_read_log
                0x0000000022010b6c       0x5e out/ChipTest/Eflash_Loader/bflb_eflash_loader_cmds.o
 .text.bflb_eflash_loader_cmd_ack.part.0
                0x0000000022010bca       0x1e out/ChipTest/Eflash_Loader/bflb_eflash_loader_cmds.o
 .text.bflb_eflash_loader_cmd_ack
                0x0000000022010be8       0x28 out/ChipTest/Eflash_Loader/bflb_eflash_loader_cmds.o
 .text.bflb_eflash_loader_cmd_write_flash_check
                0x0000000022010c10       0x22 out/ChipTest/Eflash_Loader/bflb_eflash_loader_cmds.o
 .text.bflb_eflash_loader_cmd_write_mem
                0x0000000022010c32       0x9c out/ChipTest/Eflash_Loader/bflb_eflash_loader_cmds.o
 .text.bflb_eflash_loader_cmd_write_status_register
                0x0000000022010cce       0xe0 out/ChipTest/Eflash_Loader/bflb_eflash_loader_cmds.o
 .text.bflb_eflash_loader_cmd_read_mac_addr
                0x0000000022010dae       0xc0 out/ChipTest/Eflash_Loader/bflb_eflash_loader_cmds.o
 .text.bflb_eflash_loader_cmd_read_efuse
                0x0000000022010e6e      0x146 out/ChipTest/Eflash_Loader/bflb_eflash_loader_cmds.o
 .text.bflb_eflash_loader_cmd_write_efuse
                0x0000000022010fb4       0xdc out/ChipTest/Eflash_Loader/bflb_eflash_loader_cmds.o
 .text.bflb_eflash_loader_cmd_xip_read_flash
                0x0000000022011090      0x16a out/ChipTest/Eflash_Loader/bflb_eflash_loader_cmds.o
 .text.bflb_eflash_loader_cmd_xip_readSha_flash
                0x00000000220111fa      0x15e out/ChipTest/Eflash_Loader/bflb_eflash_loader_cmds.o
 .text.bflb_eflash_loader_cmd_readSha_flash
                0x0000000022011358      0x160 out/ChipTest/Eflash_Loader/bflb_eflash_loader_cmds.o
 .text.bflb_eflash_loader_cmd_read_flash
                0x00000000220114b8      0x16c out/ChipTest/Eflash_Loader/bflb_eflash_loader_cmds.o
 .text.bflb_eflash_loader_cmd_flash_chip_erase
                0x0000000022011624       0x4c out/ChipTest/Eflash_Loader/bflb_eflash_loader_cmds.o
 .text.bflb_eflash_loader_cmd_erase_flash
                0x0000000022011670       0xa0 out/ChipTest/Eflash_Loader/bflb_eflash_loader_cmds.o
 .text.bflb_eflash_loader_cmd_set_flash_para
                0x0000000022011710      0x144 out/ChipTest/Eflash_Loader/bflb_eflash_loader_cmds.o
 .text.bflb_eflash_loader_cmd_read_mem
                0x0000000022011854       0xee out/ChipTest/Eflash_Loader/bflb_eflash_loader_cmds.o
 .text.bflb_eflash_loader_cmd_read_status_register
                0x0000000022011942       0xd4 out/ChipTest/Eflash_Loader/bflb_eflash_loader_cmds.o
 .text.bflb_eflash_loader_cmd_xip_read_flash_finish
                0x0000000022011a16       0x20 out/ChipTest/Eflash_Loader/bflb_eflash_loader_cmds.o
 .text.bflb_eflash_loader_cmd_reset
                0x0000000022011a36       0x34 out/ChipTest/Eflash_Loader/bflb_eflash_loader_cmds.o
 .text.bflb_eflash_loader_cmd_write_flash
                0x0000000022011a6a       0xba out/ChipTest/Eflash_Loader/bflb_eflash_loader_cmds.o
 .text.bflb_eflash_loader_cmd_xip_read_flash_start
                0x0000000022011b24       0x20 out/ChipTest/Eflash_Loader/bflb_eflash_loader_cmds.o
 .text.bflb_eflash_loader_cmd_init
                0x0000000022011b44        0xa out/ChipTest/Eflash_Loader/bflb_eflash_loader_cmds.o
                0x0000000022011b44                bflb_eflash_loader_cmd_init
 .text.bflb_eflash_loader_cmd_process
                0x0000000022011b4e       0x5a out/ChipTest/Eflash_Loader/bflb_eflash_loader_cmds.o
                0x0000000022011b4e                bflb_eflash_loader_cmd_process
 .text.bootrom_read_boot_mode
                0x0000000022011ba8       0x48 out/ChipTest/Eflash_Loader/bflb_eflash_loader_gpio.o
                0x0000000022011ba8                bootrom_read_boot_mode
 .text.bflb_eflash_loader_init_uart_gpio
                0x0000000022011bf0       0x3c out/ChipTest/Eflash_Loader/bflb_eflash_loader_gpio.o
                0x0000000022011bf0                bflb_eflash_loader_init_uart_gpio
 .text.bflb_eflash_loader_if_set
                0x0000000022011c2c       0xc8 out/ChipTest/Eflash_Loader/bflb_eflash_loader_interface.o
                0x0000000022011c2c                bflb_eflash_loader_if_set
 .text.bflb_eflash_loader_main
                0x0000000022011cf4      0x16a out/ChipTest/Eflash_Loader/bflb_eflash_loader_interface.o
                0x0000000022011cf4                bflb_eflash_loader_main
 .text.bflb_eflash_loader_jlink_init
                0x0000000022011e5e        0x4 out/ChipTest/Eflash_Loader/bflb_eflash_loader_jlink.o
                0x0000000022011e5e                bflb_eflash_loader_jlink_init
 .text.bflb_eflash_loader_jlink_handshake_poll
                0x0000000022011e62       0x6e out/ChipTest/Eflash_Loader/bflb_eflash_loader_jlink.o
                0x0000000022011e62                bflb_eflash_loader_jlink_handshake_poll
 .text.bflb_eflash_loader_jlink_recv
                0x0000000022011ed0       0x92 out/ChipTest/Eflash_Loader/bflb_eflash_loader_jlink.o
                0x0000000022011ed0                bflb_eflash_loader_jlink_recv
 .text.bflb_eflash_loader_jlink_send
                0x0000000022011f62       0x44 out/ChipTest/Eflash_Loader/bflb_eflash_loader_jlink.o
                0x0000000022011f62                bflb_eflash_loader_jlink_send
 .text.bflb_eflash_loader_jlink_wait_tx_idle
                0x0000000022011fa6        0x4 out/ChipTest/Eflash_Loader/bflb_eflash_loader_jlink.o
                0x0000000022011fa6                bflb_eflash_loader_jlink_wait_tx_idle
 .text.bflb_eflash_loader_jlink_deinit
                0x0000000022011faa        0x4 out/ChipTest/Eflash_Loader/bflb_eflash_loader_jlink.o
                0x0000000022011faa                bflb_eflash_loader_jlink_deinit
 .text.bflb_eflash_loader_usart_if_init
                0x0000000022011fae       0xb8 out/ChipTest/Eflash_Loader/bflb_eflash_loader_uart.o
 .text.uart_if_rto_cbf
                0x0000000022012066       0x4c out/ChipTest/Eflash_Loader/bflb_eflash_loader_uart.o
 .text.uart_if_rda_cbf
                0x00000000220120b2        0x2 out/ChipTest/Eflash_Loader/bflb_eflash_loader_uart.o
 .text.bflb_eflash_loader_usart_if_receive.isra.0
                0x00000000220120b4       0xa2 out/ChipTest/Eflash_Loader/bflb_eflash_loader_uart.o
 .text.bflb_eflash_loader_uart_init
                0x0000000022012156       0x7e out/ChipTest/Eflash_Loader/bflb_eflash_loader_uart.o
                0x0000000022012156                bflb_eflash_loader_uart_init
 .text.bflb_eflash_loader_uart_handshake_poll
                0x00000000220121d4      0x13e out/ChipTest/Eflash_Loader/bflb_eflash_loader_uart.o
                0x00000000220121d4                bflb_eflash_loader_uart_handshake_poll
 .text.bflb_eflash_loader_uart_recv
                0x0000000022012312        0x8 out/ChipTest/Eflash_Loader/bflb_eflash_loader_uart.o
                0x0000000022012312                bflb_eflash_loader_uart_recv
 .text.bflb_eflash_loader_uart_send
                0x000000002201231a       0x16 out/ChipTest/Eflash_Loader/bflb_eflash_loader_uart.o
                0x000000002201231a                bflb_eflash_loader_uart_send
 .text.bflb_eflash_loader_usart_wait_tx_idle
                0x0000000022012330       0x10 out/ChipTest/Eflash_Loader/bflb_eflash_loader_uart.o
                0x0000000022012330                bflb_eflash_loader_usart_wait_tx_idle
 .text.bflb_eflash_loader_uart_deinit
                0x0000000022012340        0x4 out/ChipTest/Eflash_Loader/bflb_eflash_loader_uart.o
                0x0000000022012340                bflb_eflash_loader_uart_deinit
 .text.bflb_spi_flash_update_para
                0x0000000022012344       0x1a out/ChipTest/Eflash_Loader/bflb_spi_flash.o
                0x0000000022012344                bflb_spi_flash_update_para
 .text.bflb_spi_flash_xip_read_init
                0x000000002201235e       0x5e out/ChipTest/Eflash_Loader/bflb_spi_flash.o
                0x000000002201235e                bflb_spi_flash_xip_read_init
 .text.bflb_spi_flash_xip_read_exit
                0x00000000220123bc       0x26 out/ChipTest/Eflash_Loader/bflb_spi_flash.o
                0x00000000220123bc                bflb_spi_flash_xip_read_exit
 .text.bflb_spi_flash_set_io_mode
                0x00000000220123e2        0x6 out/ChipTest/Eflash_Loader/bflb_spi_flash.o
                0x00000000220123e2                bflb_spi_flash_set_io_mode
 .text.bflb_spi_flash_read_jedec_id
                0x00000000220123e8        0xa out/ChipTest/Eflash_Loader/bflb_spi_flash.o
                0x00000000220123e8                bflb_spi_flash_read_jedec_id
 .text.bflb_spi_flash_read_status_reg_with_cmd
                0x00000000220123f2        0xe out/ChipTest/Eflash_Loader/bflb_spi_flash.o
                0x00000000220123f2                bflb_spi_flash_read_status_reg_with_cmd
 .text.bflb_spi_flash_write_status_reg_with_cmd
                0x0000000022012400       0x46 out/ChipTest/Eflash_Loader/bflb_spi_flash.o
                0x0000000022012400                bflb_spi_flash_write_status_reg_with_cmd
 .text.bflb_spi_flash_erase
                0x0000000022012446       0x22 out/ChipTest/Eflash_Loader/bflb_spi_flash.o
                0x0000000022012446                bflb_spi_flash_erase
 .text.bflb_spi_flash_chiperase
                0x0000000022012468       0x1e out/ChipTest/Eflash_Loader/bflb_spi_flash.o
                0x0000000022012468                bflb_spi_flash_chiperase
 .text.bflb_spi_flash_program
                0x0000000022012486       0x26 out/ChipTest/Eflash_Loader/bflb_spi_flash.o
                0x0000000022012486                bflb_spi_flash_program
 .text.bflb_spi_flash_read_sahb
                0x00000000220124ac       0x24 out/ChipTest/Eflash_Loader/bflb_spi_flash.o
                0x00000000220124ac                bflb_spi_flash_read_sahb
 .text.bflb_spi_flash_read_xip
                0x00000000220124d0       0x32 out/ChipTest/Eflash_Loader/bflb_spi_flash.o
                0x00000000220124d0                bflb_spi_flash_read_xip
 .text.bflb_clear_flash_status_register
                0x0000000022012502       0x66 out/ChipTest/Eflash_Loader/bflb_spi_flash.o
                0x0000000022012502                bflb_clear_flash_status_register
 .text.bflb_spi_flash_init
                0x0000000022012568       0xc6 out/ChipTest/Eflash_Loader/bflb_spi_flash.o
                0x0000000022012568                bflb_spi_flash_init
 .text.bflb_efuse_write
                0x000000002201262e       0x56 out/ChipTest/Eflash_Loader/bflb_efuse.o
                0x000000002201262e                bflb_efuse_write
 .text.bflb_efuse_read
                0x0000000022012684       0x2c out/ChipTest/Eflash_Loader/bflb_efuse.o
                0x0000000022012684                bflb_efuse_read
 .text.bflb_set_high_speed_system_clock
                0x00000000220126b0        0x6 out/ChipTest/Eflash_Loader/bflb_set_clock.o
                0x00000000220126b0                bflb_set_high_speed_system_clock
 .text.bflb_set_low_speed_system_clock
                0x00000000220126b6        0x6 out/ChipTest/Eflash_Loader/bflb_set_clock.o
                0x00000000220126b6                bflb_set_low_speed_system_clock
 .text.bflb_set_high_speed_flash_clock
                0x00000000220126bc        0xa out/ChipTest/Eflash_Loader/bflb_set_clock.o
                0x00000000220126bc                bflb_set_high_speed_flash_clock
 .text.bflb_set_low_speed_flash_clock
                0x00000000220126c6        0xa out/ChipTest/Eflash_Loader/bflb_set_clock.o
                0x00000000220126c6                bflb_set_low_speed_flash_clock
 .text.bflb_set_flash_clock_div
                0x00000000220126d0        0xa out/ChipTest/Eflash_Loader/bflb_set_clock.o
                0x00000000220126d0                bflb_set_flash_clock_div
 .text.memcpy   0x00000000220126da       0x18 out/BSP_Common/libc/memcpy.o
                0x00000000220126da                memcpy
 .text.memset   0x00000000220126f2       0x18 out/BSP_Common/libc/memset.o
                0x00000000220126f2                memset
 .text.vsnprintf
                0x000000002201270a      0xad8 out/BSP_Common/libc/vsnprintf.o
                0x000000002201270a                vsnprintf
 .text.strlen   0x00000000220131e2       0x1a out/BSP_Common/libc/strlen.o
                0x00000000220131e2                strlen
 .text.SystemInit
                0x00000000220131fc       0x94 out/startup/system_bl602.o
                0x00000000220131fc                SystemInit
 .text.start_load
                0x0000000022013290      0x126 out/startup/GCC/start_load.o
                0x0000000022013290                start_load
 .text.Default_Handler_Stub
                0x00000000220133b6        0x4 out/startup/interrupt.o
                0x00000000220133b6                HBN_OUT0_IRQHandler
                0x00000000220133b6                L1C_BMX_TO_IRQHandler
                0x00000000220133b6                IRTX_IRQHandler
                0x00000000220133b6                TIMER_CH0_IRQHandler
                0x00000000220133b6                SDIO_IRQHandler
                0x00000000220133b6                WIFI_IPC_PUBLIC_IRQHandler
                0x00000000220133b6                DMA_BMX_ERR_IRQHandler
                0x00000000220133b6                MAC_RX_TRG_IRQHandler
                0x00000000220133b6                EFUSE_IRQHandler
                0x00000000220133b6                TIMER_WDT_IRQHandler
                0x00000000220133b6                MAC_TXRX_TIMER_IRQHandler
                0x00000000220133b6                MAC_GEN_IRQHandler
                0x00000000220133b6                clic_csoft_handler
                0x00000000220133b6                BOR_IRQHandler
                0x00000000220133b6                MAC_PORT_TRG_IRQHandler
                0x00000000220133b6                SPI_IRQHandler
                0x00000000220133b6                HBN_OUT1_IRQHandler
                0x00000000220133b6                SEC_BMX_ERR_IRQHandler
                0x00000000220133b6                SF_CTRL_IRQHandler
                0x00000000220133b6                RF_TOP_INT0_IRQHandler
                0x00000000220133b6                MAC_TXRX_MISC_IRQHandler
                0x00000000220133b6                BZ_PHY_IRQHandler
                0x00000000220133b6                DMA_ALL_IRQHandler
                0x00000000220133b6                SEC_GMAC_IRQHandler
                0x00000000220133b6                BMX_ERR_IRQHandler
                0x00000000220133b6                SEC_PKA_IRQHandler
                0x00000000220133b6                TIMER_CH1_IRQHandler
                0x00000000220133b6                clic_msip_handler
                0x00000000220133b6                I2C_IRQHandler
                0x00000000220133b6                SEC_TRNG_IRQHandler
                0x00000000220133b6                GPIO_INT0_IRQHandler
                0x00000000220133b6                IRRX_IRQHandler
                0x00000000220133b6                L1C_BMX_ERR_IRQHandler
                0x00000000220133b6                BMX_TO_IRQHandler
                0x00000000220133b6                SEC_CDET_IRQHandler
                0x00000000220133b6                WIFI_IRQHandler
                0x00000000220133b6                clic_mtimer_handler
                0x00000000220133b6                PDS_WAKEUP_IRQHandler
                0x00000000220133b6                GPADC_DMA_IRQHandler
                0x00000000220133b6                BLE_IRQHandler
                0x00000000220133b6                PWM_IRQHandler
                0x00000000220133b6                MAC_TX_TRG_IRQHandler
                0x00000000220133b6                clic_mext_handler
                0x00000000220133b6                RF_TOP_INT1_IRQHandler
                0x00000000220133b6                SEC_AES_IRQHandler
                0x00000000220133b6                SEC_SHA_IRQHandler
                0x00000000220133b6                Default_Handler_Stub
 .text.clic_msip_handler_Wrapper
                0x00000000220133ba       0x9a out/startup/interrupt.o
                0x00000000220133ba                clic_msip_handler_Wrapper
 .text.clic_mtimer_handler_Wrapper
                0x0000000022013454       0x9a out/startup/interrupt.o
                0x0000000022013454                clic_mtimer_handler_Wrapper
 .text.clic_mext_handler_Wrapper
                0x00000000220134ee       0x9a out/startup/interrupt.o
                0x00000000220134ee                clic_mext_handler_Wrapper
 .text.clic_csoft_handler_Wrapper
                0x0000000022013588       0x9a out/startup/interrupt.o
                0x0000000022013588                clic_csoft_handler_Wrapper
 .text.BMX_ERR_IRQHandler_Wrapper
                0x0000000022013622       0x9a out/startup/interrupt.o
                0x0000000022013622                BMX_ERR_IRQHandler_Wrapper
 .text.BMX_TO_IRQHandler_Wrapper
                0x00000000220136bc       0x9c out/startup/interrupt.o
                0x00000000220136bc                BMX_TO_IRQHandler_Wrapper
 .text.L1C_BMX_ERR_IRQHandler_Wrapper
                0x0000000022013758       0x9c out/startup/interrupt.o
                0x0000000022013758                L1C_BMX_ERR_IRQHandler_Wrapper
 .text.L1C_BMX_TO_IRQHandler_Wrapper
                0x00000000220137f4       0x9c out/startup/interrupt.o
                0x00000000220137f4                L1C_BMX_TO_IRQHandler_Wrapper
 .text.SEC_BMX_ERR_IRQHandler_Wrapper
                0x0000000022013890       0x9c out/startup/interrupt.o
                0x0000000022013890                SEC_BMX_ERR_IRQHandler_Wrapper
 .text.RF_TOP_INT0_IRQHandler_Wrapper
                0x000000002201392c       0x9c out/startup/interrupt.o
                0x000000002201392c                RF_TOP_INT0_IRQHandler_Wrapper
 .text.RF_TOP_INT1_IRQHandler_Wrapper
                0x00000000220139c8       0x9c out/startup/interrupt.o
                0x00000000220139c8                RF_TOP_INT1_IRQHandler_Wrapper
 .text.SDIO_IRQHandler_Wrapper
                0x0000000022013a64       0x9c out/startup/interrupt.o
                0x0000000022013a64                SDIO_IRQHandler_Wrapper
 .text.DMA_BMX_ERR_IRQHandler_Wrapper
                0x0000000022013b00       0x9c out/startup/interrupt.o
                0x0000000022013b00                DMA_BMX_ERR_IRQHandler_Wrapper
 .text.SEC_GMAC_IRQHandler_Wrapper
                0x0000000022013b9c       0x9c out/startup/interrupt.o
                0x0000000022013b9c                SEC_GMAC_IRQHandler_Wrapper
 .text.SEC_CDET_IRQHandler_Wrapper
                0x0000000022013c38       0x9c out/startup/interrupt.o
                0x0000000022013c38                SEC_CDET_IRQHandler_Wrapper
 .text.SEC_PKA_IRQHandler_Wrapper
                0x0000000022013cd4       0x9c out/startup/interrupt.o
                0x0000000022013cd4                SEC_PKA_IRQHandler_Wrapper
 .text.SEC_TRNG_IRQHandler_Wrapper
                0x0000000022013d70       0x9c out/startup/interrupt.o
                0x0000000022013d70                SEC_TRNG_IRQHandler_Wrapper
 .text.SEC_AES_IRQHandler_Wrapper
                0x0000000022013e0c       0x9c out/startup/interrupt.o
                0x0000000022013e0c                SEC_AES_IRQHandler_Wrapper
 .text.SEC_SHA_IRQHandler_Wrapper
                0x0000000022013ea8       0x9c out/startup/interrupt.o
                0x0000000022013ea8                SEC_SHA_IRQHandler_Wrapper
 .text.DMA_ALL_IRQHandler_Wrapper
                0x0000000022013f44       0x9c out/startup/interrupt.o
                0x0000000022013f44                DMA_ALL_IRQHandler_Wrapper
 .text.IRTX_IRQHandler_Wrapper
                0x0000000022013fe0       0x9c out/startup/interrupt.o
                0x0000000022013fe0                IRTX_IRQHandler_Wrapper
 .text.IRRX_IRQHandler_Wrapper
                0x000000002201407c       0x9c out/startup/interrupt.o
                0x000000002201407c                IRRX_IRQHandler_Wrapper
 .text.SF_CTRL_IRQHandler_Wrapper
                0x0000000022014118       0x9c out/startup/interrupt.o
                0x0000000022014118                SF_CTRL_IRQHandler_Wrapper
 .text.GPADC_DMA_IRQHandler_Wrapper
                0x00000000220141b4       0x9c out/startup/interrupt.o
                0x00000000220141b4                GPADC_DMA_IRQHandler_Wrapper
 .text.EFUSE_IRQHandler_Wrapper
                0x0000000022014250       0x9c out/startup/interrupt.o
                0x0000000022014250                EFUSE_IRQHandler_Wrapper
 .text.SPI_IRQHandler_Wrapper
                0x00000000220142ec       0x9c out/startup/interrupt.o
                0x00000000220142ec                SPI_IRQHandler_Wrapper
 .text.UART0_IRQHandler_Wrapper
                0x0000000022014388       0x9c out/startup/interrupt.o
                0x0000000022014388                UART0_IRQHandler_Wrapper
 .text.UART1_IRQHandler_Wrapper
                0x0000000022014424       0x9c out/startup/interrupt.o
                0x0000000022014424                UART1_IRQHandler_Wrapper
 .text.I2C_IRQHandler_Wrapper
                0x00000000220144c0       0x9c out/startup/interrupt.o
                0x00000000220144c0                I2C_IRQHandler_Wrapper
 .text.PWM_IRQHandler_Wrapper
                0x000000002201455c       0x9c out/startup/interrupt.o
                0x000000002201455c                PWM_IRQHandler_Wrapper
 .text.TIMER_CH0_IRQHandler_Wrapper
                0x00000000220145f8       0x9c out/startup/interrupt.o
                0x00000000220145f8                TIMER_CH0_IRQHandler_Wrapper
 .text.TIMER_CH1_IRQHandler_Wrapper
                0x0000000022014694       0x9c out/startup/interrupt.o
                0x0000000022014694                TIMER_CH1_IRQHandler_Wrapper
 .text.TIMER_WDT_IRQHandler_Wrapper
                0x0000000022014730       0x9c out/startup/interrupt.o
                0x0000000022014730                TIMER_WDT_IRQHandler_Wrapper
 .text.GPIO_INT0_IRQHandler_Wrapper
                0x00000000220147cc       0x9c out/startup/interrupt.o
                0x00000000220147cc                GPIO_INT0_IRQHandler_Wrapper
 .text.PDS_WAKEUP_IRQHandler_Wrapper
                0x0000000022014868       0x9c out/startup/interrupt.o
                0x0000000022014868                PDS_WAKEUP_IRQHandler_Wrapper
 .text.HBN_OUT0_IRQHandler_Wrapper
                0x0000000022014904       0x9c out/startup/interrupt.o
                0x0000000022014904                HBN_OUT0_IRQHandler_Wrapper
 .text.HBN_OUT1_IRQHandler_Wrapper
                0x00000000220149a0       0x9c out/startup/interrupt.o
                0x00000000220149a0                HBN_OUT1_IRQHandler_Wrapper
 .text.BOR_IRQHandler_Wrapper
                0x0000000022014a3c       0x9c out/startup/interrupt.o
                0x0000000022014a3c                BOR_IRQHandler_Wrapper
 .text.WIFI_IRQHandler_Wrapper
                0x0000000022014ad8       0x9c out/startup/interrupt.o
                0x0000000022014ad8                WIFI_IRQHandler_Wrapper
 .text.BZ_PHY_IRQHandler_Wrapper
                0x0000000022014b74       0x9c out/startup/interrupt.o
                0x0000000022014b74                BZ_PHY_IRQHandler_Wrapper
 .text.BLE_IRQHandler_Wrapper
                0x0000000022014c10       0x9c out/startup/interrupt.o
                0x0000000022014c10                BLE_IRQHandler_Wrapper
 .text.MAC_TXRX_TIMER_IRQHandler_Wrapper
                0x0000000022014cac       0x9c out/startup/interrupt.o
                0x0000000022014cac                MAC_TXRX_TIMER_IRQHandler_Wrapper
 .text.MAC_TXRX_MISC_IRQHandler_Wrapper
                0x0000000022014d48       0x9c out/startup/interrupt.o
                0x0000000022014d48                MAC_TXRX_MISC_IRQHandler_Wrapper
 .text.MAC_RX_TRG_IRQHandler_Wrapper
                0x0000000022014de4       0x9c out/startup/interrupt.o
                0x0000000022014de4                MAC_RX_TRG_IRQHandler_Wrapper
 .text.MAC_TX_TRG_IRQHandler_Wrapper
                0x0000000022014e80       0x9c out/startup/interrupt.o
                0x0000000022014e80                MAC_TX_TRG_IRQHandler_Wrapper
 .text.MAC_GEN_IRQHandler_Wrapper
                0x0000000022014f1c       0x9c out/startup/interrupt.o
                0x0000000022014f1c                MAC_GEN_IRQHandler_Wrapper
 .text.MAC_PORT_TRG_IRQHandler_Wrapper
                0x0000000022014fb8       0x9c out/startup/interrupt.o
                0x0000000022014fb8                MAC_PORT_TRG_IRQHandler_Wrapper
 .text.WIFI_IPC_PUBLIC_IRQHandler_Wrapper
                0x0000000022015054       0x9c out/startup/interrupt.o
                0x0000000022015054                WIFI_IPC_PUBLIC_IRQHandler_Wrapper
 *fill*         0x00000000220150f0       0x10 
 .text.Trap_Handler_Stub
                0x0000000022015100       0xbc out/startup/interrupt.o
                0x0000000022015100                Trap_Handler_Stub
 .text.clic_enable_interrupt
                0x00000000220151bc       0x12 out/startup/interrupt.o
                0x00000000220151bc                clic_enable_interrupt
 .text.clic_disable_interrupt
                0x00000000220151ce       0x10 out/startup/interrupt.o
                0x00000000220151ce                clic_disable_interrupt
 .text.Default_Handler
                0x00000000220151de        0xc out/BSP_Driver/BL602_BSP_Driver/StdDriver/bl602_common.o
                0x00000000220151de                Default_Handler
 .text.Trap_Handler
                0x00000000220151ea      0x126 out/BSP_Driver/BL602_BSP_Driver/StdDriver/bl602_common.o
                0x00000000220151ea                Trap_Handler
 .text.UART_IntHandler
                0x0000000022015310      0x172 out/BSP_Driver/BL602_BSP_Driver/StdDriver/bl602_uart.o
 .text.UART_Init
                0x0000000022015482       0xf6 out/BSP_Driver/BL602_BSP_Driver/StdDriver/bl602_uart.o
                0x0000000022015482                UART_Init
 .text.UART_FifoConfig
                0x0000000022015578       0x6a out/BSP_Driver/BL602_BSP_Driver/StdDriver/bl602_uart.o
                0x0000000022015578                UART_FifoConfig
 .text.UART_Enable
                0x00000000220155e2       0x34 out/BSP_Driver/BL602_BSP_Driver/StdDriver/bl602_uart.o
                0x00000000220155e2                UART_Enable
 .text.UART_Disable
                0x0000000022015616       0x30 out/BSP_Driver/BL602_BSP_Driver/StdDriver/bl602_uart.o
                0x0000000022015616                UART_Disable
 .text.UART_SetRxTimeoutValue
                0x0000000022015646       0x1e out/BSP_Driver/BL602_BSP_Driver/StdDriver/bl602_uart.o
                0x0000000022015646                UART_SetRxTimeoutValue
 .text.UART_TxFreeRun
                0x0000000022015664       0x28 out/BSP_Driver/BL602_BSP_Driver/StdDriver/bl602_uart.o
                0x0000000022015664                UART_TxFreeRun
 .text.UART_AutoBaudDetection
                0x000000002201568c       0x28 out/BSP_Driver/BL602_BSP_Driver/StdDriver/bl602_uart.o
                0x000000002201568c                UART_AutoBaudDetection
 .text.UART_IntMask
                0x00000000220156b4       0x48 out/BSP_Driver/BL602_BSP_Driver/StdDriver/bl602_uart.o
                0x00000000220156b4                UART_IntMask
 .text.UART_IntClear
                0x00000000220156fc       0x2e out/BSP_Driver/BL602_BSP_Driver/StdDriver/bl602_uart.o
                0x00000000220156fc                UART_IntClear
 .text.UART_Int_Callback_Install
                0x000000002201572a       0x16 out/BSP_Driver/BL602_BSP_Driver/StdDriver/bl602_uart.o
                0x000000002201572a                UART_Int_Callback_Install
 .text.UART_SendData
                0x0000000022015740       0x50 out/BSP_Driver/BL602_BSP_Driver/StdDriver/bl602_uart.o
                0x0000000022015740                UART_SendData
 .text.UART_ReceiveData
                0x0000000022015790       0x4e out/BSP_Driver/BL602_BSP_Driver/StdDriver/bl602_uart.o
                0x0000000022015790                UART_ReceiveData
 .text.UART_GetAutoBaudCount
                0x00000000220157de       0x18 out/BSP_Driver/BL602_BSP_Driver/StdDriver/bl602_uart.o
                0x00000000220157de                UART_GetAutoBaudCount
 .text.UART_GetIntStatus
                0x00000000220157f6       0x2e out/BSP_Driver/BL602_BSP_Driver/StdDriver/bl602_uart.o
                0x00000000220157f6                UART_GetIntStatus
 .text.UART_GetTxBusBusyStatus
                0x0000000022015824       0x14 out/BSP_Driver/BL602_BSP_Driver/StdDriver/bl602_uart.o
                0x0000000022015824                UART_GetTxBusBusyStatus
 .text.UART0_IRQHandler
                0x0000000022015838        0x6 out/BSP_Driver/BL602_BSP_Driver/StdDriver/bl602_uart.o
                0x0000000022015838                UART0_IRQHandler
 .text.UART1_IRQHandler
                0x000000002201583e        0x6 out/BSP_Driver/BL602_BSP_Driver/StdDriver/bl602_uart.o
                0x000000002201583e                UART1_IRQHandler
 .text.GLB_Set_UART_CLK
                0x0000000022015844       0x3e out/BSP_Driver/BL602_BSP_Driver/StdDriver/bl602_glb.o
                0x0000000022015844                GLB_Set_UART_CLK
 .text.GLB_AHB_Slave1_Reset
                0x0000000022015882       0x34 out/BSP_Driver/BL602_BSP_Driver/StdDriver/bl602_glb.o
                0x0000000022015882                GLB_AHB_Slave1_Reset
 .text.GLB_Set_EM_Sel
                0x00000000220158b6       0x10 out/BSP_Driver/BL602_BSP_Driver/StdDriver/bl602_glb.o
                0x00000000220158b6                GLB_Set_EM_Sel
 .text.GLB_UART_Sig_Swap_Set
                0x00000000220158c6       0x1c out/BSP_Driver/BL602_BSP_Driver/StdDriver/bl602_glb.o
                0x00000000220158c6                GLB_UART_Sig_Swap_Set
 .text.GLB_JTAG_Sig_Swap_Set
                0x00000000220158e2       0x1a out/BSP_Driver/BL602_BSP_Driver/StdDriver/bl602_glb.o
                0x00000000220158e2                GLB_JTAG_Sig_Swap_Set
 .text.GLB_Set_MTimer_CLK
                0x00000000220158fc       0x4a out/BSP_Driver/BL602_BSP_Driver/StdDriver/bl602_glb.o
                0x00000000220158fc                GLB_Set_MTimer_CLK
 .text.GLB_UART_Fun_Sel
                0x0000000022015946       0x24 out/BSP_Driver/BL602_BSP_Driver/StdDriver/bl602_glb.o
                0x0000000022015946                GLB_UART_Fun_Sel
 .text.GLB_GPIO_Read
                0x000000002201596a       0x20 out/BSP_Driver/BL602_BSP_Driver/StdDriver/bl602_glb.o
                0x000000002201596a                GLB_GPIO_Read
 .text.EF_Ctrl_Read_MAC_Address
                0x000000002201598a       0xb6 out/BSP_Driver/BL602_BSP_Driver/StdDriver/bl602_ef_ctrl.o
                0x000000002201598a                EF_Ctrl_Read_MAC_Address
 .text.EF_Ctrl_Program_Direct_R0
                0x0000000022015a40       0x38 out/BSP_Driver/BL602_BSP_Driver/StdDriver/bl602_ef_ctrl.o
                0x0000000022015a40                EF_Ctrl_Program_Direct_R0
 .text.EF_Ctrl_Read_Direct_R0
                0x0000000022015a78       0x2e out/BSP_Driver/BL602_BSP_Driver/StdDriver/bl602_ef_ctrl.o
                0x0000000022015a78                EF_Ctrl_Read_Direct_R0
 .text.HBN_Set_UART_CLK_Sel
                0x0000000022015aa6       0x14 out/BSP_Driver/BL602_BSP_Driver/StdDriver/bl602_hbn.o
                0x0000000022015aa6                HBN_Set_UART_CLK_Sel
 .text.HBN_Set_BOR_Cfg
                0x0000000022015aba       0x5c out/BSP_Driver/BL602_BSP_Driver/StdDriver/bl602_hbn.o
                0x0000000022015aba                HBN_Set_BOR_Cfg
 .text.Sec_Eng_SHA256_Update.part.0
                0x0000000022015b16      0x17a out/BSP_Driver/BL602_BSP_Driver/StdDriver/bl602_sec_eng.o
 .text.Sec_Eng_SHA256_Init
                0x0000000022015c90       0x52 out/BSP_Driver/BL602_BSP_Driver/StdDriver/bl602_sec_eng.o
                0x0000000022015c90                Sec_Eng_SHA256_Init
 .text.Sec_Eng_SHA_Start
                0x0000000022015ce2       0x12 out/BSP_Driver/BL602_BSP_Driver/StdDriver/bl602_sec_eng.o
                0x0000000022015ce2                Sec_Eng_SHA_Start
 .text.Sec_Eng_SHA256_Update
                0x0000000022015cf4        0xe out/BSP_Driver/BL602_BSP_Driver/StdDriver/bl602_sec_eng.o
                0x0000000022015cf4                Sec_Eng_SHA256_Update
 .text.Sec_Eng_SHA256_Finish
                0x0000000022015d02      0x22a out/BSP_Driver/BL602_BSP_Driver/StdDriver/bl602_sec_eng.o
                0x0000000022015d02                Sec_Eng_SHA256_Finish
 .text.Sec_Eng_Trng_Enable
                0x0000000022015f2c       0x54 out/BSP_Driver/BL602_BSP_Driver/StdDriver/bl602_sec_eng.o
                0x0000000022015f2c                Sec_Eng_Trng_Enable
 .text.bflb_platform_uart_dbg_init
                0x0000000022015f80       0x8e out/BSP_Driver/BL602_BSP_Driver/platform_print/platform_device.o
                0x0000000022015f80                bflb_platform_uart_dbg_init
 .text.bflb_platform_get_log
                0x000000002201600e       0x2c out/BSP_Driver/BL602_BSP_Driver/platform_print/platform_device.o
                0x000000002201600e                bflb_platform_get_log
 .text.bflb_platform_usart_dbg_send
                0x000000002201603a       0x52 out/BSP_Driver/BL602_BSP_Driver/platform_print/platform_device.o
                0x000000002201603a                bflb_platform_usart_dbg_send
 .text.bflb_platform_printf
                0x000000002201608c       0x58 out/BSP_Driver/BL602_BSP_Driver/platform_print/platform_device.o
                0x000000002201608c                bflb_platform_printf
 .text.bflb_platform_printx
                0x00000000220160e4       0x32 out/BSP_Driver/BL602_BSP_Driver/platform_print/platform_device.o
                0x00000000220160e4                bflb_platform_printx
 .text.bflb_platform_clear_time
                0x0000000022016116       0x12 out/BSP_Driver/BL602_BSP_Driver/platform_print/platform_device.o
                0x0000000022016116                bflb_platform_clear_time
 .text.bflb_platform_get_time_ms
                0x0000000022016128       0x88 out/BSP_Driver/BL602_BSP_Driver/platform_print/platform_device.o
                0x0000000022016128                bflb_platform_get_time_ms
 .text.bflb_platform_init_time
                0x00000000220161b0       0x2a out/BSP_Driver/BL602_BSP_Driver/platform_print/platform_device.o
                0x00000000220161b0                bflb_platform_init_time
 .text.bflb_platform_delay_ms
                0x00000000220161da       0x64 out/BSP_Driver/BL602_BSP_Driver/platform_print/platform_device.o
                0x00000000220161da                bflb_platform_delay_ms
 .text.bflb_platform_init
                0x000000002201623e       0x5e out/BSP_Driver/BL602_BSP_Driver/platform_print/platform_device.o
                0x000000002201623e                bflb_platform_init
 .text.bflb_platform_init_uart_debug_gpio
                0x000000002201629c       0x2c out/BSP_Driver/BL602_BSP_Driver/platform_print/platform_gpio.o
                0x000000002201629c                bflb_platform_init_uart_debug_gpio
 *(.rodata)
 *fill*         0x00000000220162c8        0x0 
 .rodata        0x00000000220162c8       0x10 out/BSP_Driver/BL602_BSP_Driver/platform_print/platform_device.o
 .rodata        0x00000000220162d8      0x100 /mnt/e/sharespace/riscv/riscv64-unknown-elf-gcc-8.2.0-2019.05.3-x86_64-linux-ubuntu14/bin/../lib/gcc/riscv64-unknown-elf/8.2.0/rv32imafc/ilp32f/libgcc.a(_clz.o)
                0x00000000220162d8                __clz_tab
 *(.rodata.*)
 .rodata.main.str1.4
                0x00000000220163d8       0xa6 out/ChipTest/Eflash_Loader/main.o
                                         0xaa (size before relaxing)
 *fill*         0x000000002201647e        0x2 
 .rodata.bflb_eflash_loader_cmd_erase_flash.str1.4
                0x0000000022016480        0x3 out/ChipTest/Eflash_Loader/bflb_eflash_loader_cmds.o
 *fill*         0x0000000022016483        0x1 
 .rodata.bflb_eflash_loader_cmd_flash_chip_erase.str1.4
                0x0000000022016484        0x4 out/ChipTest/Eflash_Loader/bflb_eflash_loader_cmds.o
                                          0xa (size before relaxing)
 .rodata.bflb_eflash_loader_cmd_readSha_flash.str1.4
                0x0000000022016488        0x6 out/ChipTest/Eflash_Loader/bflb_eflash_loader_cmds.o
 *fill*         0x000000002201648e        0x2 
 .rodata.bflb_eflash_loader_cmd_read_efuse.str1.4
                0x0000000022016490        0x3 out/ChipTest/Eflash_Loader/bflb_eflash_loader_cmds.o
 *fill*         0x0000000022016493        0x1 
 .rodata.bflb_eflash_loader_cmd_read_jedec_id.str1.4
                0x0000000022016494        0x5 out/ChipTest/Eflash_Loader/bflb_eflash_loader_cmds.o
 *fill*         0x0000000022016499        0x3 
 .rodata.bflb_eflash_loader_cmd_read_log.str1.4
                0x000000002201649c        0x4 out/ChipTest/Eflash_Loader/bflb_eflash_loader_cmds.o
 .rodata.bflb_eflash_loader_cmd_read_mac_addr.str1.4
                0x00000000220164a0        0x5 out/ChipTest/Eflash_Loader/bflb_eflash_loader_cmds.o
 *fill*         0x00000000220164a5        0x3 
 .rodata.bflb_eflash_loader_cmd_read_mem.str1.4
                0x00000000220164a8        0x4 out/ChipTest/Eflash_Loader/bflb_eflash_loader_cmds.o
 .rodata.bflb_eflash_loader_cmd_read_status_register.str1.4
                0x00000000220164ac        0x5 out/ChipTest/Eflash_Loader/bflb_eflash_loader_cmds.o
 *fill*         0x00000000220164b1        0x3 
 .rodata.bflb_eflash_loader_cmd_reset.str1.4
                0x00000000220164b4        0x5 out/ChipTest/Eflash_Loader/bflb_eflash_loader_cmds.o
 *fill*         0x00000000220164b9        0x3 
 .rodata.bflb_eflash_loader_cmd_set_flash_para.str1.4
                0x00000000220164bc        0x9 out/ChipTest/Eflash_Loader/bflb_eflash_loader_cmds.o
 *fill*         0x00000000220164c5        0x3 
 .rodata.bflb_eflash_loader_cmd_write_efuse.str1.4
                0x00000000220164c8        0x3 out/ChipTest/Eflash_Loader/bflb_eflash_loader_cmds.o
 *fill*         0x00000000220164cb        0x1 
 .rodata.bflb_eflash_loader_cmd_write_flash_check.str1.4
                0x00000000220164cc        0x4 out/ChipTest/Eflash_Loader/bflb_eflash_loader_cmds.o
 .rodata.bflb_eflash_loader_cmd_write_mem.str1.4
                0x00000000220164d0        0x4 out/ChipTest/Eflash_Loader/bflb_eflash_loader_cmds.o
 .rodata.bflb_eflash_loader_cmd_write_status_register.str1.4
                0x00000000220164d4        0x5 out/ChipTest/Eflash_Loader/bflb_eflash_loader_cmds.o
 *fill*         0x00000000220164d9        0x3 
 .rodata.bflb_eflash_loader_cmd_xip_readSha_flash.str1.4
                0x00000000220164dc        0x7 out/ChipTest/Eflash_Loader/bflb_eflash_loader_cmds.o
                                          0xb (size before relaxing)
 *fill*         0x00000000220164e3        0x1 
 .rodata.bflb_eflash_loader_cmd_xip_read_flash.str1.4
                0x00000000220164e4        0x4 out/ChipTest/Eflash_Loader/bflb_eflash_loader_cmds.o
 .rodata.bflb_eflash_loader_cmd_xip_read_flash_finish.str1.4
                0x00000000220164e8        0x6 out/ChipTest/Eflash_Loader/bflb_eflash_loader_cmds.o
 *fill*         0x00000000220164ee        0x2 
 .rodata.bflb_eflash_loader_cmd_xip_read_flash_start.str1.4
                0x00000000220164f0        0x5 out/ChipTest/Eflash_Loader/bflb_eflash_loader_cmds.o
 *fill*         0x00000000220164f5        0x3 
 .rodata.eflash_loader_cmds
                0x00000000220164f8       0xa8 out/ChipTest/Eflash_Loader/bflb_eflash_loader_cmds.o
 .rodata.bflb_eflash_loader_main.str1.4
                0x00000000220165a0       0x2e out/ChipTest/Eflash_Loader/bflb_eflash_loader_interface.o
 .rodata.eflash_loader_dump_data.str1.4
                0x00000000220165ce       0x2e out/ChipTest/Eflash_Loader/bflb_eflash_loader_interface.o
                                          0x2 (size before relaxing)
 *fill*         0x00000000220165ce        0x2 
 .rodata.bflb_eflash_loader_jlink_handshake_poll.str1.4
                0x00000000220165d0        0x7 out/ChipTest/Eflash_Loader/bflb_eflash_loader_jlink.o
 *fill*         0x00000000220165d7        0x1 
 .rodata.bflb_eflash_loader_uart_handshake_poll.str1.4
                0x00000000220165d8        0xc out/ChipTest/Eflash_Loader/bflb_eflash_loader_uart.o
                                         0x14 (size before relaxing)
 .rodata.bflb_spi_flash_init.str1.4
                0x00000000220165e4       0x29 out/ChipTest/Eflash_Loader/bflb_spi_flash.o
 *fill*         0x000000002201660d        0x3 
 .rodata.bflb_spi_flash_xip_read_init.str1.4
                0x0000000022016610        0xa out/ChipTest/Eflash_Loader/bflb_spi_flash.o
 *fill*         0x000000002201661a        0x2 
 .rodata.lcdigits.1536
                0x000000002201661c       0x11 out/BSP_Common/libc/vsnprintf.o
 *fill*         0x000000002201662d        0x3 
 .rodata.ucdigits.1537
                0x0000000022016630       0x11 out/BSP_Common/libc/vsnprintf.o
 *fill*         0x0000000022016641        0x3 
 .rodata.vsnprintf.str1.4
                0x0000000022016644        0x7 out/BSP_Common/libc/vsnprintf.o
 *fill*         0x000000002201664b        0x1 
 .rodata.Default_Handler.str1.4
                0x000000002201664c       0x12 out/BSP_Driver/BL602_BSP_Driver/StdDriver/bl602_common.o
 *fill*         0x000000002201665e        0x2 
 .rodata.Trap_Handler.str1.4
                0x0000000022016660      0x13b out/BSP_Driver/BL602_BSP_Driver/StdDriver/bl602_common.o
 *fill*         0x000000002201679b        0x1 
 .rodata.uartAddr
                0x000000002201679c        0x8 out/BSP_Driver/BL602_BSP_Driver/StdDriver/bl602_uart.o
 .rodata.str1.4
                0x00000000220167a4        0x5 out/BSP_Driver/BL602_BSP_Driver/StdDriver/bl602_sf_cfg_ext.o
 *fill*         0x00000000220167a9        0x3 
 .rodata.bflb_platform_init.str1.4
                0x00000000220167ac       0x14 out/BSP_Driver/BL602_BSP_Driver/platform_print/platform_device.o
                                         0x13 (size before relaxing)
 .rodata.hexTable
                0x00000000220167c0       0x10 out/BSP_Driver/BL602_BSP_Driver/platform_print/platform_device.o
 *(.srodata)
 .srodata       0x00000000220167d0        0x4 out/startup/system_bl602.o
 .srodata       0x00000000220167d4        0x4 out/BSP_Driver/BL602_BSP_Driver/platform_print/platform_device.o
 *(.srodata.*)
 *(.tcm_code)
 .tcm_code      0x00000000220167d8      0x550 out/BSP_Driver/BL602_BSP_Driver/StdDriver/bl602_romapi.o
                0x00000000220167d8                AON_Power_On_BG
                0x00000000220167e2                AON_Power_Off_BG
                0x00000000220167ec                AON_Power_On_LDO11_SOC
                0x00000000220167f6                AON_Power_Off_LDO11_SOC
                0x0000000022016800                AON_Power_On_LDO15_RF
                0x000000002201680a                AON_Power_Off_LDO15_RF
                0x0000000022016814                AON_Power_On_SFReg
                0x000000002201681e                AON_Power_Off_SFReg
                0x0000000022016828                AON_LowPower_Enter_PDS0
                0x0000000022016832                AON_LowPower_Exit_PDS0
                0x000000002201683c                ASM_Delay_Us
                0x0000000022016846                BL602_Delay_US
                0x0000000022016850                BL602_Delay_MS
                0x000000002201685a                BL602_MemCpy
                0x0000000022016864                BL602_MemCpy4
                0x000000002201686e                BL602_MemCpy_Fast
                0x0000000022016878                BL602_MemSet
                0x0000000022016882                BL602_MemSet4
                0x000000002201688c                BL602_MemCmp
                0x0000000022016896                EF_Ctrl_Sw_AHB_Clk_0
                0x00000000220168a0                EF_Ctrl_Program_Efuse_0
                0x00000000220168aa                EF_Ctrl_Load_Efuse_R0
                0x00000000220168b4                EF_Ctrl_Busy
                0x00000000220168be                EF_Ctrl_AutoLoad_Done
                0x00000000220168c8                EF_Ctrl_Clear
                0x00000000220168d2                GLB_SW_System_Reset
                0x00000000220168dc                GLB_SW_CPU_Reset
                0x00000000220168e6                GLB_SW_POR_Reset
                0x00000000220168f0                GLB_Select_Internal_Flash
                0x00000000220168fa                GLB_Select_External_Flash
                0x0000000022016904                GLB_Deswap_Flash_Pin
                0x000000002201690e                GLB_Swap_Flash_Pin
                0x0000000022016918                GLB_GPIO_Init
                0x0000000022016922                GLB_GPIO_OUTPUT_Enable
                0x000000002201692c                GLB_GPIO_OUTPUT_Disable
                0x0000000022016936                GLB_GPIO_Set_HZ
                0x0000000022016940                GLB_GPIO_Get_Fun
                0x000000002201694a                HBN_Mode_Enter
                0x0000000022016954                HBN_Power_Down_Flash
                0x000000002201695e                HBN_Enable
                0x0000000022016968                HBN_Reset
                0x0000000022016972                HBN_Set_Ldo11_Aon_Vout
                0x000000002201697c                HBN_Set_Ldo11_Rt_Vout
                0x0000000022016986                HBN_Set_Ldo11_Soc_Vout
                0x0000000022016990                HBN_Hw_Pu_Pd_Cfg
                0x000000002201699a                HBN_Pin_WakeUp_Mask
                0x00000000220169a4                HBN_GPIO7_Dbg_Pull_Cfg
                0x00000000220169ae                HBN_Set_Embedded_Flash_Pullup
                0x00000000220169b8                L1C_Set_Wrap
                0x00000000220169c2                L1C_Set_Way_Disable
                0x00000000220169cc                L1C_IROM_2T_Access_Set
                0x00000000220169d6                PDS_Reset
                0x00000000220169e0                PDS_Force_Config
                0x00000000220169ea                PDS_RAM_Config
                0x00000000220169f4                PDS_Default_Level_Config
                0x00000000220169fe                SEC_Eng_Turn_On_Sec_Ring
                0x0000000022016a08                SEC_Eng_Turn_Off_Sec_Ring
                0x0000000022016a12                SFlash_Init
                0x0000000022016a1c                SFlash_SetSPIMode
                0x0000000022016a26                SFlash_Read_Reg
                0x0000000022016a30                SFlash_Write_Reg
                0x0000000022016a3a                SFlash_Busy
                0x0000000022016a44                SFlash_Write_Enable
                0x0000000022016a4e                SFlash_Qspi_Enable
                0x0000000022016a58                SFlash_Volatile_Reg_Write_Enable
                0x0000000022016a62                SFlash_Chip_Erase
                0x0000000022016a6c                SFlash_Sector_Erase
                0x0000000022016a76                SFlash_Blk32_Erase
                0x0000000022016a80                SFlash_Blk64_Erase
                0x0000000022016a8a                SFlash_Erase
                0x0000000022016a94                SFlash_Program
                0x0000000022016a9e                SFlash_GetUniqueId
                0x0000000022016aa8                SFlash_GetJedecId
                0x0000000022016ab2                SFlash_GetDeviceId
                0x0000000022016abc                SFlash_Powerdown
                0x0000000022016ac6                SFlash_Releae_Powerdown
                0x0000000022016ad0                SFlash_SetBurstWrap
                0x0000000022016ada                SFlash_DisableBurstWrap
                0x0000000022016ae4                SFlash_Software_Reset
                0x0000000022016aee                SFlash_Reset_Continue_Read
                0x0000000022016af8                SFlash_Set_IDbus_Cfg
                0x0000000022016b02                SFlash_IDbus_Read_Enable
                0x0000000022016b0c                SFlash_Cache_Enable_Set
                0x0000000022016b16                SFlash_Cache_Flush
                0x0000000022016b20                SFlash_Cache_Read_Enable
                0x0000000022016b2a                SFlash_Cache_Hit_Count_Get
                0x0000000022016b34                SFlash_Cache_Miss_Count_Get
                0x0000000022016b3e                SFlash_Cache_Read_Disable
                0x0000000022016b48                SFlash_Read
                0x0000000022016b52                SFlash_Read_Reg_With_Cmd
                0x0000000022016b5c                SFlash_Write_Reg_With_Cmd
                0x0000000022016b66                SF_Cfg_Init_Ext_Flash_Gpio
                0x0000000022016b70                SF_Cfg_Init_Internal_Flash_Gpio
                0x0000000022016b7a                SF_Cfg_Deinit_Ext_Flash_Gpio
                0x0000000022016b84                SF_Cfg_Restore_GPIO17_Fun
                0x0000000022016b8e                SF_Cfg_Get_Flash_Cfg_Need_Lock
                0x0000000022016b98                SF_Cfg_Init_Flash_Gpio
                0x0000000022016ba2                SF_Cfg_Flash_Identify
                0x0000000022016bac                SF_Ctrl_Enable
                0x0000000022016bb6                SF_Ctrl_Select_Pad
                0x0000000022016bc0                SF_Ctrl_Set_Owner
                0x0000000022016bca                SF_Ctrl_Disable
                0x0000000022016bd4                SF_Ctrl_AES_Enable_BE
                0x0000000022016bde                SF_Ctrl_AES_Enable_LE
                0x0000000022016be8                SF_Ctrl_AES_Set_Region
                0x0000000022016bf2                SF_Ctrl_AES_Set_Key
                0x0000000022016bfc                SF_Ctrl_AES_Set_Key_BE
                0x0000000022016c06                SF_Ctrl_AES_Set_IV
                0x0000000022016c10                SF_Ctrl_AES_Set_IV_BE
                0x0000000022016c1a                SF_Ctrl_AES_Enable
                0x0000000022016c24                SF_Ctrl_AES_Disable
                0x0000000022016c2e                SF_Ctrl_Set_Flash_Image_Offset
                0x0000000022016c38                SF_Ctrl_Get_Flash_Image_Offset
                0x0000000022016c42                SF_Ctrl_Select_Clock
                0x0000000022016c4c                SF_Ctrl_SendCmd
                0x0000000022016c56                SF_Ctrl_Icache_Set
                0x0000000022016c60                SF_Ctrl_Icache2_Set
                0x0000000022016c6a                SF_Ctrl_GetBusyState
                0x0000000022016c74                SF_Ctrl_Is_AES_Enable
                0x0000000022016c7e                SF_Ctrl_Get_Clock_Delay
                0x0000000022016c88                SF_Ctrl_Set_Clock_Delay
                0x0000000022016c92                XIP_SFlash_State_Save
                0x0000000022016c9c                XIP_SFlash_State_Restore
                0x0000000022016ca6                XIP_SFlash_Erase_Need_Lock
                0x0000000022016cb0                XIP_SFlash_Write_Need_Lock
                0x0000000022016cba                XIP_SFlash_Read_Need_Lock
                0x0000000022016cc4                XIP_SFlash_GetJedecId_Need_Lock
                0x0000000022016cce                XIP_SFlash_GetDeviceId_Need_Lock
                0x0000000022016cd8                XIP_SFlash_GetUniqueId_Need_Lock
                0x0000000022016ce2                XIP_SFlash_Read_Via_Cache_Need_Lock
                0x0000000022016cec                XIP_SFlash_Read_With_Lock
                0x0000000022016cf6                XIP_SFlash_Write_With_Lock
                0x0000000022016d00                XIP_SFlash_Erase_With_Lock
                0x0000000022016d0a                XIP_SFlash_Opt_Enter
                0x0000000022016d14                XIP_SFlash_Opt_Exit
                0x0000000022016d1e                BFLB_Soft_CRC32
 .tcm_code      0x0000000022016d28      0x158 out/BSP_Driver/BL602_BSP_Driver/StdDriver/bl602_sf_cfg_ext.o
                0x0000000022016d28                SF_Cfg_Get_Flash_Cfg_Need_Lock_Ext
                0x0000000022016dea                SF_Cfg_Flash_Identify_Ext
 *(.tcm_const)
 .tcm_const     0x0000000022016e80       0xfc out/BSP_Driver/BL602_BSP_Driver/StdDriver/bl602_sf_cfg_ext.o
 *(.sclock_rlt_code)
 .sclock_rlt_code
                0x0000000022016f7c      0x154 out/BSP_Driver/BL602_BSP_Driver/StdDriver/bl602_romapi.o
                0x0000000022016f7c                AON_Power_On_MBG
                0x0000000022016f86                AON_Power_Off_MBG
                0x0000000022016f90                AON_Power_On_XTAL
                0x0000000022016f9a                AON_Set_Xtal_CapCode
                0x0000000022016fa4                AON_Get_Xtal_CapCode
                0x0000000022016fae                AON_Power_Off_XTAL
                0x0000000022016fb8                EF_Ctrl_Get_Trim_Parity
                0x0000000022016fc2                EF_Ctrl_Read_RC32M_Trim
                0x0000000022016fcc                EF_Ctrl_Read_RC32K_Trim
                0x0000000022016fd6                GLB_Get_Root_CLK_Sel
                0x0000000022016fe0                GLB_Set_System_CLK_Div
                0x0000000022016fea                GLB_Get_BCLK_Div
                0x0000000022016ff4                GLB_Get_HCLK_Div
                0x0000000022016ffe                Update_SystemCoreClockWith_XTAL
                0x0000000022017008                GLB_Set_System_CLK
                0x0000000022017012                System_Core_Clock_Update_From_RC32M
                0x000000002201701c                GLB_Set_SF_CLK
                0x0000000022017026                GLB_Set_PKA_CLK_Sel
                0x0000000022017030                HBN_32K_Sel
                0x000000002201703a                HBN_Set_ROOT_CLK_Sel
                0x0000000022017044                HBN_Power_On_Xtal_32K
                0x000000002201704e                HBN_Power_Off_Xtal_32K
                0x0000000022017058                HBN_Power_On_RC32K
                0x0000000022017062                HBN_Power_Off_RC32K
                0x000000002201706c                HBN_Trim_RC32K
                0x0000000022017076                PDS_Trim_RC32M
                0x0000000022017080                PDS_Select_RC32M_As_PLL_Ref
                0x000000002201708a                PDS_Select_XTAL_As_PLL_Ref
                0x0000000022017094                PDS_Power_On_PLL
                0x000000002201709e                PDS_Enable_PLL_All_Clks
                0x00000000220170a8                PDS_Disable_PLL_All_Clks
                0x00000000220170b2                PDS_Enable_PLL_Clk
                0x00000000220170bc                PDS_Disable_PLL_Clk
                0x00000000220170c6                PDS_Power_Off_PLL
 *(.sclock_rlt_const)
                0x00000000220170d0                . = ALIGN (0x4)
                0x00000000220170d0                __text_code_end__ = .

.rela.dyn       0x00000000220170d0        0x0
 .rela.text.start_load
                0x00000000220170d0        0x0 out/ChipTest/Eflash_Loader/main.o
 .rela.text.clic_msip_handler_Wrapper
                0x00000000220170d0        0x0 out/ChipTest/Eflash_Loader/main.o
 .rela.text.clic_mtimer_handler_Wrapper
                0x00000000220170d0        0x0 out/ChipTest/Eflash_Loader/main.o
 .rela.text.clic_mext_handler_Wrapper
                0x00000000220170d0        0x0 out/ChipTest/Eflash_Loader/main.o
 .rela.text.clic_csoft_handler_Wrapper
                0x00000000220170d0        0x0 out/ChipTest/Eflash_Loader/main.o
 .rela.text.BMX_ERR_IRQHandler_Wrapper
                0x00000000220170d0        0x0 out/ChipTest/Eflash_Loader/main.o
 .rela.text.BMX_TO_IRQHandler_Wrapper
                0x00000000220170d0        0x0 out/ChipTest/Eflash_Loader/main.o
 .rela.text.L1C_BMX_ERR_IRQHandler_Wrapper
                0x00000000220170d0        0x0 out/ChipTest/Eflash_Loader/main.o
 .rela.text.L1C_BMX_TO_IRQHandler_Wrapper
                0x00000000220170d0        0x0 out/ChipTest/Eflash_Loader/main.o
 .rela.text.SEC_BMX_ERR_IRQHandler_Wrapper
                0x00000000220170d0        0x0 out/ChipTest/Eflash_Loader/main.o
 .rela.text.RF_TOP_INT0_IRQHandler_Wrapper
                0x00000000220170d0        0x0 out/ChipTest/Eflash_Loader/main.o
 .rela.text.RF_TOP_INT1_IRQHandler_Wrapper
                0x00000000220170d0        0x0 out/ChipTest/Eflash_Loader/main.o
 .rela.text.SDIO_IRQHandler_Wrapper
                0x00000000220170d0        0x0 out/ChipTest/Eflash_Loader/main.o
 .rela.text.DMA_BMX_ERR_IRQHandler_Wrapper
                0x00000000220170d0        0x0 out/ChipTest/Eflash_Loader/main.o
 .rela.text.SEC_GMAC_IRQHandler_Wrapper
                0x00000000220170d0        0x0 out/ChipTest/Eflash_Loader/main.o
 .rela.text.SEC_CDET_IRQHandler_Wrapper
                0x00000000220170d0        0x0 out/ChipTest/Eflash_Loader/main.o
 .rela.text.SEC_PKA_IRQHandler_Wrapper
                0x00000000220170d0        0x0 out/ChipTest/Eflash_Loader/main.o
 .rela.text.SEC_TRNG_IRQHandler_Wrapper
                0x00000000220170d0        0x0 out/ChipTest/Eflash_Loader/main.o
 .rela.text.SEC_AES_IRQHandler_Wrapper
                0x00000000220170d0        0x0 out/ChipTest/Eflash_Loader/main.o
 .rela.text.SEC_SHA_IRQHandler_Wrapper
                0x00000000220170d0        0x0 out/ChipTest/Eflash_Loader/main.o
 .rela.text.DMA_ALL_IRQHandler_Wrapper
                0x00000000220170d0        0x0 out/ChipTest/Eflash_Loader/main.o
 .rela.text.IRTX_IRQHandler_Wrapper
                0x00000000220170d0        0x0 out/ChipTest/Eflash_Loader/main.o
 .rela.text.IRRX_IRQHandler_Wrapper
                0x00000000220170d0        0x0 out/ChipTest/Eflash_Loader/main.o
 .rela.text.SF_CTRL_IRQHandler_Wrapper
                0x00000000220170d0        0x0 out/ChipTest/Eflash_Loader/main.o
 .rela.text.GPADC_DMA_IRQHandler_Wrapper
                0x00000000220170d0        0x0 out/ChipTest/Eflash_Loader/main.o
 .rela.text.EFUSE_IRQHandler_Wrapper
                0x00000000220170d0        0x0 out/ChipTest/Eflash_Loader/main.o
 .rela.text.SPI_IRQHandler_Wrapper
                0x00000000220170d0        0x0 out/ChipTest/Eflash_Loader/main.o
 .rela.text.I2C_IRQHandler_Wrapper
                0x00000000220170d0        0x0 out/ChipTest/Eflash_Loader/main.o
 .rela.text.PWM_IRQHandler_Wrapper
                0x00000000220170d0        0x0 out/ChipTest/Eflash_Loader/main.o
 .rela.text.TIMER_CH0_IRQHandler_Wrapper
                0x00000000220170d0        0x0 out/ChipTest/Eflash_Loader/main.o
 .rela.text.TIMER_CH1_IRQHandler_Wrapper
                0x00000000220170d0        0x0 out/ChipTest/Eflash_Loader/main.o
 .rela.text.TIMER_WDT_IRQHandler_Wrapper
                0x00000000220170d0        0x0 out/ChipTest/Eflash_Loader/main.o
 .rela.text.GPIO_INT0_IRQHandler_Wrapper
                0x00000000220170d0        0x0 out/ChipTest/Eflash_Loader/main.o
 .rela.text.PDS_WAKEUP_IRQHandler_Wrapper
                0x00000000220170d0        0x0 out/ChipTest/Eflash_Loader/main.o
 .rela.text.HBN_OUT0_IRQHandler_Wrapper
                0x00000000220170d0        0x0 out/ChipTest/Eflash_Loader/main.o
 .rela.text.HBN_OUT1_IRQHandler_Wrapper
                0x00000000220170d0        0x0 out/ChipTest/Eflash_Loader/main.o
 .rela.text.BOR_IRQHandler_Wrapper
                0x00000000220170d0        0x0 out/ChipTest/Eflash_Loader/main.o
 .rela.text.WIFI_IRQHandler_Wrapper
                0x00000000220170d0        0x0 out/ChipTest/Eflash_Loader/main.o
 .rela.text.BZ_PHY_IRQHandler_Wrapper
                0x00000000220170d0        0x0 out/ChipTest/Eflash_Loader/main.o
 .rela.text.BLE_IRQHandler_Wrapper
                0x00000000220170d0        0x0 out/ChipTest/Eflash_Loader/main.o
 .rela.text.MAC_TXRX_TIMER_IRQHandler_Wrapper
                0x00000000220170d0        0x0 out/ChipTest/Eflash_Loader/main.o
 .rela.text.MAC_TXRX_MISC_IRQHandler_Wrapper
                0x00000000220170d0        0x0 out/ChipTest/Eflash_Loader/main.o
 .rela.text.MAC_RX_TRG_IRQHandler_Wrapper
                0x00000000220170d0        0x0 out/ChipTest/Eflash_Loader/main.o
 .rela.text.MAC_TX_TRG_IRQHandler_Wrapper
                0x00000000220170d0        0x0 out/ChipTest/Eflash_Loader/main.o
 .rela.text.MAC_GEN_IRQHandler_Wrapper
                0x00000000220170d0        0x0 out/ChipTest/Eflash_Loader/main.o
 .rela.text.MAC_PORT_TRG_IRQHandler_Wrapper
                0x00000000220170d0        0x0 out/ChipTest/Eflash_Loader/main.o
 .rela.text.WIFI_IPC_PUBLIC_IRQHandler_Wrapper
                0x00000000220170d0        0x0 out/ChipTest/Eflash_Loader/main.o
 .rela.init     0x00000000220170d0        0x0 out/ChipTest/Eflash_Loader/main.o
 .rela.text.metal.init.enter
                0x00000000220170d0        0x0 out/ChipTest/Eflash_Loader/main.o
 .rela.text.bflb_platform_uart_dbg_init
                0x00000000220170d0        0x0 out/ChipTest/Eflash_Loader/main.o
                0x00000000220170d0                . = ALIGN (0x4)
                0x00000000220170d0                __itcm_load_addr = .

.itcm_region    0x00000000220170d0        0x0
                0x00000000220170d0                . = ALIGN (0x4)
                0x00000000220170d0                __tcm_code_start__ = .
                0x00000000220170d0                . = ALIGN (0x4)
                0x00000000220170d0                __tcm_code_end__ = .
                0x00000000220170d0                __dtcm_load_addr = (__itcm_load_addr + SIZEOF (.itcm_region))

.dtcm_region    0x000000004201c000        0x0 load address 0x00000000220170d0
                0x000000004201c000                . = ALIGN (0x4)
                0x000000004201c000                __tcm_data_start__ = .
 *(.tcm_data)
                0x000000004201c000                . = ALIGN (0x4)
                0x000000004201c000                __tcm_data_end__ = .

.stack_dummy    0x000000004201c000      0x400
                0x000000004201c000                . = ALIGN (0x4)
                0x000000004201c400                . = (. + StackSize)
 *fill*         0x000000004201c000      0x400 
                0x000000004201c400                . = ALIGN (0x4)
                0x0000000042020000                __StackTop = (ORIGIN (dtcm_memory) + LENGTH (dtcm_memory))
                0x000000004201fc00                __StackLimit = (__StackTop - SIZEOF (.stack_dummy))
                0x0000000000000001                ASSERT ((__StackLimit >= __tcm_data_end__), region RAM overflowed with stack)
                0x00000000220170d0                __system_ram_load_addr = (__dtcm_load_addr + SIZEOF (.dtcm_region))

.system_ram_data_region
                0x0000000042020000        0x0 load address 0x00000000220170d0
                0x0000000042020000                . = ALIGN (0x4)
                0x0000000042020000                __system_ram_data_start__ = .
                0x0000000042020000                . = ALIGN (0x4)
                0x0000000042020000                __system_ram_data_end__ = .
                0x00000000220170d0                __ram_load_addr = (__system_ram_load_addr + SIZEOF (.system_ram_data_region))

RAM_DATA        0x0000000042020000       0xbc load address 0x00000000220170d0
                0x0000000042020000                . = ALIGN (0x4)
                0x0000000042020000                __ram_data_start__ = .
                0x0000000042020800                PROVIDE (__global_pointer$ = (. + 0x800))
 *(.data)
 *(.data.*)
 .data.flashCfg_Gd_Q80E_Q16E
                0x0000000042020000       0x54 out/ChipTest/Eflash_Loader/main.o
 .data.uart_if_cfg
                0x0000000042020054       0x10 out/ChipTest/Eflash_Loader/bflb_eflash_loader_uart.o
 .data.flashCfg_Gd_Q80E_Q16E
                0x0000000042020064       0x54 out/ChipTest/Eflash_Loader/bflb_spi_flash.o
 *(.sdata)
 *(.sdata.*)
 .sdata.uart_if_fifocfg
                0x00000000420200b8        0x4 out/ChipTest/Eflash_Loader/bflb_eflash_loader_uart.o
 *(.sdata2)
 *(.sdata2.*)
                0x00000000420200bc                . = ALIGN (0x4)
                0x00000000420200bc                __ram_data_end__ = .

.bss            0x00000000420200bc     0x85e8 load address 0x000000002201718c
                0x00000000420200bc                . = ALIGN (0x4)
                0x00000000420200bc                __bss_start__ = .
 *(.bss*)
 .bss.eflash_loader_cmd_ack_buf
                0x00000000420200bc       0x40 out/ChipTest/Eflash_Loader/main.o
                0x00000000420200bc                eflash_loader_cmd_ack_buf
 .bss.eflash_loader_readbuf
                0x00000000420200fc     0x4810 out/ChipTest/Eflash_Loader/main.o
                0x00000000420200fc                eflash_loader_readbuf
 .bss.eflash_loader_if_cfg
                0x000000004202490c       0x24 out/ChipTest/Eflash_Loader/bflb_eflash_loader_interface.o
 .bss.uartIntCbfArra
                0x0000000042024930       0x40 out/BSP_Driver/BL602_BSP_Driver/StdDriver/bl602_uart.o
 .bss.print_buf.8757
                0x0000000042024970       0x80 out/BSP_Driver/BL602_BSP_Driver/platform_print/platform_device.o
 *(.sbss*)
 .sbss.bootMode
                0x00000000420249f0        0x1 out/ChipTest/Eflash_Loader/main.o
                0x00000000420249f0                bootMode
 *fill*         0x00000000420249f1        0x3 
 .sbss.rx_buf_index
                0x00000000420249f4        0x4 out/ChipTest/Eflash_Loader/main.o
                0x00000000420249f4                rx_buf_index
 .sbss.rx_buf_len
                0x00000000420249f8        0x4 out/ChipTest/Eflash_Loader/main.o
                0x00000000420249f8                rx_buf_len
 .sbss.xtalType
                0x00000000420249fc        0x1 out/ChipTest/Eflash_Loader/main.o
                0x00000000420249fc                xtalType
 *fill*         0x00000000420249fd        0x3 
 .sbss.eflash_loader_error
                0x0000000042024a00        0x4 out/ChipTest/Eflash_Loader/bflb_eflash_loader_cmds.o
 .sbss.eflash_loader_if
                0x0000000042024a04        0x4 out/ChipTest/Eflash_Loader/bflb_eflash_loader_interface.o
                0x0000000042024a04                eflash_loader_if
 .sbss.abr_gpio_sel
                0x0000000042024a08        0x1 out/ChipTest/Eflash_Loader/bflb_eflash_loader_uart.o
 *fill*         0x0000000042024a09        0x3 
 .sbss.detected_baudrate
                0x0000000042024a0c        0x4 out/ChipTest/Eflash_Loader/bflb_eflash_loader_uart.o
 .sbss.init_flag
                0x0000000042024a10        0x4 out/BSP_Driver/BL602_BSP_Driver/platform_print/platform_device.o
 .sbss.log_len  0x0000000042024a14        0x4 out/BSP_Driver/BL602_BSP_Driver/platform_print/platform_device.o
 .sbss.uart_dbg_disable
                0x0000000042024a18        0x1 out/BSP_Driver/BL602_BSP_Driver/platform_print/platform_device.o
 *(COMMON)
 *(.system_ram)
 *fill*         0x0000000042024a19        0x3 
 .system_ram    0x0000000042024a1c     0x2c88 out/ChipTest/Eflash_Loader/bflb_eflash_loader_cmds.o
                0x0000000042024a1c                padding
                0x0000000042024a5c                shaTmpBuf
                0x0000000042024a9c                checkBuf
                0x000000004202529c                ShaInbuf
 .system_ram    0x00000000420276a4     0x1000 out/BSP_Driver/BL602_BSP_Driver/platform_print/platform_device.o
                0x00000000420286a4                . = ALIGN (0x4)
                0x00000000420286a4                __bss_end__ = .

.noinit_data    0x00000000420286a4        0x0
                0x00000000420286a4                . = ALIGN (0x4)
                0x00000000420286a4                __noinit_data_start__ = .
 *(.noinit_data*)
                0x00000000420286a4                . = ALIGN (0x4)
                0x00000000420286a4                __noinit_data_end__ = .

.heap           0x00000000420286a4        0x0
                0x00000000420286a4                . = ALIGN (0x4)
                0x00000000420286a4                __HeapBase = .
 *(.heap*)
                0x00000000420286a4                . = ALIGN (0x4)
                0x00000000420286a4                __HeapLimit = .
OUTPUT(out/ChipTest/Eflash_Loader/chiptest_eflash_loader.elf elf32-littleriscv)

.debug_info     0x0000000000000000    0x1a88e
 .debug_info    0x0000000000000000      0xbbd out/ChipTest/Eflash_Loader/main.o
 .debug_info    0x0000000000000bbd     0x2139 out/ChipTest/Eflash_Loader/bflb_eflash_loader_cmds.o
 .debug_info    0x0000000000002cf6      0x6b5 out/ChipTest/Eflash_Loader/bflb_eflash_loader_gpio.o
 .debug_info    0x00000000000033ab      0xa56 out/ChipTest/Eflash_Loader/bflb_eflash_loader_interface.o
 .debug_info    0x0000000000003e01      0x6d4 out/ChipTest/Eflash_Loader/bflb_eflash_loader_jlink.o
 .debug_info    0x00000000000044d5     0x1467 out/ChipTest/Eflash_Loader/bflb_eflash_loader_uart.o
 .debug_info    0x000000000000593c     0x1225 out/ChipTest/Eflash_Loader/bflb_spi_flash.o
 .debug_info    0x0000000000006b61      0x223 out/ChipTest/Eflash_Loader/bflb_efuse.o
 .debug_info    0x0000000000006d84      0x2e0 out/ChipTest/Eflash_Loader/bflb_set_clock.o
 .debug_info    0x0000000000007064       0xf0 out/BSP_Common/libc/memcpy.o
 .debug_info    0x0000000000007154       0xd0 out/BSP_Common/libc/memset.o
 .debug_info    0x0000000000007224      0x51e out/BSP_Common/libc/vsnprintf.o
 .debug_info    0x0000000000007742       0x8e out/BSP_Common/libc/strlen.o
 .debug_info    0x00000000000077d0      0x463 out/startup/system_bl602.o
 .debug_info    0x0000000000007c33      0x1cb out/startup/GCC/start_load.o
 .debug_info    0x0000000000007dfe      0x7b3 out/startup/interrupt.o
 .debug_info    0x00000000000085b1       0x22 out/startup/GCC/entry.o
 .debug_info    0x00000000000085d3      0x54b out/BSP_Driver/BL602_BSP_Driver/StdDriver/bl602_common.o
 .debug_info    0x0000000000008b1e     0x1226 out/BSP_Driver/BL602_BSP_Driver/StdDriver/bl602_uart.o
 .debug_info    0x0000000000009d44     0x16ab out/BSP_Driver/BL602_BSP_Driver/StdDriver/bl602_glb.o
 .debug_info    0x000000000000b3ef     0x184c out/BSP_Driver/BL602_BSP_Driver/StdDriver/bl602_ef_ctrl.o
 .debug_info    0x000000000000cc3b      0xe3b out/BSP_Driver/BL602_BSP_Driver/StdDriver/bl602_hbn.o
 .debug_info    0x000000000000da76     0x458a out/BSP_Driver/BL602_BSP_Driver/StdDriver/bl602_sec_eng.o
 .debug_info    0x0000000000012000     0x3c84 out/BSP_Driver/BL602_BSP_Driver/StdDriver/bl602_romapi.o
 .debug_info    0x0000000000015c84      0x899 out/BSP_Driver/BL602_BSP_Driver/StdDriver/bl602_sf_cfg_ext.o
 .debug_info    0x000000000001651d      0xff3 out/BSP_Driver/BL602_BSP_Driver/platform_print/platform_device.o
 .debug_info    0x0000000000017510      0x32c out/BSP_Driver/BL602_BSP_Driver/platform_print/platform_gpio.o
 .debug_info    0x000000000001783c     0x1245 /mnt/e/sharespace/riscv/riscv64-unknown-elf-gcc-8.2.0-2019.05.3-x86_64-linux-ubuntu14/bin/../lib/gcc/riscv64-unknown-elf/8.2.0/rv32imafc/ilp32f/libgcc.a(_udivdi3.o)
 .debug_info    0x0000000000018a81     0x12a3 /mnt/e/sharespace/riscv/riscv64-unknown-elf-gcc-8.2.0-2019.05.3-x86_64-linux-ubuntu14/bin/../lib/gcc/riscv64-unknown-elf/8.2.0/rv32imafc/ilp32f/libgcc.a(_umoddi3.o)
 .debug_info    0x0000000000019d24      0xb6a /mnt/e/sharespace/riscv/riscv64-unknown-elf-gcc-8.2.0-2019.05.3-x86_64-linux-ubuntu14/bin/../lib/gcc/riscv64-unknown-elf/8.2.0/rv32imafc/ilp32f/libgcc.a(_clz.o)

.debug_abbrev   0x0000000000000000     0x3e10
 .debug_abbrev  0x0000000000000000      0x1e8 out/ChipTest/Eflash_Loader/main.o
 .debug_abbrev  0x00000000000001e8      0x4c2 out/ChipTest/Eflash_Loader/bflb_eflash_loader_cmds.o
 .debug_abbrev  0x00000000000006aa      0x25f out/ChipTest/Eflash_Loader/bflb_eflash_loader_gpio.o
 .debug_abbrev  0x0000000000000909      0x2e2 out/ChipTest/Eflash_Loader/bflb_eflash_loader_interface.o
 .debug_abbrev  0x0000000000000beb      0x218 out/ChipTest/Eflash_Loader/bflb_eflash_loader_jlink.o
 .debug_abbrev  0x0000000000000e03      0x3b6 out/ChipTest/Eflash_Loader/bflb_eflash_loader_uart.o
 .debug_abbrev  0x00000000000011b9      0x2b2 out/ChipTest/Eflash_Loader/bflb_spi_flash.o
 .debug_abbrev  0x000000000000146b      0x133 out/ChipTest/Eflash_Loader/bflb_efuse.o
 .debug_abbrev  0x000000000000159e      0x12f out/ChipTest/Eflash_Loader/bflb_set_clock.o
 .debug_abbrev  0x00000000000016cd       0xba out/BSP_Common/libc/memcpy.o
 .debug_abbrev  0x0000000000001787       0x9d out/BSP_Common/libc/memset.o
 .debug_abbrev  0x0000000000001824      0x1f4 out/BSP_Common/libc/vsnprintf.o
 .debug_abbrev  0x0000000000001a18       0x8c out/BSP_Common/libc/strlen.o
 .debug_abbrev  0x0000000000001aa4      0x1bd out/startup/system_bl602.o
 .debug_abbrev  0x0000000000001c61       0x94 out/startup/GCC/start_load.o
 .debug_abbrev  0x0000000000001cf5      0x163 out/startup/interrupt.o
 .debug_abbrev  0x0000000000001e58       0x12 out/startup/GCC/entry.o
 .debug_abbrev  0x0000000000001e6a      0x15f out/BSP_Driver/BL602_BSP_Driver/StdDriver/bl602_common.o
 .debug_abbrev  0x0000000000001fc9      0x2ac out/BSP_Driver/BL602_BSP_Driver/StdDriver/bl602_uart.o
 .debug_abbrev  0x0000000000002275      0x1db out/BSP_Driver/BL602_BSP_Driver/StdDriver/bl602_glb.o
 .debug_abbrev  0x0000000000002450      0x31c out/BSP_Driver/BL602_BSP_Driver/StdDriver/bl602_ef_ctrl.o
 .debug_abbrev  0x000000000000276c      0x229 out/BSP_Driver/BL602_BSP_Driver/StdDriver/bl602_hbn.o
 .debug_abbrev  0x0000000000002995      0x45f out/BSP_Driver/BL602_BSP_Driver/StdDriver/bl602_sec_eng.o
 .debug_abbrev  0x0000000000002df4      0x2a0 out/BSP_Driver/BL602_BSP_Driver/StdDriver/bl602_romapi.o
 .debug_abbrev  0x0000000000003094      0x194 out/BSP_Driver/BL602_BSP_Driver/StdDriver/bl602_sf_cfg_ext.o
 .debug_abbrev  0x0000000000003228      0x33f out/BSP_Driver/BL602_BSP_Driver/platform_print/platform_device.o
 .debug_abbrev  0x0000000000003567      0x10d out/BSP_Driver/BL602_BSP_Driver/platform_print/platform_gpio.o
 .debug_abbrev  0x0000000000003674      0x2cc /mnt/e/sharespace/riscv/riscv64-unknown-elf-gcc-8.2.0-2019.05.3-x86_64-linux-ubuntu14/bin/../lib/gcc/riscv64-unknown-elf/8.2.0/rv32imafc/ilp32f/libgcc.a(_udivdi3.o)
 .debug_abbrev  0x0000000000003940      0x2e8 /mnt/e/sharespace/riscv/riscv64-unknown-elf-gcc-8.2.0-2019.05.3-x86_64-linux-ubuntu14/bin/../lib/gcc/riscv64-unknown-elf/8.2.0/rv32imafc/ilp32f/libgcc.a(_umoddi3.o)
 .debug_abbrev  0x0000000000003c28      0x1e8 /mnt/e/sharespace/riscv/riscv64-unknown-elf-gcc-8.2.0-2019.05.3-x86_64-linux-ubuntu14/bin/../lib/gcc/riscv64-unknown-elf/8.2.0/rv32imafc/ilp32f/libgcc.a(_clz.o)

.debug_aranges  0x0000000000000000     0x1578
 .debug_aranges
                0x0000000000000000       0x20 out/ChipTest/Eflash_Loader/main.o
 .debug_aranges
                0x0000000000000020       0xe0 out/ChipTest/Eflash_Loader/bflb_eflash_loader_cmds.o
 .debug_aranges
                0x0000000000000100       0x48 out/ChipTest/Eflash_Loader/bflb_eflash_loader_gpio.o
 .debug_aranges
                0x0000000000000148       0x68 out/ChipTest/Eflash_Loader/bflb_eflash_loader_interface.o
 .debug_aranges
                0x00000000000001b0       0x50 out/ChipTest/Eflash_Loader/bflb_eflash_loader_jlink.o
 .debug_aranges
                0x0000000000000200       0x68 out/ChipTest/Eflash_Loader/bflb_eflash_loader_uart.o
 .debug_aranges
                0x0000000000000268       0xb0 out/ChipTest/Eflash_Loader/bflb_spi_flash.o
 .debug_aranges
                0x0000000000000318       0x28 out/ChipTest/Eflash_Loader/bflb_efuse.o
 .debug_aranges
                0x0000000000000340       0x40 out/ChipTest/Eflash_Loader/bflb_set_clock.o
 .debug_aranges
                0x0000000000000380       0x20 out/BSP_Common/libc/memcpy.o
 .debug_aranges
                0x00000000000003a0       0x20 out/BSP_Common/libc/memset.o
 .debug_aranges
                0x00000000000003c0       0x20 out/BSP_Common/libc/vsnprintf.o
 .debug_aranges
                0x00000000000003e0       0x20 out/BSP_Common/libc/strlen.o
 .debug_aranges
                0x0000000000000400       0x30 out/startup/system_bl602.o
 .debug_aranges
                0x0000000000000430       0x20 out/startup/GCC/start_load.o
 .debug_aranges
                0x0000000000000450      0x1e8 out/startup/interrupt.o
 .debug_aranges
                0x0000000000000638       0x30 out/startup/GCC/entry.o
 .debug_aranges
                0x0000000000000668       0x30 out/BSP_Driver/BL602_BSP_Driver/StdDriver/bl602_common.o
 .debug_aranges
                0x0000000000000698      0x120 out/BSP_Driver/BL602_BSP_Driver/StdDriver/bl602_uart.o
 .debug_aranges
                0x00000000000007b8      0x1e0 out/BSP_Driver/BL602_BSP_Driver/StdDriver/bl602_glb.o
 .debug_aranges
                0x0000000000000998      0x160 out/BSP_Driver/BL602_BSP_Driver/StdDriver/bl602_ef_ctrl.o
 .debug_aranges
                0x0000000000000af8      0x168 out/BSP_Driver/BL602_BSP_Driver/StdDriver/bl602_hbn.o
 .debug_aranges
                0x0000000000000c60      0x250 out/BSP_Driver/BL602_BSP_Driver/StdDriver/bl602_sec_eng.o
 .debug_aranges
                0x0000000000000eb0      0x568 out/BSP_Driver/BL602_BSP_Driver/StdDriver/bl602_romapi.o
 .debug_aranges
                0x0000000000001418       0x28 out/BSP_Driver/BL602_BSP_Driver/StdDriver/bl602_sf_cfg_ext.o
 .debug_aranges
                0x0000000000001440       0xb8 out/BSP_Driver/BL602_BSP_Driver/platform_print/platform_device.o
 .debug_aranges
                0x00000000000014f8       0x28 out/BSP_Driver/BL602_BSP_Driver/platform_print/platform_gpio.o
 .debug_aranges
                0x0000000000001520       0x20 /mnt/e/sharespace/riscv/riscv64-unknown-elf-gcc-8.2.0-2019.05.3-x86_64-linux-ubuntu14/bin/../lib/gcc/riscv64-unknown-elf/8.2.0/rv32imafc/ilp32f/libgcc.a(_udivdi3.o)
 .debug_aranges
                0x0000000000001540       0x20 /mnt/e/sharespace/riscv/riscv64-unknown-elf-gcc-8.2.0-2019.05.3-x86_64-linux-ubuntu14/bin/../lib/gcc/riscv64-unknown-elf/8.2.0/rv32imafc/ilp32f/libgcc.a(_umoddi3.o)
 .debug_aranges
                0x0000000000001560       0x18 /mnt/e/sharespace/riscv/riscv64-unknown-elf-gcc-8.2.0-2019.05.3-x86_64-linux-ubuntu14/bin/../lib/gcc/riscv64-unknown-elf/8.2.0/rv32imafc/ilp32f/libgcc.a(_clz.o)

.debug_ranges   0x0000000000000000     0x1e88
 .debug_ranges  0x0000000000000000       0x10 out/ChipTest/Eflash_Loader/main.o
 .debug_ranges  0x0000000000000010      0x100 out/ChipTest/Eflash_Loader/bflb_eflash_loader_cmds.o
 .debug_ranges  0x0000000000000110       0x50 out/ChipTest/Eflash_Loader/bflb_eflash_loader_gpio.o
 .debug_ranges  0x0000000000000160       0x70 out/ChipTest/Eflash_Loader/bflb_eflash_loader_interface.o
 .debug_ranges  0x00000000000001d0       0x60 out/ChipTest/Eflash_Loader/bflb_eflash_loader_jlink.o
 .debug_ranges  0x0000000000000230      0x108 out/ChipTest/Eflash_Loader/bflb_eflash_loader_uart.o
 .debug_ranges  0x0000000000000338       0xa0 out/ChipTest/Eflash_Loader/bflb_spi_flash.o
 .debug_ranges  0x00000000000003d8       0x18 out/ChipTest/Eflash_Loader/bflb_efuse.o
 .debug_ranges  0x00000000000003f0       0x30 out/ChipTest/Eflash_Loader/bflb_set_clock.o
 .debug_ranges  0x0000000000000420       0x10 out/BSP_Common/libc/memcpy.o
 .debug_ranges  0x0000000000000430       0x10 out/BSP_Common/libc/memset.o
 .debug_ranges  0x0000000000000440       0x90 out/BSP_Common/libc/vsnprintf.o
 .debug_ranges  0x00000000000004d0       0x10 out/BSP_Common/libc/strlen.o
 .debug_ranges  0x00000000000004e0       0x20 out/startup/system_bl602.o
 .debug_ranges  0x0000000000000500       0x10 out/startup/GCC/start_load.o
 .debug_ranges  0x0000000000000510      0x1d8 out/startup/interrupt.o
 .debug_ranges  0x00000000000006e8       0x28 out/startup/GCC/entry.o
 .debug_ranges  0x0000000000000710       0x20 out/BSP_Driver/BL602_BSP_Driver/StdDriver/bl602_common.o
 .debug_ranges  0x0000000000000730      0x160 out/BSP_Driver/BL602_BSP_Driver/StdDriver/bl602_uart.o
 .debug_ranges  0x0000000000000890      0x1d0 out/BSP_Driver/BL602_BSP_Driver/StdDriver/bl602_glb.o
 .debug_ranges  0x0000000000000a60      0x278 out/BSP_Driver/BL602_BSP_Driver/StdDriver/bl602_ef_ctrl.o
 .debug_ranges  0x0000000000000cd8      0x158 out/BSP_Driver/BL602_BSP_Driver/StdDriver/bl602_hbn.o
 .debug_ranges  0x0000000000000e30      0x7d0 out/BSP_Driver/BL602_BSP_Driver/StdDriver/bl602_sec_eng.o
 .debug_ranges  0x0000000000001600      0x558 out/BSP_Driver/BL602_BSP_Driver/StdDriver/bl602_romapi.o
 .debug_ranges  0x0000000000001b58       0x18 out/BSP_Driver/BL602_BSP_Driver/StdDriver/bl602_sf_cfg_ext.o
 .debug_ranges  0x0000000000001b70      0x130 out/BSP_Driver/BL602_BSP_Driver/platform_print/platform_device.o
 .debug_ranges  0x0000000000001ca0       0x18 out/BSP_Driver/BL602_BSP_Driver/platform_print/platform_gpio.o
 .debug_ranges  0x0000000000001cb8      0x100 /mnt/e/sharespace/riscv/riscv64-unknown-elf-gcc-8.2.0-2019.05.3-x86_64-linux-ubuntu14/bin/../lib/gcc/riscv64-unknown-elf/8.2.0/rv32imafc/ilp32f/libgcc.a(_udivdi3.o)
 .debug_ranges  0x0000000000001db8       0xd0 /mnt/e/sharespace/riscv/riscv64-unknown-elf-gcc-8.2.0-2019.05.3-x86_64-linux-ubuntu14/bin/../lib/gcc/riscv64-unknown-elf/8.2.0/rv32imafc/ilp32f/libgcc.a(_umoddi3.o)

.debug_macro    0x0000000000000000    0x195f5
 .debug_macro   0x0000000000000000      0x20f out/ChipTest/Eflash_Loader/main.o
 .debug_macro   0x000000000000020f      0x79c out/ChipTest/Eflash_Loader/main.o
 .debug_macro   0x00000000000009ab      0x20a out/ChipTest/Eflash_Loader/main.o
 .debug_macro   0x0000000000000bb5      0x1f0 out/ChipTest/Eflash_Loader/main.o
 .debug_macro   0x0000000000000da5       0x88 out/ChipTest/Eflash_Loader/main.o
 .debug_macro   0x0000000000000e2d       0x52 out/ChipTest/Eflash_Loader/main.o
 .debug_macro   0x0000000000000e7f     0x163c out/ChipTest/Eflash_Loader/main.o
 .debug_macro   0x00000000000024bb      0xa68 out/ChipTest/Eflash_Loader/main.o
 .debug_macro   0x0000000000002f23       0x16 out/ChipTest/Eflash_Loader/main.o
 .debug_macro   0x0000000000002f39       0x58 out/ChipTest/Eflash_Loader/main.o
 .debug_macro   0x0000000000002f91       0x34 out/ChipTest/Eflash_Loader/main.o
 .debug_macro   0x0000000000002fc5       0x16 out/ChipTest/Eflash_Loader/main.o
 .debug_macro   0x0000000000002fdb       0x40 out/ChipTest/Eflash_Loader/main.o
 .debug_macro   0x000000000000301b       0x22 out/ChipTest/Eflash_Loader/main.o
 .debug_macro   0x000000000000303d       0x58 out/ChipTest/Eflash_Loader/main.o
 .debug_macro   0x0000000000003095     0x47b7 out/ChipTest/Eflash_Loader/main.o
 .debug_macro   0x000000000000784c     0x11f8 out/ChipTest/Eflash_Loader/main.o
 .debug_macro   0x0000000000008a44      0x7ba out/ChipTest/Eflash_Loader/main.o
 .debug_macro   0x00000000000091fe      0x36b out/ChipTest/Eflash_Loader/main.o
 .debug_macro   0x0000000000009569       0x4f out/ChipTest/Eflash_Loader/main.o
 .debug_macro   0x00000000000095b8      0xaec out/ChipTest/Eflash_Loader/main.o
 .debug_macro   0x000000000000a0a4     0x1a74 out/ChipTest/Eflash_Loader/main.o
 .debug_macro   0x000000000000bb18      0xd67 out/ChipTest/Eflash_Loader/main.o
 .debug_macro   0x000000000000c87f       0x3c out/ChipTest/Eflash_Loader/main.o
 .debug_macro   0x000000000000c8bb     0x2071 out/ChipTest/Eflash_Loader/main.o
 .debug_macro   0x000000000000e92c       0x66 out/ChipTest/Eflash_Loader/main.o
 .debug_macro   0x000000000000e992       0x19 out/ChipTest/Eflash_Loader/main.o
 .debug_macro   0x000000000000e9ab       0xb3 out/ChipTest/Eflash_Loader/main.o
 .debug_macro   0x000000000000ea5e       0x70 out/ChipTest/Eflash_Loader/main.o
 .debug_macro   0x000000000000eace       0x96 out/ChipTest/Eflash_Loader/main.o
 .debug_macro   0x000000000000eb64      0x100 out/ChipTest/Eflash_Loader/main.o
 .debug_macro   0x000000000000ec64     0x2c9b out/ChipTest/Eflash_Loader/main.o
 .debug_macro   0x00000000000118ff       0x66 out/ChipTest/Eflash_Loader/main.o
 .debug_macro   0x0000000000011965       0x5e out/ChipTest/Eflash_Loader/main.o
 .debug_macro   0x00000000000119c3       0xdc out/ChipTest/Eflash_Loader/main.o
 .debug_macro   0x0000000000011a9f       0x22 out/ChipTest/Eflash_Loader/main.o
 .debug_macro   0x0000000000011ac1       0x1c out/ChipTest/Eflash_Loader/main.o
 .debug_macro   0x0000000000011add      0x243 out/ChipTest/Eflash_Loader/bflb_eflash_loader_cmds.o
 .debug_macro   0x0000000000011d20       0xd6 out/ChipTest/Eflash_Loader/bflb_eflash_loader_cmds.o
 .debug_macro   0x0000000000011df6       0x28 out/ChipTest/Eflash_Loader/bflb_eflash_loader_cmds.o
 .debug_macro   0x0000000000011e1e      0x303 out/ChipTest/Eflash_Loader/bflb_eflash_loader_gpio.o
 .debug_macro   0x0000000000012121      0x216 out/ChipTest/Eflash_Loader/bflb_eflash_loader_interface.o
 .debug_macro   0x0000000000012337       0x16 out/ChipTest/Eflash_Loader/bflb_eflash_loader_interface.o
 .debug_macro   0x000000000001234d      0x202 out/ChipTest/Eflash_Loader/bflb_eflash_loader_jlink.o
 .debug_macro   0x000000000001254f       0x22 out/ChipTest/Eflash_Loader/bflb_eflash_loader_jlink.o
 .debug_macro   0x0000000000012571      0x217 out/ChipTest/Eflash_Loader/bflb_eflash_loader_uart.o
 .debug_macro   0x0000000000012788      0x200 out/ChipTest/Eflash_Loader/bflb_spi_flash.o